

__mocks__/@bam.tech/react-native-image-resizer.ts(10,7): error TS7006: Parameter '_quality' implicitly has an 'any' type.
__mocks__/@bam.tech/react-native-image-resizer.ts(11,7): error TS7006: Parameter '_rotation' implicitly has an 'any' type.
__mocks__/@bam.tech/react-native-image-resizer.ts(12,7): error TS7006: Parameter 'outputPath' implicitly has an 'any' type.
__mocks__/@bam.tech/react-native-image-resizer.ts(4,23): error TS2708: Cannot use namespace 'jest' as a value.
__mocks__/@bam.tech/react-native-image-resizer.ts(6,7): error TS7006: Parameter 'path' implicitly has an 'any' type.
__mocks__/@bam.tech/react-native-image-resizer.ts(7,7): error TS7006: Parameter '_maxWidth' implicitly has an 'any' type.
__mocks__/@bam.tech/react-native-image-resizer.ts(8,7): error TS7006: Parameter '_maxHeight' implicitly has an 'any' type.
__mocks__/@bam.tech/react-native-image-resizer.ts(9,7): error TS7006: Parameter '_compressFormat' implicitly has an 'any' type.
__mocks__/@react-native-camera-roll/camera-roll.ts(1,23): error TS2307: Cannot find module 'tests/helpers/faker' or its corresponding type declarations.
__mocks__/@react-native-camera-roll/camera-roll.ts(3,32): error TS2708: Cannot use namespace 'jest' as a value.
__mocks__/@react-native-camera-roll/camera-roll.ts(30,14): error TS2708: Cannot use namespace 'jest' as a value.
__mocks__/@react-native-camera-roll/camera-roll.ts(34,20): error TS7006: Parameter '_uri' implicitly has an 'any' type.
__mocks__/@react-native-camera-roll/camera-roll.ts(34,9): error TS2708: Cannot use namespace 'jest' as a value.
__mocks__/@react-native-camera-roll/camera-roll.ts(5,14): error TS2708: Cannot use namespace 'jest' as a value.
__mocks__/@react-native-camera-roll/camera-roll.ts(8,21): error TS2708: Cannot use namespace 'jest' as a value.
__mocks__/@react-native-clipboard/clipboard.ts(1,15): error TS7016: Could not find a declaration file for module '@react-native-clipboard/clipboard/jest/clipboard-mock'. 'node_modules/@react-native-clipboard/clipboard/jest/clipboard-mock.js' implicitly has an 'any' type. If the '@react-native-clipboard/clipboard' package actually exposes this module, try adding a new declaration (.d.ts) file containing `declare module '@react-native-clipboard/clipboard/jest/clipboard-mock';`
__mocks__/@react-native-community/geolocation.ts(2,23): error TS2708: Cannot use namespace 'jest' as a value.
__mocks__/@react-native-community/geolocation.ts(3,18): error TS2708: Cannot use namespace 'jest' as a value.
__mocks__/@react-native-community/geolocation.ts(4,15): error TS2708: Cannot use namespace 'jest' as a value.
__mocks__/@react-native-community/geolocation.ts(5,23): error TS2708: Cannot use namespace 'jest' as a value.
__mocks__/@react-navigation/native.ts(10,18): error TS2708: Cannot use namespace 'jest' as a value.
__mocks__/@react-navigation/native.ts(13,16): error TS2708: Cannot use namespace 'jest' as a value.
__mocks__/@react-navigation/native.ts(14,14): error TS2708: Cannot use namespace 'jest' as a value.
__mocks__/@react-navigation/native.ts(15,11): error TS2708: Cannot use namespace 'jest' as a value.
__mocks__/@react-navigation/native.ts(16,15): error TS2708: Cannot use namespace 'jest' as a value.
__mocks__/@react-navigation/native.ts(8,19): error TS2708: Cannot use namespace 'jest' as a value.
__mocks__/react-native-exception-handler.ts(1,26): error TS7006: Parameter 'error' implicitly has an 'any' type.
__mocks__/react-native-exception-handler.ts(11,30): error TS2554: Expected 1 arguments, but got 0.
__mocks__/react-native-exception-handler.ts(5,38): error TS2708: Cannot use namespace 'jest' as a value.
__mocks__/react-native-exception-handler.ts(7,30): error TS2554: Expected 1 arguments, but got 0.
__mocks__/react-native-exception-handler.ts(9,42): error TS2708: Cannot use namespace 'jest' as a value.
__mocks__/react-native-exif-reader.ts(1,25): error TS2708: Cannot use namespace 'jest' as a value.
__mocks__/react-native-exif-reader.ts(2,30): error TS2708: Cannot use namespace 'jest' as a value.
__mocks__/react-native-fs.ts(11,9): error TS2708: Cannot use namespace 'jest' as a value.
__mocks__/react-native-fs.ts(14,13): error TS2708: Cannot use namespace 'jest' as a value.
__mocks__/react-native-fs.ts(15,12): error TS2708: Cannot use namespace 'jest' as a value.
__mocks__/react-native-fs.ts(22,14): error TS2708: Cannot use namespace 'jest' as a value.
__mocks__/react-native-fs.ts(22,31): error TS7006: Parameter 'filePath' implicitly has an 'any' type.
__mocks__/react-native-fs.ts(22,41): error TS7006: Parameter 'contents' implicitly has an 'any' type.
__mocks__/react-native-fs.ts(22,51): error TS7006: Parameter '_encoding' implicitly has an 'any' type.
__mocks__/react-native-fs.ts(23,43): error TS2708: Cannot use namespace 'jest' as a value.
__mocks__/react-native-fs.ts(25,10): error TS2708: Cannot use namespace 'jest' as a value.
__mocks__/react-native-fs.ts(25,27): error TS7006: Parameter 'filepath' implicitly has an 'any' type.
__mocks__/react-native-fs.ts(25,37): error TS7006: Parameter '_options' implicitly has an 'any' type.
__mocks__/react-native-fs.ts(26,29): error TS2708: Cannot use namespace 'jest' as a value.
__mocks__/react-native-fs.ts(28,11): error TS2708: Cannot use namespace 'jest' as a value.
__mocks__/react-native-fs.ts(31,26): error TS2708: Cannot use namespace 'jest' as a value.
__mocks__/react-native-fs.ts(4,15): error TS2708: Cannot use namespace 'jest' as a value.
__mocks__/react-native-fs.ts(7,11): error TS2708: Cannot use namespace 'jest' as a value.
__mocks__/react-native-geocoder-reborn.ts(2,20): error TS2708: Cannot use namespace 'jest' as a value.
__mocks__/react-native-geocoder-reborn.ts(2,29): error TS7006: Parameter 'coord' implicitly has an 'any' type.
__mocks__/react-native-keyboard-aware-scroll-view.ts(4,28): error TS2708: Cannot use namespace 'jest' as a value.
__mocks__/react-native-keyboard-aware-scroll-view.ts(6,30): error TS7031: Binding element 'children' implicitly has an 'any' type.
__mocks__/react-native-orientation-locker.ts(1,43): error TS2708: Cannot use namespace 'jest' as a value.
__mocks__/react-native-orientation-locker.ts(4,19): error TS2708: Cannot use namespace 'jest' as a value.
__mocks__/react-native-orientation-locker.ts(5,26): error TS2708: Cannot use namespace 'jest' as a value.
__mocks__/react-native-paper.ts(1,21): error TS2708: Cannot use namespace 'jest' as a value.
__mocks__/react-native-paper.ts(4,15): error TS7031: Binding element 'children' implicitly has an 'any' type.
__mocks__/react-native-sensitive-info.ts(101,30): error TS2708: Cannot use namespace 'jest' as a value.
__mocks__/react-native-sensitive-info.ts(22,14): error TS2339: Property 'sharedPreferencesName' does not exist on type '{}'.
__mocks__/react-native-sensitive-info.ts(23,14): error TS2339: Property 'keychainService' does not exist on type '{}'.
__mocks__/react-native-sensitive-info.ts(27,26): error TS7006: Parameter 's' implicitly has an 'any' type.
__mocks__/react-native-sensitive-info.ts(28,72): error TS2554: Expected 0-1 arguments, but got 2.
__mocks__/react-native-sensitive-info.ts(31,27): error TS2708: Cannot use namespace 'jest' as a value.
__mocks__/react-native-sensitive-info.ts(36,27): error TS2708: Cannot use namespace 'jest' as a value.
__mocks__/react-native-sensitive-info.ts(40,20): error TS2708: Cannot use namespace 'jest' as a value.
__mocks__/react-native-sensitive-info.ts(40,37): error TS7006: Parameter 'k' implicitly has an 'any' type.
__mocks__/react-native-sensitive-info.ts(40,40): error TS7006: Parameter 'o' implicitly has an 'any' type.
__mocks__/react-native-sensitive-info.ts(50,24): error TS2708: Cannot use namespace 'jest' as a value.
__mocks__/react-native-sensitive-info.ts(50,39): error TS7006: Parameter 'o' implicitly has an 'any' type.
__mocks__/react-native-sensitive-info.ts(53,9): error TS7034: Variable 'mappedValues' implicitly has type 'any[]' in some locations where its type cannot be determined.
__mocks__/react-native-sensitive-info.ts(57,9): error TS2345: Argument of type '([key, value]: [any, any]) => { key: any; value: any; service: any; }' is not assignable to parameter of type '(value: unknown, index: number, array: unknown[]) => { key: any; value: any; service: any; }'. Types of parameters '__0' and 'value' are incompatible. Type 'unknown' is not assignable to type '[any, any]'.
__mocks__/react-native-sensitive-info.ts(61,12): error TS7005: Variable 'mappedValues' implicitly has an 'any[]' type.
__mocks__/react-native-sensitive-info.ts(64,20): error TS2708: Cannot use namespace 'jest' as a value.
__mocks__/react-native-sensitive-info.ts(64,37): error TS7006: Parameter 'k' implicitly has an 'any' type.
__mocks__/react-native-sensitive-info.ts(64,40): error TS7006: Parameter 'v' implicitly has an 'any' type.
__mocks__/react-native-sensitive-info.ts(64,43): error TS7006: Parameter 'o' implicitly has an 'any' type.
__mocks__/react-native-sensitive-info.ts(83,23): error TS2708: Cannot use namespace 'jest' as a value.
__mocks__/react-native-sensitive-info.ts(83,40): error TS7006: Parameter 'k' implicitly has an 'any' type.
__mocks__/react-native-sensitive-info.ts(83,43): error TS7006: Parameter 'o' implicitly has an 'any' type.
__mocks__/react-native-sensitive-info.ts(96,36): error TS2708: Cannot use namespace 'jest' as a value.
__mocks__/react-native-sensitive-info.ts(98,48): error TS2708: Cannot use namespace 'jest' as a value.
__mocks__/react-native-share-menu.ts(1,5): error TS7034: Variable 'mockShareData' implicitly has type 'any' in some locations where its type cannot be determined.
__mocks__/react-native-share-menu.ts(11,24): error TS2708: Cannot use namespace 'jest' as a value.
__mocks__/react-native-share-menu.ts(11,33): error TS7006: Parameter 'callback' implicitly has an 'any' type.
__mocks__/react-native-share-menu.ts(12,42): error TS2708: Cannot use namespace 'jest' as a value.
__mocks__/react-native-share-menu.ts(17,23): error TS7006: Parameter 'data' implicitly has an 'any' type.
__mocks__/react-native-share-menu.ts(2,5): error TS7034: Variable 'mockListeners' implicitly has type 'any[]' in some locations where its type cannot be determined.
__mocks__/react-native-share-menu.ts(21,22): error TS7006: Parameter 'data' implicitly has an 'any' type.
__mocks__/react-native-share-menu.ts(22,5): error TS7005: Variable 'mockListeners' implicitly has an 'any[]' type.
__mocks__/react-native-share-menu.ts(5,20): error TS2708: Cannot use namespace 'jest' as a value.
__mocks__/react-native-share-menu.ts(5,29): error TS7006: Parameter 'callback' implicitly has an 'any' type.
__mocks__/react-native-share-menu.ts(6,10): error TS7005: Variable 'mockShareData' implicitly has an 'any' type.
__mocks__/react-native-vision-camera.ts(15,29): error TS2708: Cannot use namespace 'jest' as a value.
__mocks__/react-native-vision-camera.ts(17,34): error TS2708: Cannot use namespace 'jest' as a value.
__mocks__/react-native-vision-camera.ts(7,8): error TS2307: Cannot find module 'tests/vision-camera/vision-camera' or its corresponding type declarations.
__mocks__/react-native-webview.ts(1,21): error TS2708: Cannot use namespace 'jest' as a value.
__mocks__/react-native-worklets-core.ts(1,31): error TS2708: Cannot use namespace 'jest' as a value.
__mocks__/react-native-worklets-core.ts(3,18): error TS2708: Cannot use namespace 'jest' as a value.
__mocks__/react-native-worklets-core.ts(5,21): error TS2708: Cannot use namespace 'jest' as a value.
__mocks__/vision-camera-plugin-inatvision.ts(1,39): error TS2708: Cannot use namespace 'jest' as a value.
__mocks__/vision-camera-plugin-inatvision.ts(5,42): error TS2708: Cannot use namespace 'jest' as a value.
__mocks__/vision-camera-plugin-inatvision.ts(6,34): error TS2708: Cannot use namespace 'jest' as a value.
__mocks__/vision-camera-plugin-inatvision.ts(7,35): error TS2708: Cannot use namespace 'jest' as a value.
__mocks__/vision-camera-plugin-inatvision.ts(8,32): error TS2708: Cannot use namespace 'jest' as a value.
__mocks__/vision-camera-plugin-inatvision.ts(8,41): error TS7006: Parameter 'location' implicitly has an 'any' type.
__mocks__/zustand.ts(7,5): error TS2708: Cannot use namespace 'jest' as a value.
> inaturalistreactnative@1.0.11 lint:tsc
> tsc --allowJs false --noEmit --pretty false
src/api/computerVision.ts(2,19): error TS7016: Could not find a declaration file for module 'realmModels/Taxon'. 'src/realmModels/Taxon.js' implicitly has an 'any' type.
src/api/error.ts(1,21): error TS7016: Could not find a declaration file for module '../../react-native-logs.config'. 'react-native-logs.config.js' implicitly has an 'any' type.
src/api/log.ts(27,30): error TS2314: Generic type 'transportFunctionType' requires 1 type argument(s).
src/api/log.ts(27,60): error TS7006: Parameter 'props' implicitly has an 'any' type.
src/components/About.tsx(30,26): error TS2345: Argument of type 'string' is not assignable to parameter of type 'never'.
src/components/About.tsx(39,26): error TS2345: Argument of type 'string' is not assignable to parameter of type 'never'.
src/components/About.tsx(48,26): error TS2345: Argument of type 'string' is not assignable to parameter of type 'never'.
src/components/AddObsModal/AddObsModal.tsx(10,25): error TS7016: Could not find a declaration file for module 'realmModels/Observation'. 'src/realmModels/Observation.js' implicitly has an 'any' type.
src/components/AddObsModal/AddObsModal.tsx(12,22): error TS7016: Could not find a declaration file for module 'stores/useStore'. 'src/stores/useStore.js' implicitly has an 'any' type.
src/components/AddObsModal/AddObsModal.tsx(51,36): error TS7006: Parameter 'state' implicitly has an 'any' type.
src/components/AddObsModal/AddObsModalHelp.tsx(11,25): error TS7016: Could not find a declaration file for module 'stores/useStore'. 'src/stores/useStore.js' implicitly has an 'any' type.
src/components/Camera/AICamera/AICameraButtons.tsx(16,27): error TS7016: Could not find a declaration file for module './AIDebugButton'. 'src/components/Camera/AICamera/AIDebugButton.js' implicitly has an 'any' type.
src/components/Camera/AICamera/hooks/usePredictions.ts(53,69): error TS2345: Argument of type 'unknown' is not assignable to parameter of type 'number'.
src/components/Camera/AICamera/hooks/usePredictions.ts(65,16): error TS2345: Argument of type '{ taxon: { rank_level: RANK_LEVEL; id: number; name: string; iconic_taxon_name: unknown; }; combined_score: number; timestamp: number; } | null' is not assignable to parameter of type 'SetStateAction<StoredResult | null>'. Type '{ taxon: { rank_level: RANK_LEVEL; id: number; name: string; iconic_taxon_name: unknown; }; combined_score: number; timestamp: number; }' is not assignable to type 'SetStateAction<StoredResult | null>'. The types of 'taxon.iconic_taxon_name' are incompatible between these types. Type 'unknown' is not assignable to type 'string'.
src/components/Camera/AICamera/SliderControl.tsx(44,9): error TS2769: No overload matches this call. Overload 1 of 2, '(props: SliderProps): Slider', gave the following error. Type '{ style: { readonly display: "flex"; readonly flexGrow: 1; readonly height: 44; }; minimumValue: number; maximumValue: number; minimumTrackTintColor: string; maximumTrackTintColor: string; ... 4 more ...; onValueChange: (changedValue: number) => void; }' is not assignable to type 'IntrinsicAttributes & IntrinsicClassAttributes<Slider> & Readonly<SliderProps>'. Property 'renderStepNumber' does not exist on type 'IntrinsicAttributes & IntrinsicClassAttributes<Slider> & Readonly<SliderProps>'. Overload 2 of 2, '(props: SliderProps, context: any): Slider', gave the following error. Type '{ style: { readonly display: "flex"; readonly flexGrow: 1; readonly height: 44; }; minimumValue: number; maximumValue: number; minimumTrackTintColor: string; maximumTrackTintColor: string; ... 4 more ...; onValueChange: (changedValue: number) => void; }' is not assignable to type 'IntrinsicAttributes & IntrinsicClassAttributes<Slider> & Readonly<SliderProps>'. Property 'renderStepNumber' does not exist on type 'IntrinsicAttributes & IntrinsicClassAttributes<Slider> & Readonly<SliderProps>'.
src/components/Camera/Buttons/GreenCheckmark.tsx(22,7): error TS2322: Type '(_event: GestureResponderEvent) => void' is not assignable to type '(_event?: GestureResponderEvent | undefined) => void'. Types of parameters '_event' and '_event' are incompatible. Type 'GestureResponderEvent | undefined' is not assignable to type 'GestureResponderEvent'. Type 'undefined' is not assignable to type 'NativeSyntheticEvent<NativeTouchEvent>'.
src/components/Camera/Buttons/GreenCheckmark.tsx(29,7): error TS2322: Type 'string' is not assignable to type 'number'.
src/components/Camera/Buttons/GreenCheckmark.tsx(30,7): error TS2322: Type 'string' is not assignable to type 'number'.
src/components/Camera/Buttons/PhotoLibraryIcon.tsx(43,22): error TS2339: Property 'push' does not exist on type 'Omit<NavigationProp<RootParamList>, "getState"> & { getState(): Readonly<{ key: string; index: number; routeNames: string[]; history?: unknown[] | undefined; routes: NavigationRoute<...>[]; type: string; stale: false; }> | undefined; }'.
src/components/Camera/Buttons/TakePhoto.tsx(8,27): error TS7016: Could not find a declaration file for module 'styles/global'. 'src/styles/global.js' implicitly has an 'any' type.
src/components/Camera/CameraContainer.tsx(130,31): error TS2339: Property 'addEvidence' does not exist on type 'object'.
src/components/Camera/CameraContainer.tsx(204,13): error TS2554: Expected 2 arguments, but got 1.
src/components/Camera/CameraContainer.tsx(21,21): error TS7016: Could not find a declaration file for module 'sharedHelpers/logger'. 'src/sharedHelpers/logger.js' implicitly has an 'any' type.
src/components/Camera/CameraContainer.tsx(25,22): error TS7016: Could not find a declaration file for module 'stores/useStore'. 'src/stores/useStore.js' implicitly has an 'any' type.
src/components/Camera/CameraContainer.tsx(261,11): error TS2554: Expected 2 arguments, but got 1.
src/components/Camera/CameraContainer.tsx(263,13): error TS2554: Expected 2 arguments, but got 1.
src/components/Camera/CameraContainer.tsx(270,50): error TS2345: Argument of type 'StoredResult | null | undefined' is not assignable to parameter of type 'StoredResult | null'. Type 'undefined' is not assignable to type 'StoredResult | null'.
src/components/Camera/CameraContainer.tsx(291,35): error TS2345: Argument of type 'UserLocation | null' is not assignable to parameter of type 'SetStateAction<null>'. Type 'UserLocation' is not assignable to type 'SetStateAction<null>'. Type 'UserLocation' provides no match for the signature '(prevState: null): null'.
src/components/Camera/CameraContainer.tsx(327,9): error TS2322: Type 'CameraDevice | undefined' is not assignable to type 'CameraDevice'. Type 'undefined' is not assignable to type 'CameraDevice'.
src/components/Camera/CameraContainer.tsx(329,9): error TS2322: Type '(newPhotoState: PhotoState, visionResult: StoredResult | null) => Promise<void>' is not assignable to type '() => void'.
src/components/Camera/CameraContainer.tsx(337,9): error TS2322: Type 'boolean | undefined' is not assignable to type 'boolean'. Type 'undefined' is not assignable to type 'boolean'.
src/components/Camera/CameraContainer.tsx(347,78): error TS2345: Argument of type 'UserLocation | null' is not assignable to parameter of type 'object'. Type 'null' is not assignable to type 'object'.
src/components/Camera/CameraContainer.tsx(348,17): error TS2554: Expected 2 arguments, but got 1.
src/components/Camera/CameraContainer.tsx(354,17): error TS2554: Expected 2 arguments, but got 1.
src/components/Camera/CameraContainer.tsx(355,17): error TS2554: Expected 2 arguments, but got 1.
src/components/Camera/CameraContainer.tsx(361,17): error TS2554: Expected 2 arguments, but got 1.
src/components/Camera/CameraContainer.tsx(362,17): error TS2554: Expected 2 arguments, but got 1.
src/components/Camera/CameraContainer.tsx(369,9): error TS2345: Argument of type '{ onRequestGranted: () => void; onRequestBlocked: () => void; onModalHide: () => Promise<void>; }' is not assignable to parameter of type 'LocationPermissionCallbacks'. Object literal may only specify known properties, and 'onRequestGranted' does not exist in type 'LocationPermissionCallbacks'.
src/components/Camera/CameraContainer.tsx(372,17): error TS2554: Expected 2 arguments, but got 1.
src/components/Camera/CameraContainer.tsx(61,40): error TS7006: Parameter 'state' implicitly has an 'any' type.
src/components/Camera/CameraContainer.tsx(62,36): error TS7006: Parameter 'state' implicitly has an 'any' type.
src/components/Camera/CameraContainer.tsx(63,35): error TS7006: Parameter 'state' implicitly has an 'any' type.
src/components/Camera/CameraContainer.tsx(64,32): error TS7006: Parameter 'state' implicitly has an 'any' type.
src/components/Camera/CameraContainer.tsx(65,34): error TS7006: Parameter 'state' implicitly has an 'any' type.
src/components/Camera/CameraContainer.tsx(66,37): error TS7006: Parameter 'state' implicitly has an 'any' type.
src/components/Camera/CameraContainer.tsx(67,38): error TS7006: Parameter 'state' implicitly has an 'any' type.
src/components/Camera/CameraContainer.tsx(68,41): error TS7006: Parameter 'state' implicitly has an 'any' type.
src/components/Camera/CameraContainer.tsx(69,39): error TS7006: Parameter 'state' implicitly has an 'any' type.
src/components/Camera/CameraContainer.tsx(72,30): error TS2339: Property 'camera' does not exist on type 'object'.
src/components/Camera/CameraContainer.tsx(79,50): error TS2554: Expected 2 arguments, but got 3.
src/components/Camera/CameraView.tsx(133,12): error TS2367: This comparison appears to be unintentional because the types 'PermissionError | ParameterError | DeviceError | FormatError | SessionError | SystemError | "unknown/unknown"' and '"frame-processor/unavailable"' have no overlap.
src/components/Camera/CameraView.tsx(165,9): error TS2322: Type '{ children: Element; gesture: SimultaneousGesture; className: string; }' is not assignable to type 'IntrinsicAttributes & GestureDetectorProps'. Property 'className' does not exist on type 'IntrinsicAttributes & GestureDetectorProps'.
src/components/Camera/CameraView.tsx(176,11): error TS2322: Type '(() => void) | undefined' is not assignable to type 'ReadonlyFrameProcessor | DrawableFrameProcessor | SharedValue<ReadonlyFrameProcessor | DrawableFrameProcessor | undefined> | undefined'. Type '() => void' is not assignable to type 'ReadonlyFrameProcessor | DrawableFrameProcessor | SharedValue<ReadonlyFrameProcessor | DrawableFrameProcessor | undefined> | undefined'.
src/components/Camera/CameraWithDevice.tsx(8,22): error TS7016: Could not find a declaration file for module './AICamera/AICamera'. 'src/components/Camera/AICamera/AICamera.js' implicitly has an 'any' type.
src/components/Camera/CameraWithDevice.tsx(9,28): error TS7016: Could not find a declaration file for module './StandardCamera/StandardCamera'. 'src/components/Camera/StandardCamera/StandardCamera.js' implicitly has an 'any' type.
src/components/Camera/FadeInOutView.tsx(11,14): error TS7006: Parameter 'value' implicitly has an 'any' type.
src/components/Camera/helpers/index.ts(4,21): error TS7016: Could not find a declaration file for module '../../../../react-native-logs.config'. 'react-native-logs.config.js' implicitly has an 'any' type.
src/components/Camera/helpers/savePhotosToPhotoLibrary.ts(11,21): error TS7016: Could not find a declaration file for module 'sharedHelpers/logger'. 'src/sharedHelpers/logger.js' implicitly has an 'any' type.
src/components/Camera/helpers/savePhotosToPhotoLibrary.ts(43,23): error TS2339: Property 'type' does not exist on type '{}'.
src/components/Camera/helpers/savePhotosToPhotoLibrary.ts(46,23): error TS2339: Property 'album' does not exist on type '{}'.
src/components/Camera/helpers/savePhotosToPhotoLibrary.ts(49,23): error TS2339: Property 'latitude' does not exist on type '{}'.
src/components/Camera/helpers/savePhotosToPhotoLibrary.ts(49,43): error TS2339: Property 'latitude' does not exist on type 'object'.
src/components/Camera/helpers/savePhotosToPhotoLibrary.ts(50,23): error TS2339: Property 'longitude' does not exist on type '{}'.
src/components/Camera/helpers/savePhotosToPhotoLibrary.ts(50,44): error TS2339: Property 'longitude' does not exist on type 'object'.
src/components/Camera/helpers/savePhotosToPhotoLibrary.ts(51,23): error TS2339: Property 'horizontalAccuracy' does not exist on type '{}'.
src/components/Camera/helpers/savePhotosToPhotoLibrary.ts(51,53): error TS2339: Property 'positional_accuracy' does not exist on type 'object'.
src/components/Camera/helpers/savePhotosToPhotoLibrary.ts(54,25): error TS2345: Argument of type 'string' is not assignable to parameter of type 'never'.
src/components/Camera/helpers/savePhotosToPhotoLibrary.ts(60,11): error TS18046: 'cameraRollSaveError' is of type 'unknown'.
src/components/Camera/helpers/savePhotosToPhotoLibrary.ts(61,14): error TS18046: 'cameraRollSaveError' is of type 'unknown'.
src/components/Camera/helpers/savePhotosToPhotoLibrary.ts(76,15): error TS18046: 'cameraRollSaveError' is of type 'unknown'.
src/components/Camera/hooks/usePrepareStoreAndNavigate.ts(118,5): error TS7006: Parameter 'addPhotoPermissionResult' implicitly has an 'any' type.
src/components/Camera/hooks/usePrepareStoreAndNavigate.ts(119,5): error TS7006: Parameter 'userLocation' implicitly has an 'any' type.
src/components/Camera/hooks/usePrepareStoreAndNavigate.ts(120,5): error TS7006: Parameter 'logStageIfAICamera' implicitly has an 'any' type.
src/components/Camera/hooks/usePrepareStoreAndNavigate.ts(13,22): error TS7016: Could not find a declaration file for module 'stores/useStore'. 'src/stores/useStore.js' implicitly has an 'any' type.
src/components/Camera/hooks/usePrepareStoreAndNavigate.ts(153,5): error TS7031: Binding element 'addPhotoPermissionResult' implicitly has an 'any' type.
src/components/Camera/hooks/usePrepareStoreAndNavigate.ts(154,5): error TS7031: Binding element 'userLocation' implicitly has an 'any' type.
src/components/Camera/hooks/usePrepareStoreAndNavigate.ts(155,5): error TS7031: Binding element 'newPhotoState' implicitly has an 'any' type.
src/components/Camera/hooks/usePrepareStoreAndNavigate.ts(156,5): error TS7031: Binding element 'logStageIfAICamera' implicitly has an 'any' type.
src/components/Camera/hooks/usePrepareStoreAndNavigate.ts(157,5): error TS7031: Binding element 'deleteStageIfAICamera' implicitly has an 'any' type.
src/components/Camera/hooks/usePrepareStoreAndNavigate.ts(158,5): error TS7031: Binding element 'visionResult' implicitly has an 'any' type.
src/components/Camera/hooks/usePrepareStoreAndNavigate.ts(185,25): error TS2339: Property 'push' does not exist on type 'Omit<NavigationProp<RootParamList>, "getState"> & { getState(): Readonly<{ key: string; index: number; routeNames: string[]; history?: unknown[] | undefined; routes: NavigationRoute<...>[]; type: string; stale: false; }> | undefined; }'.
src/components/Camera/hooks/usePrepareStoreAndNavigate.ts(191,23): error TS2339: Property 'push' does not exist on type 'Omit<NavigationProp<RootParamList>, "getState"> & { getState(): Readonly<{ key: string; index: number; routeNames: string[]; history?: unknown[] | undefined; routes: NavigationRoute<...>[]; type: string; stale: false; }> | undefined; }'.
src/components/Camera/hooks/usePrepareStoreAndNavigate.ts(2,34): error TS7016: Could not find a declaration file for module 'components/Camera/hooks/useDeviceStorageFull'. 'src/components/Camera/hooks/useDeviceStorageFull.js' implicitly has an 'any' type.
src/components/Camera/hooks/usePrepareStoreAndNavigate.ts(20,31): error TS2339: Property 'addEvidence' does not exist on type 'object'.
src/components/Camera/hooks/usePrepareStoreAndNavigate.ts(21,37): error TS7006: Parameter 'state' implicitly has an 'any' type.
src/components/Camera/hooks/usePrepareStoreAndNavigate.ts(22,40): error TS7006: Parameter 'state' implicitly has an 'any' type.
src/components/Camera/hooks/usePrepareStoreAndNavigate.ts(23,35): error TS7006: Parameter 'state' implicitly has an 'any' type.
src/components/Camera/hooks/usePrepareStoreAndNavigate.ts(24,32): error TS7006: Parameter 'state' implicitly has an 'any' type.
src/components/Camera/hooks/usePrepareStoreAndNavigate.ts(25,40): error TS7006: Parameter 'state' implicitly has an 'any' type.
src/components/Camera/hooks/usePrepareStoreAndNavigate.ts(26,39): error TS7006: Parameter 'state' implicitly has an 'any' type.
src/components/Camera/hooks/usePrepareStoreAndNavigate.ts(27,45): error TS7006: Parameter 'state' implicitly has an 'any' type.
src/components/Camera/hooks/usePrepareStoreAndNavigate.ts(28,34): error TS7006: Parameter 'state' implicitly has an 'any' type.
src/components/Camera/hooks/usePrepareStoreAndNavigate.ts(29,36): error TS7006: Parameter 'state' implicitly has an 'any' type.
src/components/Camera/hooks/usePrepareStoreAndNavigate.ts(30,36): error TS7006: Parameter 'state' implicitly has an 'any' type.
src/components/Camera/hooks/usePrepareStoreAndNavigate.ts(31,41): error TS7006: Parameter 'state' implicitly has an 'any' type.
src/components/Camera/hooks/usePrepareStoreAndNavigate.ts(39,5): error TS7006: Parameter 'uris' implicitly has an 'any' type.
src/components/Camera/hooks/usePrepareStoreAndNavigate.ts(40,5): error TS7006: Parameter 'addPhotoPermissionResult' implicitly has an 'any' type.
src/components/Camera/hooks/usePrepareStoreAndNavigate.ts(41,5): error TS7006: Parameter 'userLocation' implicitly has an 'any' type.
src/components/Camera/hooks/usePrepareStoreAndNavigate.ts(42,5): error TS7006: Parameter 'logStageIfAICamera' implicitly has an 'any' type.
src/components/Camera/hooks/usePrepareStoreAndNavigate.ts(6,25): error TS7016: Could not find a declaration file for module 'realmModels/Observation'. 'src/realmModels/Observation.js' implicitly has an 'any' type.
src/components/Camera/hooks/usePrepareStoreAndNavigate.ts(75,5): error TS7006: Parameter 'uris' implicitly has an 'any' type.
src/components/Camera/hooks/usePrepareStoreAndNavigate.ts(76,5): error TS7006: Parameter 'addPhotoPermissionResult' implicitly has an 'any' type.
src/components/Camera/hooks/usePrepareStoreAndNavigate.ts(77,5): error TS7006: Parameter 'userLocation' implicitly has an 'any' type.
src/components/Camera/hooks/usePrepareStoreAndNavigate.ts(78,5): error TS7006: Parameter 'logStageIfAICamera' implicitly has an 'any' type.
src/components/Camera/hooks/usePrepareStoreAndNavigate.ts(79,5): error TS7006: Parameter 'visionResult' implicitly has an 'any' type.
src/components/Camera/hooks/useSavePhotoPermission.tsx(52,9): error TS2322: Type '{ permissionNeeded: true; withoutNavigation: true; onModalHide: () => void; onPhotoPermissionGranted: () => void; onPhotoPermissionBlocked: () => void; }' is not assignable to type 'IntrinsicAttributes & Props'. Property 'withoutNavigation' does not exist on type 'IntrinsicAttributes & Props'.
src/components/Camera/hooks/useZoom.ts(98,21): error TS2362: The left-hand side of an arithmetic operation must be of type 'any', 'number', 'bigint' or an enum type.
src/components/Camera/hooks/useZoom.ts(98,50): error TS2362: The left-hand side of an arithmetic operation must be of type 'any', 'number', 'bigint' or an enum type.
src/components/Camera/SavePhotoPermissionGate.tsx(22,6): error TS2786: 'PermissionGateContainer' cannot be used as a JSX component. Its return type 'string | number | bigint | true | Element | Iterable<ReactNode> | Promise<AwaitedReactNode> | null' is not a valid JSX element.
src/components/Camera/StandardCamera/hooks/useBackPress.ts(14,31): error TS2554: Expected 1 arguments, but got 0.
src/components/Camera/StandardCamera/hooks/useBackPress.ts(23,34): error TS2339: Property 'addEvidence' does not exist on type 'object'.
src/components/Camera/StandardCamera/hooks/useBackPress.ts(24,30): error TS2769: No overload matches this call. Overload 1 of 2, '(...args: never): void', gave the following error. Argument of type 'string' is not assignable to parameter of type 'never'. Overload 2 of 2, '(options: never): void', gave the following error. Argument of type 'string' is not assignable to parameter of type 'never'.
src/components/Camera/StandardCamera/PhotoCarousel.tsx(128,11): error TS7031: Binding element 'photoUri' implicitly has an 'any' type.
src/components/Camera/StandardCamera/PhotoCarousel.tsx(129,5): error TS7031: Binding element 'index' implicitly has an 'any' type.
src/components/Camera/StandardCamera/PhotoCarousel.tsx(2,30): error TS7016: Could not find a declaration file for module 'components/MediaViewer/MediaViewerModal'. 'src/components/MediaViewer/MediaViewerModal.js' implicitly has an 'any' type.
src/components/Camera/StandardCamera/PhotoCarousel.tsx(20,22): error TS7016: Could not find a declaration file for module 'stores/useStore'. 'src/stores/useStore.js' implicitly has an 'any' type.
src/components/Camera/StandardCamera/PhotoCarousel.tsx(225,31): error TS2749: 'View' refers to a value, but is being used as a type here. Did you mean 'typeof View'?
src/components/Camera/StandardCamera/PhotoCarousel.tsx(247,13): error TS7006: Parameter '_x' implicitly has an 'any' type.
src/components/Camera/StandardCamera/PhotoCarousel.tsx(247,17): error TS7006: Parameter '_y' implicitly has an 'any' type.
src/components/Camera/StandardCamera/PhotoCarousel.tsx(247,21): error TS7006: Parameter 'w' implicitly has an 'any' type.
src/components/Camera/StandardCamera/PhotoCarousel.tsx(247,24): error TS7006: Parameter 'h' implicitly has an 'any' type.
src/components/Camera/StandardCamera/PhotoCarousel.tsx(247,27): error TS7006: Parameter 'pageX' implicitly has an 'any' type.
src/components/Camera/StandardCamera/PhotoCarousel.tsx(247,34): error TS7006: Parameter 'pageY' implicitly has an 'any' type.
src/components/Camera/StandardCamera/PhotoCarousel.tsx(266,15): error TS2322: Type '{ children: Element; visible: true; onBackdropPress: () => void; backdropOpacity: number; style: { margin: number; position: "relative"; }; }' is not assignable to type 'IntrinsicAttributes & IntrinsicClassAttributes<ReactNativeModal> & Pick<Readonly<ModalProps>, keyof ViewProps | ... 10 more ... | "useNativeDriverForBackdrop"> & InexactPartial<...> & InexactPartial<...>'. Property 'visible' does not exist on type 'IntrinsicAttributes & IntrinsicClassAttributes<ReactNativeModal> & Pick<Readonly<ModalProps>, keyof ViewProps | ... 10 more ... | "useNativeDriverForBackdrop"> & InexactPartial<...> & InexactPartial<...>'. Did you mean 'isVisible'?
src/components/Camera/StandardCamera/PhotoCarousel.tsx(60,48): error TS7006: Parameter 'state' implicitly has an 'any' type.
src/components/Camera/StandardCamera/PhotoPreview.tsx(88,22): error TS2322: Type '{ width?: string | number | undefined; height?: number | undefined; }' is not assignable to type 'ViewStyle | Falsy | RegisteredStyle<ViewStyle> | RecursiveArray<ViewStyle | Falsy | RegisteredStyle<ViewStyle>> | readonly (ViewStyle | ... 1 more ... | RegisteredStyle<...>)[]'. Type '{ width?: string | number | undefined; height?: number | undefined; }' is not assignable to type 'ViewStyle'. Types of property 'width' are incompatible. Type 'string | number | undefined' is not assignable to type 'DimensionValue | undefined'. Type 'string' is not assignable to type 'DimensionValue | undefined'.
src/components/Camera/StandardCamera/PhotoPreview.tsx(96,15): error TS2322: Type '{ value: number; } | undefined' is not assignable to type 'SharedValue<number> | undefined'. Type '{ value: number; }' is missing the following properties from type 'SharedValue<number>': get, set, addListener, removeListener, modify
src/components/Camera/TabletButtons.tsx(123,9): error TS2322: Type '{ handleZoomButtonPress: (_event: GestureResponderEvent) => void; zoomTextValue: string; showZoomButton: boolean; rotatableAnimatedStyle: ViewStyle; zoomClassName: string; }' is not assignable to type 'IntrinsicAttributes & Props'. Property 'showZoomButton' does not exist on type 'IntrinsicAttributes & Props'.
src/components/Camera/TabletButtons.tsx(162,11): error TS2322: Type '((_event: GestureResponderEvent) => void) | undefined' is not assignable to type '(() => void) | undefined'. Type '(_event: GestureResponderEvent) => void' is not assignable to type '() => void'.
src/components/Developer/Developer.tsx(140,47): error TS2769: No overload matches this call. Overload 1 of 2, '(...args: never): void', gave the following error. Argument of type 'string' is not assignable to parameter of type 'never'. Overload 2 of 2, '(options: never): void', gave the following error. Argument of type 'string' is not assignable to parameter of type 'never'.
src/components/Developer/Developer.tsx(145,47): error TS2769: No overload matches this call. Overload 1 of 2, '(...args: never): void', gave the following error. Argument of type 'string' is not assignable to parameter of type 'never'. Overload 2 of 2, '(options: never): void', gave the following error. Argument of type 'string' is not assignable to parameter of type 'never'.
src/components/Developer/Developer.tsx(153,53): error TS2769: No overload matches this call. Overload 1 of 2, '(...args: never): void', gave the following error. Argument of type 'string' is not assignable to parameter of type 'never'. Overload 2 of 2, '(options: never): void', gave the following error. Argument of type 'string' is not assignable to parameter of type 'never'.
src/components/Developer/Developer.tsx(18,21): error TS7016: Could not find a declaration file for module 'sharedHooks/useLogs'. 'src/sharedHooks/useLogs.js' implicitly has an 'any' type.
src/components/ErrorBoundary.tsx(15,21): error TS7016: Could not find a declaration file for module 'sharedHelpers/logger'. 'src/sharedHelpers/logger.js' implicitly has an 'any' type.
src/components/Explore/MapView.tsx(120,24): error TS2339: Property 'animateToRegion' does not exist on type 'never'.
src/components/Explore/MapView.tsx(126,22): error TS2339: Property 'animateToRegion' does not exist on type 'never'.
src/components/Explore/MapView.tsx(132,24): error TS2339: Property 'animateToRegion' does not exist on type 'never'.
src/components/Explore/MapView.tsx(145,50): error TS2339: Property 'getMapBoundaries' does not exist on type 'never'.
src/components/Explore/MapView.tsx(16,27): error TS7016: Could not find a declaration file for module 'styles/global'. 'src/styles/global.js' implicitly has an 'any' type.
src/components/Explore/MapView.tsx(166,9): error TS2322: Type '{ latitude: number | undefined; longitude: number | undefined; latitudeDelta: number; longitudeDelta: number; }' is not assignable to type 'Region'. Type '{ latitude: number | undefined; longitude: number | undefined; latitudeDelta: number; longitudeDelta: number; }' is not assignable to type 'LatLng'. Types of property 'latitude' are incompatible. Type 'number | undefined' is not assignable to type 'number'. Type 'undefined' is not assignable to type 'number'.
src/components/Explore/MapView.tsx(229,15): error TS2322: Type '{ position: string; top: string; left: string; transform: ({ translateX: number; translateY?: undefined; } | { translateY: number; translateX?: undefined; })[]; backgroundColor: string; alignItems: string; justifyContent: string; zIndex: number; }' is not assignable to type 'StyleProp<ViewStyle>'. Type '{ position: string; top: string; left: string; transform: ({ translateX: number; translateY?: undefined; } | { translateY: number; translateX?: undefined; })[]; backgroundColor: string; alignItems: string; justifyContent: string; zIndex: number; }' is not assignable to type 'ViewStyle'. Types of property 'alignItems' are incompatible. Type 'string' is not assignable to type 'FlexAlignType | undefined'.
src/components/Explore/Modals/ExploreTaxonSearchModal.tsx(3,32): error TS7016: Could not find a declaration file for module 'components/Explore/SearchScreens/ExploreTaxonSearch'. 'src/components/Explore/SearchScreens/ExploreTaxonSearch.js' implicitly has an 'any' type.
src/components/Explore/Modals/ExploreTaxonSearchModal.tsx(35,24): error TS2339: Property 'push' does not exist on type 'Omit<NavigationProp<RootParamList>, "getState"> & { getState(): Readonly<{ key: string; index: number; routeNames: string[]; history?: unknown[] | undefined; routes: NavigationRoute<...>[]; type: string; stale: false; }> | undefined; }'.
src/components/Explore/Modals/ExploreUserSearchModal.tsx(1,31): error TS7016: Could not find a declaration file for module 'components/Explore/SearchScreens/ExploreUserSearch'. 'src/components/Explore/SearchScreens/ExploreUserSearch.js' implicitly has an 'any' type.
src/components/Explore/Modals/FilterModal.tsx(1027,18): error TS2741: Property 'accessibilityLabel' is missing in type '{ text: any; isChecked: boolean; onPress: () => void; }' but required in type 'Props'.
src/components/Explore/Modals/FilterModal.tsx(1028,25): error TS7053: Element implicitly has an 'any' type because expression of type 'string' can't be used to index type '{ 1: { label: string; value: number; }; 2: { label: string; value: number; }; 3: { label: string; value: number; }; 4: { label: string; value: number; }; 5: { label: string; value: number; }; 6: { label: string; value: number; }; ... 5 more ...; 12: { ...; }; }'. No index signature with a parameter of type 'string' was found on type '{ 1: { label: string; value: number; }; 2: { label: string; value: number; }; 3: { label: string; value: number; }; 4: { label: string; value: number; }; 5: { label: string; value: number; }; 6: { label: string; value: number; }; ... 5 more ...; 12: { ...; }; }'.
src/components/Explore/Modals/FilterModal.tsx(1029,30): error TS18049: 'months' is possibly 'null' or 'undefined'.
src/components/Explore/Modals/FilterModal.tsx(1029,47): error TS7053: Element implicitly has an 'any' type because expression of type 'string' can't be used to index type '{ 1: { label: string; value: number; }; 2: { label: string; value: number; }; 3: { label: string; value: number; }; 4: { label: string; value: number; }; 5: { label: string; value: number; }; 6: { label: string; value: number; }; ... 5 more ...; 12: { ...; }; }'. No index signature with a parameter of type 'string' was found on type '{ 1: { label: string; value: number; }; 2: { label: string; value: number; }; 3: { label: string; value: number; }; 4: { label: string; value: number; }; 5: { label: string; value: number; }; 6: { label: string; value: number; }; ... 5 more ...; 12: { ...; }; }'.
src/components/Explore/Modals/FilterModal.tsx(1030,56): error TS7053: Element implicitly has an 'any' type because expression of type 'string' can't be used to index type '{ 1: { label: string; value: number; }; 2: { label: string; value: number; }; 3: { label: string; value: number; }; 4: { label: string; value: number; }; 5: { label: string; value: number; }; 6: { label: string; value: number; }; ... 5 more ...; 12: { ...; }; }'. No index signature with a parameter of type 'string' was found on type '{ 1: { label: string; value: number; }; 2: { label: string; value: number; }; 3: { label: string; value: number; }; 4: { label: string; value: number; }; 5: { label: string; value: number; }; 6: { label: string; value: number; }; ... 5 more ...; 12: { ...; }; }'.
src/components/Explore/Modals/FilterModal.tsx(1063,61): error TS2345: Argument of type '{ newDateUploaded: DATE_UPLOADED; newD1: string; }' is not assignable to parameter of type '{ newDateUploaded: any; newD1: any; newD2: any; }'. Property 'newD2' is missing in type '{ newDateUploaded: DATE_UPLOADED; newD1: string; }' but required in type '{ newDateUploaded: any; newD1: any; newD2: any; }'.
src/components/Explore/Modals/FilterModal.tsx(1132,26): error TS7053: Element implicitly has an 'any' type because expression of type 'string' can't be used to index type '{ ALL: { label: string; value: MEDIA; }; PHOTOS: { label: string; value: MEDIA; }; SOUNDS: { label: string; value: MEDIA; }; NONE: { label: string; value: MEDIA; }; }'. No index signature with a parameter of type 'string' was found on type '{ ALL: { label: string; value: MEDIA; }; PHOTOS: { label: string; value: MEDIA; }; SOUNDS: { label: string; value: MEDIA; }; NONE: { label: string; value: MEDIA; }; }'.
src/components/Explore/Modals/FilterModal.tsx(1133,28): error TS7053: Element implicitly has an 'any' type because expression of type 'string' can't be used to index type '{ ALL: { label: string; value: MEDIA; }; PHOTOS: { label: string; value: MEDIA; }; SOUNDS: { label: string; value: MEDIA; }; NONE: { label: string; value: MEDIA; }; }'. No index signature with a parameter of type 'string' was found on type '{ ALL: { label: string; value: MEDIA; }; PHOTOS: { label: string; value: MEDIA; }; SOUNDS: { label: string; value: MEDIA; }; NONE: { label: string; value: MEDIA; }; }'.
src/components/Explore/Modals/FilterModal.tsx(1136,28): error TS7053: Element implicitly has an 'any' type because expression of type 'string' can't be used to index type '{ ALL: { label: string; value: MEDIA; }; PHOTOS: { label: string; value: MEDIA; }; SOUNDS: { label: string; value: MEDIA; }; NONE: { label: string; value: MEDIA; }; }'. No index signature with a parameter of type 'string' was found on type '{ ALL: { label: string; value: MEDIA; }; PHOTOS: { label: string; value: MEDIA; }; SOUNDS: { label: string; value: MEDIA; }; NONE: { label: string; value: MEDIA; }; }'.
src/components/Explore/Modals/FilterModal.tsx(1138,26): error TS7053: Element implicitly has an 'any' type because expression of type 'string' can't be used to index type '{ ALL: { label: string; value: MEDIA; }; PHOTOS: { label: string; value: MEDIA; }; SOUNDS: { label: string; value: MEDIA; }; NONE: { label: string; value: MEDIA; }; }'. No index signature with a parameter of type 'string' was found on type '{ ALL: { label: string; value: MEDIA; }; PHOTOS: { label: string; value: MEDIA; }; SOUNDS: { label: string; value: MEDIA; }; NONE: { label: string; value: MEDIA; }; }'.
src/components/Explore/Modals/FilterModal.tsx(1151,26): error TS7053: Element implicitly has an 'any' type because expression of type 'string' can't be used to index type '{ ANY: { label: string; value: ESTABLISHMENT_MEAN; }; INTRODUCED: { label: string; value: ESTABLISHMENT_MEAN; }; NATIVE: { label: string; value: ESTABLISHMENT_MEAN; }; ENDEMIC: { ...; }; }'. No index signature with a parameter of type 'string' was found on type '{ ANY: { label: string; value: ESTABLISHMENT_MEAN; }; INTRODUCED: { label: string; value: ESTABLISHMENT_MEAN; }; NATIVE: { label: string; value: ESTABLISHMENT_MEAN; }; ENDEMIC: { ...; }; }'.
src/components/Explore/Modals/FilterModal.tsx(1153,21): error TS7053: Element implicitly has an 'any' type because expression of type 'string' can't be used to index type '{ ANY: { label: string; value: ESTABLISHMENT_MEAN; }; INTRODUCED: { label: string; value: ESTABLISHMENT_MEAN; }; NATIVE: { label: string; value: ESTABLISHMENT_MEAN; }; ENDEMIC: { ...; }; }'. No index signature with a parameter of type 'string' was found on type '{ ANY: { label: string; value: ESTABLISHMENT_MEAN; }; INTRODUCED: { label: string; value: ESTABLISHMENT_MEAN; }; NATIVE: { label: string; value: ESTABLISHMENT_MEAN; }; ENDEMIC: { ...; }; }'.
src/components/Explore/Modals/FilterModal.tsx(1159,21): error TS7053: Element implicitly has an 'any' type because expression of type 'string' can't be used to index type '{ ANY: { label: string; value: ESTABLISHMENT_MEAN; }; INTRODUCED: { label: string; value: ESTABLISHMENT_MEAN; }; NATIVE: { label: string; value: ESTABLISHMENT_MEAN; }; ENDEMIC: { ...; }; }'. No index signature with a parameter of type 'string' was found on type '{ ANY: { label: string; value: ESTABLISHMENT_MEAN; }; INTRODUCED: { label: string; value: ESTABLISHMENT_MEAN; }; NATIVE: { label: string; value: ESTABLISHMENT_MEAN; }; ENDEMIC: { ...; }; }'.
src/components/Explore/Modals/FilterModal.tsx(1161,26): error TS7053: Element implicitly has an 'any' type because expression of type 'string' can't be used to index type '{ ANY: { label: string; value: ESTABLISHMENT_MEAN; }; INTRODUCED: { label: string; value: ESTABLISHMENT_MEAN; }; NATIVE: { label: string; value: ESTABLISHMENT_MEAN; }; ENDEMIC: { ...; }; }'. No index signature with a parameter of type 'string' was found on type '{ ANY: { label: string; value: ESTABLISHMENT_MEAN; }; INTRODUCED: { label: string; value: ESTABLISHMENT_MEAN; }; NATIVE: { label: string; value: ESTABLISHMENT_MEAN; }; ENDEMIC: { ...; }; }'.
src/components/Explore/Modals/FilterModal.tsx(1174,26): error TS7053: Element implicitly has an 'any' type because expression of type 'string' can't be used to index type '{ ALL: { label: string; value: WILD_STATUS; }; WILD: { label: string; value: WILD_STATUS; }; CAPTIVE: { label: string; value: WILD_STATUS; }; }'. No index signature with a parameter of type 'string' was found on type '{ ALL: { label: string; value: WILD_STATUS; }; WILD: { label: string; value: WILD_STATUS; }; CAPTIVE: { label: string; value: WILD_STATUS; }; }'.
src/components/Explore/Modals/FilterModal.tsx(1175,28): error TS7053: Element implicitly has an 'any' type because expression of type 'string' can't be used to index type '{ ALL: { label: string; value: WILD_STATUS; }; WILD: { label: string; value: WILD_STATUS; }; CAPTIVE: { label: string; value: WILD_STATUS; }; }'. No index signature with a parameter of type 'string' was found on type '{ ALL: { label: string; value: WILD_STATUS; }; WILD: { label: string; value: WILD_STATUS; }; CAPTIVE: { label: string; value: WILD_STATUS; }; }'.
src/components/Explore/Modals/FilterModal.tsx(1178,33): error TS7053: Element implicitly has an 'any' type because expression of type 'string' can't be used to index type '{ ALL: { label: string; value: WILD_STATUS; }; WILD: { label: string; value: WILD_STATUS; }; CAPTIVE: { label: string; value: WILD_STATUS; }; }'. No index signature with a parameter of type 'string' was found on type '{ ALL: { label: string; value: WILD_STATUS; }; WILD: { label: string; value: WILD_STATUS; }; CAPTIVE: { label: string; value: WILD_STATUS; }; }'.
src/components/Explore/Modals/FilterModal.tsx(1180,26): error TS7053: Element implicitly has an 'any' type because expression of type 'string' can't be used to index type '{ ALL: { label: string; value: WILD_STATUS; }; WILD: { label: string; value: WILD_STATUS; }; CAPTIVE: { label: string; value: WILD_STATUS; }; }'. No index signature with a parameter of type 'string' was found on type '{ ALL: { label: string; value: WILD_STATUS; }; WILD: { label: string; value: WILD_STATUS; }; CAPTIVE: { label: string; value: WILD_STATUS; }; }'.
src/components/Explore/Modals/FilterModal.tsx(1195,28): error TS7053: Element implicitly has an 'any' type because expression of type 'string' can't be used to index type '{ ALL: { label: string; value: REVIEWED; }; REVIEWED: { label: string; value: REVIEWED; }; UNREVIEWED: { label: string; value: REVIEWED; }; }'. No index signature with a parameter of type 'string' was found on type '{ ALL: { label: string; value: REVIEWED; }; REVIEWED: { label: string; value: REVIEWED; }; UNREVIEWED: { label: string; value: REVIEWED; }; }'.
src/components/Explore/Modals/FilterModal.tsx(1196,30): error TS7053: Element implicitly has an 'any' type because expression of type 'string' can't be used to index type '{ ALL: { label: string; value: REVIEWED; }; REVIEWED: { label: string; value: REVIEWED; }; UNREVIEWED: { label: string; value: REVIEWED; }; }'. No index signature with a parameter of type 'string' was found on type '{ ALL: { label: string; value: REVIEWED; }; REVIEWED: { label: string; value: REVIEWED; }; UNREVIEWED: { label: string; value: REVIEWED; }; }'.
src/components/Explore/Modals/FilterModal.tsx(1199,39): error TS7053: Element implicitly has an 'any' type because expression of type 'string' can't be used to index type '{ ALL: { label: string; value: REVIEWED; }; REVIEWED: { label: string; value: REVIEWED; }; UNREVIEWED: { label: string; value: REVIEWED; }; }'. No index signature with a parameter of type 'string' was found on type '{ ALL: { label: string; value: REVIEWED; }; REVIEWED: { label: string; value: REVIEWED; }; UNREVIEWED: { label: string; value: REVIEWED; }; }'.
src/components/Explore/Modals/FilterModal.tsx(1201,28): error TS7053: Element implicitly has an 'any' type because expression of type 'string' can't be used to index type '{ ALL: { label: string; value: REVIEWED; }; REVIEWED: { label: string; value: REVIEWED; }; UNREVIEWED: { label: string; value: REVIEWED; }; }'. No index signature with a parameter of type 'string' was found on type '{ ALL: { label: string; value: REVIEWED; }; REVIEWED: { label: string; value: REVIEWED; }; UNREVIEWED: { label: string; value: REVIEWED; }; }'.
src/components/Explore/Modals/FilterModal.tsx(1230,11): error TS2322: Type '{ disabled: boolean; level: string; text: string; onPress: () => void; accessibilityLabel: string; accessibilityState: { disabled: boolean; }; }' is not assignable to type 'IntrinsicAttributes & ButtonProps'. Property 'accessibilityState' does not exist on type 'IntrinsicAttributes & ButtonProps'. Did you mean 'accessibilityLabel'?
src/components/Explore/Modals/FilterModal.tsx(1241,15): error TS2322: Type 'string' is not assignable to type 'SORT_BY'.
src/components/Explore/Modals/FilterModal.tsx(1254,20): error TS7006: Parameter 'newRank' implicitly has an 'any' type.
src/components/Explore/Modals/FilterModal.tsx(1270,20): error TS7006: Parameter 'newRank' implicitly has an 'any' type.
src/components/Explore/Modals/FilterModal.tsx(1287,33): error TS2345: Argument of type '{ newDateUploaded: string; }' is not assignable to parameter of type '{ newDateUploaded: any; newD1: any; newD2: any; }'. Type '{ newDateUploaded: string; }' is missing the following properties from type '{ newDateUploaded: any; newD1: any; newD2: any; }': newD1, newD2
src/components/Explore/Modals/FilterModal.tsx(1300,33): error TS2345: Argument of type '{ newDateObserved: string; }' is not assignable to parameter of type '{ newDateObserved: any; newObservedOn: any; newD1: any; newD2: any; newMonths: any; }'. Type '{ newDateObserved: string; }' is missing the following properties from type '{ newDateObserved: any; newObservedOn: any; newD1: any; newD2: any; newMonths: any; }': newObservedOn, newD1, newD2, newMonths
src/components/Explore/Modals/FilterModal.tsx(1315,15): error TS2322: Type 'string' is not assignable to type 'PHOTO_LICENSE'.
src/components/Explore/Modals/FilterModal.tsx(1326,10): error TS2741: Property 'loading' is missing in type '{ onPressClose: () => void; confirm: () => void; headerText: string; text: string; buttonText: string; handleSecondButtonPress: () => void; secondButtonText: string; insideModal: true; }' but required in type 'Props'.
src/components/Explore/Modals/FilterModal.tsx(1344,9): error TS2322: Type '(taxon: { name: string; } | null) => void' is not assignable to type '(taxon: RealmTaxon | null) => void'. Types of parameters 'taxon' and 'taxon' are incompatible. Type 'RealmTaxon | null' is not assignable to type '{ name: string; } | null'. Type 'RealmTaxon' is not assignable to type '{ name: string; }'. Types of property 'name' are incompatible. Type 'string | undefined' is not assignable to type 'string'. Type 'undefined' is not assignable to type 'string'.
src/components/Explore/Modals/FilterModal.tsx(1355,9): error TS2322: Type '{ showModal: boolean; currentUser: User | null; closeModal: () => void; updateUser: (user: { login: string; } | null) => void; }' is not assignable to type 'IntrinsicAttributes & Props'. Property 'currentUser' does not exist on type 'IntrinsicAttributes & Props'.
src/components/Explore/Modals/FilterModal.tsx(45,27): error TS7016: Could not find a declaration file for module 'styles/global'. 'src/styles/global.js' implicitly has an 'any' type.
src/components/Explore/Modals/FilterModal.tsx(533,22): error TS7031: Binding element 'newObservedOn' implicitly has an 'any' type.
src/components/Explore/Modals/FilterModal.tsx(533,37): error TS7031: Binding element 'newD1' implicitly has an 'any' type.
src/components/Explore/Modals/FilterModal.tsx(533,44): error TS7031: Binding element 'newD2' implicitly has an 'any' type.
src/components/Explore/Modals/FilterModal.tsx(533,5): error TS7031: Binding element 'newDateObserved' implicitly has an 'any' type.
src/components/Explore/Modals/FilterModal.tsx(533,51): error TS7031: Binding element 'newMonths' implicitly has an 'any' type.
src/components/Explore/Modals/FilterModal.tsx(562,31): error TS7006: Parameter 'date' implicitly has an 'any' type.
src/components/Explore/Modals/FilterModal.tsx(563,25): error TS2345: Argument of type '{ newDateObserved: DATE_OBSERVED; newObservedOn: any; }' is not assignable to parameter of type '{ newDateObserved: any; newObservedOn: any; newD1: any; newD2: any; newMonths: any; }'. Type '{ newDateObserved: DATE_OBSERVED; newObservedOn: any; }' is missing the following properties from type '{ newDateObserved: any; newObservedOn: any; newD1: any; newD2: any; newMonths: any; }': newD1, newD2, newMonths
src/components/Explore/Modals/FilterModal.tsx(569,31): error TS7006: Parameter 'date' implicitly has an 'any' type.
src/components/Explore/Modals/FilterModal.tsx(570,25): error TS2345: Argument of type '{ newDateObserved: DATE_OBSERVED; newD1: any; newD2: string | null | undefined; }' is not assignable to parameter of type '{ newDateObserved: any; newObservedOn: any; newD1: any; newD2: any; newMonths: any; }'. Type '{ newDateObserved: DATE_OBSERVED; newD1: any; newD2: string | null | undefined; }' is missing the following properties from type '{ newDateObserved: any; newObservedOn: any; newD1: any; newD2: any; newMonths: any; }': newObservedOn, newMonths
src/components/Explore/Modals/FilterModal.tsx(577,29): error TS7006: Parameter 'date' implicitly has an 'any' type.
src/components/Explore/Modals/FilterModal.tsx(578,25): error TS2345: Argument of type '{ newDateObserved: DATE_OBSERVED; newD1: string | null | undefined; newD2: any; }' is not assignable to parameter of type '{ newDateObserved: any; newObservedOn: any; newD1: any; newD2: any; newMonths: any; }'. Type '{ newDateObserved: DATE_OBSERVED; newD1: string | null | undefined; newD2: any; }' is missing the following properties from type '{ newDateObserved: any; newObservedOn: any; newD1: any; newD2: any; newMonths: any; }': newObservedOn, newMonths
src/components/Explore/Modals/FilterModal.tsx(585,32): error TS7006: Parameter 'monthInteger' implicitly has an 'any' type.
src/components/Explore/Modals/FilterModal.tsx(586,23): error TS18049: 'months' is possibly 'null' or 'undefined'.
src/components/Explore/Modals/FilterModal.tsx(587,9): error TS18049: 'months' is possibly 'null' or 'undefined'.
src/components/Explore/Modals/FilterModal.tsx(588,13): error TS2488: Type 'number[] | null | undefined' must have a '[Symbol.iterator]()' method that returns an iterator.
src/components/Explore/Modals/FilterModal.tsx(589,25): error TS2345: Argument of type '{ newDateObserved: DATE_OBSERVED; newMonths: any[]; }' is not assignable to parameter of type '{ newDateObserved: any; newObservedOn: any; newD1: any; newD2: any; newMonths: any; }'. Type '{ newDateObserved: DATE_OBSERVED; newMonths: any[]; }' is missing the following properties from type '{ newDateObserved: any; newObservedOn: any; newD1: any; newD2: any; newMonths: any; }': newObservedOn, newD1, newD2
src/components/Explore/Modals/FilterModal.tsx(595,34): error TS7031: Binding element 'newDateUploaded' implicitly has an 'any' type.
src/components/Explore/Modals/FilterModal.tsx(595,51): error TS7031: Binding element 'newD1' implicitly has an 'any' type.
src/components/Explore/Modals/FilterModal.tsx(595,58): error TS7031: Binding element 'newD2' implicitly has an 'any' type.
src/components/Explore/Modals/FilterModal.tsx(615,31): error TS7006: Parameter 'date' implicitly has an 'any' type.
src/components/Explore/Modals/FilterModal.tsx(623,29): error TS7006: Parameter 'date' implicitly has an 'any' type.
src/components/Explore/Modals/FilterModal.tsx(631,34): error TS18049: 'd1' is possibly 'null' or 'undefined'.
src/components/Explore/Modals/FilterModal.tsx(631,39): error TS18049: 'd2' is possibly 'null' or 'undefined'.
src/components/Explore/Modals/FilterModal.tsx(632,34): error TS18049: 'createdD1' is possibly 'null' or 'undefined'.
src/components/Explore/Modals/FilterModal.tsx(632,46): error TS18049: 'createdD2' is possibly 'null' or 'undefined'.
src/components/Explore/Modals/FilterModal.tsx(637,18): error TS2322: Type '{ children: (false | Element)[]; className: string; testID: string; }' is not assignable to type 'IntrinsicAttributes & Props'. Property 'className' does not exist on type 'IntrinsicAttributes & Props'.
src/components/Explore/Modals/FilterModal.tsx(714,21): error TS2322: Type 'string | object' is not assignable to type 'object'. Type 'string' is not assignable to type 'object'.
src/components/Explore/Modals/FilterModal.tsx(740,49): error TS2339: Property 'name' does not exist on type 'object'.
src/components/Explore/Modals/FilterModal.tsx(748,34): error TS2339: Property 'name' does not exist on type 'object'.
src/components/Explore/Modals/FilterModal.tsx(757,30): error TS2345: Argument of type '(RealmObject<DefaultObject, never> & DefaultObject) | null' is not assignable to parameter of type '{ name: string; } | null'. Type 'RealmObject<DefaultObject, never> & DefaultObject' is not assignable to type '{ name: string; } | null'. Property 'name' is missing in type 'RealmObject<DefaultObject, never> & DefaultObject' but required in type '{ name: string; }'.
src/components/Explore/Modals/FilterModal.tsx(807,16): error TS2741: Property 'accessibilityLabel' is missing in type '{ text: string; isChecked: boolean; onPress: () => void; }' but required in type 'Props'.
src/components/Explore/Modals/FilterModal.tsx(813,16): error TS2741: Property 'accessibilityLabel' is missing in type '{ text: string; isChecked: boolean; onPress: () => void; }' but required in type 'Props'.
src/components/Explore/Modals/FilterModal.tsx(819,16): error TS2741: Property 'accessibilityLabel' is missing in type '{ text: string; isChecked: boolean; onPress: () => void; }' but required in type 'Props'.
src/components/Explore/Modals/FilterModal.tsx(845,76): error TS2339: Property 'observations_count' does not exist on type 'object'.
src/components/Explore/Modals/FilterModal.tsx(893,55): error TS2345: Argument of type 'null' is not assignable to parameter of type 'ApiProject'.
src/components/Explore/NumberBadge.tsx(6,27): error TS7016: Could not find a declaration file for module 'styles/global'. 'src/styles/global.js' implicitly has an 'any' type.
src/components/Explore/SearchScreens/ExploreLocationSearch.tsx(177,9): error TS2769: No overload matches this call. Overload 1 of 2, '(props: FlatListProps<ApiPlace>): FlatList<ApiPlace>', gave the following error. Type '(item: ApiPlace) => number | undefined' is not assignable to type '(item: ApiPlace, index: number) => string'. Type 'number | undefined' is not assignable to type 'string'. Type 'undefined' is not assignable to type 'string'. Overload 2 of 2, '(props: FlatListProps<ApiPlace>, context: any): FlatList<ApiPlace>', gave the following error. Type '(item: ApiPlace) => number | undefined' is not assignable to type '(item: ApiPlace, index: number) => string'.
src/components/Explore/SearchScreens/ExploreLocationSearch.tsx(181,8): error TS2322: Type 'FC<{}>' is not assignable to type 'ReactNode'.
src/components/Explore/SearchScreens/ExploreLocationSearch.tsx(23,27): error TS7016: Could not find a declaration file for module 'styles/global'. 'src/styles/global.js' implicitly has an 'any' type.
src/components/Explore/SearchScreens/ExploreLocationSearch.tsx(60,9): error TS2322: Type 'UseQueryResult<(ApiUser | ApiPlace | ApiProject | ApiTaxon)[] | null, Error>' is not assignable to type '{ data: ApiPlace[] | null; isLoading: boolean; refetch: () => void; }'. Type 'QueryObserverLoadingErrorResult<(ApiUser | ApiPlace | ApiProject | ApiTaxon)[] | null, Error>' is not assignable to type '{ data: ApiPlace[] | null; isLoading: boolean; refetch: () => void; }'. Types of property 'data' are incompatible. Type 'undefined' is not assignable to type 'ApiPlace[] | null'.
src/components/Explore/SearchScreens/ExploreLocationSearch.tsx(70,9): error TS2322: Type '"place,place.display_name,place.point_geojson,place.place_type"' is not assignable to type 'object | "all" | undefined'.
src/components/Explore/SearchScreens/ExploreProjectSearch.tsx(14,27): error TS7016: Could not find a declaration file for module 'styles/global'. 'src/styles/global.js' implicitly has an 'any' type.
src/components/Explore/SearchScreens/ExploreProjectSearch.tsx(70,22): error TS2345: Argument of type 'null' is not assignable to parameter of type 'ApiProject'.
src/components/Explore/SearchScreens/ExploreSearchHeader.tsx(31,11): error TS2322: Type '{ testID: string; onPress: () => void; accessibilityLabel: string; }' is not assignable to type 'IntrinsicAttributes & Props'. Property 'accessibilityLabel' does not exist on type 'IntrinsicAttributes & Props'.
src/components/FullPageWebView/FullPageWebView.tsx(16,21): error TS7016: Could not find a declaration file for module 'sharedHelpers/logger'. 'src/sharedHelpers/logger.js' implicitly has an 'any' type.
src/components/FullPageWebView/FullPageWebViewHeader.tsx(8,28): error TS7016: Could not find a declaration file for module 'styles/global'. 'src/styles/global.js' implicitly has an 'any' type.
src/components/hooks/useTaxonCommonNames.ts(1,36): error TS7016: Could not find a declaration file for module 'api/observations'. 'src/api/observations.js' implicitly has an 'any' type.
src/components/hooks/useTaxonCommonNames.ts(38,22): error TS2339: Property 'latitude' does not exist on type 'never'.
src/components/hooks/useTaxonCommonNames.ts(39,12): error TS2339: Property 'lat' does not exist on type '{ per_page: number; fields: { taxon: { iconic_taxon_name: boolean; id: boolean; preferred_common_name: boolean; name: boolean; }; }; }'.
src/components/hooks/useTaxonCommonNames.ts(39,31): error TS2339: Property 'latitude' does not exist on type 'never'.
src/components/hooks/useTaxonCommonNames.ts(4,19): error TS7016: Could not find a declaration file for module 'realmModels/Taxon'. 'src/realmModels/Taxon.js' implicitly has an 'any' type.
src/components/hooks/useTaxonCommonNames.ts(40,12): error TS2339: Property 'lng' does not exist on type '{ per_page: number; fields: { taxon: { iconic_taxon_name: boolean; id: boolean; preferred_common_name: boolean; name: boolean; }; }; }'.
src/components/hooks/useTaxonCommonNames.ts(40,31): error TS2339: Property 'longitude' does not exist on type 'never'.
src/components/hooks/useTaxonCommonNames.ts(45,28): error TS2322: Type 'null' is not assignable to type 'string'.
src/components/hooks/useTaxonCommonNames.ts(58,24): error TS2345: Argument of type 'UserLocation | null' is not assignable to parameter of type 'SetStateAction<null>'. Type 'UserLocation' is not assignable to type 'SetStateAction<null>'. Type 'UserLocation' provides no match for the signature '(prevState: null): null'.
src/components/hooks/useTaxonCommonNames.ts(66,16): error TS2339: Property 'results' does not exist on type '{}'.
src/components/hooks/useTaxonCommonNames.ts(67,12): error TS2339: Property 'results' does not exist on type '{}'.
src/components/hooks/useTaxonCommonNames.ts(67,33): error TS7031: Binding element 'taxon' implicitly has an 'any' type.
src/components/hooks/useTaxonCommonNames.ts(91,13): error TS2769: No overload matches this call. Overload 1 of 2, '(type: string, values: Partial<DefaultObject> | Partial<Unmanaged<DefaultObject>>, mode?: boolean | UpdateMode | undefined): RealmObject<...> & DefaultObject', gave the following error. Argument of type '"modified"' is not assignable to parameter of type 'boolean | UpdateMode | undefined'. Overload 2 of 2, '(type: Constructor<AnyRealmObject>, values: Partial<AnyRealmObject> | Partial<Unmanaged<AnyRealmObject>>, mode?: boolean | ... 1 more ... | undefined): AnyRealmObject', gave the following error. Argument of type 'string' is not assignable to parameter of type 'Constructor<AnyRealmObject>'.
src/components/hooks/useWorkQueue.ts(1,42): error TS7016: Could not find a declaration file for module 'api/users'. 'src/api/users.js' implicitly has an 'any' type.
src/components/hooks/useWorkQueue.ts(27,7): error TS2345: Argument of type '{ onSuccess: () => Promise<void>; onError: (userUpdateError: any) => void; }' is not assignable to parameter of type 'MutationOptions'. Object literal may only specify known properties, and 'onSuccess' does not exist in type 'MutationOptions'.
src/components/hooks/useWorkQueue.ts(50,11): error TS2769: No overload matches this call. Overload 1 of 2, '(type: string, values: Partial<DefaultObject> | Partial<Unmanaged<DefaultObject>>, mode?: boolean | UpdateMode | undefined): RealmObject<...> & DefaultObject', gave the following error. Argument of type '"modified"' is not assignable to parameter of type 'boolean | UpdateMode | undefined'. Overload 2 of 2, '(type: Constructor<AnyRealmObject>, values: Partial<AnyRealmObject> | Partial<Unmanaged<AnyRealmObject>>, mode?: boolean | ... 1 more ... | undefined): AnyRealmObject', gave the following error. Argument of type 'string' is not assignable to parameter of type 'Constructor<AnyRealmObject>'.
src/components/hooks/useWorkQueue.ts(56,16): error TS7006: Parameter 'userUpdateError' implicitly has an 'any' type.
src/components/hooks/useWorkQueue.ts(6,21): error TS7016: Could not find a declaration file for module 'sharedHelpers/logger'. 'src/sharedHelpers/logger.js' implicitly has an 'any' type.
src/components/LocationPicker/LoadingIndicator.tsx(5,27): error TS7016: Could not find a declaration file for module 'styles/global'. 'src/styles/global.js' implicitly has an 'any' type.
src/components/LocationPicker/LocationSearch.tsx(12,27): error TS7016: Could not find a declaration file for module 'styles/global'. 'src/styles/global.js' implicitly has an 'any' type.
src/components/LocationPicker/LocationSearch.tsx(43,5): error TS2345: Argument of type '(optsWithAuth: ApiOpts) => Promise<(ApiUser | ApiPlace | ApiProject | ApiTaxon)[] | null>' is not assignable to parameter of type 'QueryFunction<(ApiUser | ApiPlace | ApiProject | ApiTaxon)[] | null>'. Types of parameters 'optsWithAuth' and 'options' are incompatible. Type '{ api_token: string | null; }' is not assignable to type 'ApiOpts'.
src/components/LocationPicker/LocationSearch.tsx(46,7): error TS2322: Type '"place,place.display_name,place.point_geojson"' is not assignable to type 'object | "all" | undefined'.
src/components/LocationPicker/LocationSearch.tsx(71,50): error TS2345: Argument of type '(place: Place) => React.JSX.Element' is not assignable to parameter of type '(value: ApiUser | ApiPlace | ApiProject | ApiTaxon, index: number, array: (ApiUser | ApiPlace | ApiProject | ApiTaxon)[]) => Element'. Types of parameters 'place' and 'value' are incompatible. Type 'ApiUser | ApiPlace | ApiProject | ApiTaxon' is not assignable to type 'Place'. Type 'ApiUser' is missing the following properties from type 'Place': display_name, point_geojson
src/components/LocationPicker/WarningText.tsx(8,27): error TS7016: Could not find a declaration file for module 'styles/global'. 'src/styles/global.js' implicitly has an 'any' type.
src/components/LoginSignUp/AuthenticationService.ts(13,47): error TS7016: Could not find a declaration file for module 'i18n/initI18next'. 'src/i18n/initI18next.js' implicitly has an 'any' type.
src/components/LoginSignUp/AuthenticationService.ts(25,52): error TS7016: Could not find a declaration file for module 'sharedHelpers/logger'. 'src/sharedHelpers/logger.js' implicitly has an 'any' type.
src/components/LoginSignUp/AuthenticationService.ts(254,13): error TS2339: Property 'jws' does not exist on type 'typeof jsrsasign'.
src/components/LoginSignUp/AuthenticationService.ts(30,25): error TS7016: Could not find a declaration file for module 'stores/useStore'. 'src/stores/useStore.js' implicitly has an 'any' type.
src/components/LoginSignUp/AuthenticationService.ts(4,54): error TS7016: Could not find a declaration file for module 'api/users'. 'src/api/users.js' implicitly has an 'any' type.
src/components/LoginSignUp/AuthenticationService.ts(491,40): error TS18046: 'error' is of type 'unknown'.
src/components/LoginSignUp/ForgotPassword.tsx(47,34): error TS2345: Argument of type 'string' is not assignable to parameter of type 'never'.
src/components/LoginSignUp/ForgotPassword.tsx(61,10): error TS2322: Type '({ scrollViewRef }: RenderProps) => React.JSX.Element' is not assignable to type 'ReactNode'.
src/components/LoginSignUp/ForgotPasswordForm.tsx(10,27): error TS2305: Module '"react"' has no exported member 'Node'.
src/components/LoginSignUp/ForgotPasswordForm.tsx(34,24): error TS2339: Property 'blur' does not exist on type 'never'.
src/components/LoginSignUp/ForgotPasswordForm.tsx(45,59): error TS2345: Argument of type '"transitionEnd"' is not assignable to parameter of type 'keyof EventMapCore<Readonly<{ key: string; index: number; routeNames: never[]; history?: unknown[] | undefined; routes: NavigationRoute<RootParamList, never>[]; type: string; stale: false; }>>'.
src/components/LoginSignUp/ForgotPasswordForm.tsx(52,30): error TS2339: Property 'measureLayout' does not exist on type 'ForwardRef<unknown, StyledProps<ViewProps>>'.
src/components/LoginSignUp/ForgotPasswordForm.tsx(54,11): error TS7006: Parameter '_' implicitly has an 'any' type.
src/components/LoginSignUp/ForgotPasswordForm.tsx(54,14): error TS7006: Parameter 'y' implicitly has an 'any' type.
src/components/LoginSignUp/ForgotPasswordForm.tsx(55,34): error TS2339: Property 'scrollTo' does not exist on type '{}'.
src/components/LoginSignUp/LearnMore.tsx(20,26): error TS2345: Argument of type 'string' is not assignable to parameter of type 'never'.
src/components/LoginSignUp/Login.tsx(24,8): error TS2322: Type '({ scrollViewRef }: { scrollViewRef: any; }) => Element' is not assignable to type 'ReactNode'.
src/components/LoginSignUp/Login.tsx(9,44): error TS7031: Binding element 'scrollViewRef' implicitly has an 'any' type.
src/components/LoginSignUp/LoginForm.tsx(102,28): error TS2345: Argument of type 'string' is not assignable to parameter of type 'never'.
src/components/LoginSignUp/LoginForm.tsx(122,5): error TS18047: 'firstInputFieldRef.current' is possibly 'null'.
src/components/LoginSignUp/LoginForm.tsx(124,12): error TS7006: Parameter 'y' implicitly has an 'any' type.
src/components/LoginSignUp/LoginForm.tsx(124,9): error TS7006: Parameter '_' implicitly has an 'any' type.
src/components/LoginSignUp/LoginForm.tsx(191,46): error TS2769: No overload matches this call. Overload 1 of 2, '(...args: never): void', gave the following error. Argument of type 'string' is not assignable to parameter of type 'never'. Overload 2 of 2, '(options: never): void', gave the following error. Argument of type 'string' is not assignable to parameter of type 'never'.
src/components/LoginSignUp/LoginForm.tsx(275,50): error TS2769: No overload matches this call. Overload 1 of 2, '(...args: never): void', gave the following error. Argument of type 'string' is not assignable to parameter of type 'never'. Overload 2 of 2, '(options: never): void', gave the following error. Argument of type 'string' is not assignable to parameter of type 'never'.
src/components/LoginSignUp/LoginForm.tsx(291,29): error TS2339: Property 'login' does not exist on type 'User'.
src/components/LoginSignUp/LoginForm.tsx(30,19): error TS2314: Generic type 'Ref' requires 1 type argument(s).
src/components/LoginSignUp/LoginForm.tsx(53,54): error TS2339: Property 'login' does not exist on type 'User'.
src/components/LoginSignUp/LoginForm.tsx(82,59): error TS2345: Argument of type '"transitionEnd"' is not assignable to parameter of type 'keyof EventMapCore<Readonly<{ key: string; index: number; routeNames: never[]; history?: unknown[] | undefined; routes: NavigationRoute<RootParamList, never>[]; type: string; stale: false; }>>'.
src/components/LoginSignUp/loginFormHelpers.ts(12,21): error TS7016: Could not find a declaration file for module 'sharedHelpers/logger'. 'src/sharedHelpers/logger.js' implicitly has an 'any' type.
src/components/LoginSignUp/LoginSignUpWrapper.tsx(105,19): error TS2349: This expression is not callable. Type 'never' has no call signatures.
src/components/LoginSignUp/LoginSignUpWrapper.tsx(45,32): error TS2339: Property 'scrollTo' does not exist on type 'never'.
src/components/LoginSignUp/LoginSignUpWrapper.tsx(63,32): error TS2339: Property 'scrollTo' does not exist on type 'never'.
src/components/LoginSignUp/SignUpConfirmationForm.tsx(104,28): error TS2769: No overload matches this call. Overload 1 of 2, '(...args: never): void', gave the following error. Argument of type 'string' is not assignable to parameter of type 'never'. Overload 2 of 2, '(options: never): void', gave the following error. Argument of type 'string' is not assignable to parameter of type 'never'.
src/components/LoginSignUp/SignUpConfirmationForm.tsx(108,26): error TS2345: Argument of type 'string' is not assignable to parameter of type 'never'.
src/components/LoginSignUp/SignUpConfirmationForm.tsx(14,22): error TS7016: Could not find a declaration file for module 'stores/useStore'. 'src/stores/useStore.js' implicitly has an 'any' type.
src/components/LoginSignUp/SignUpConfirmationForm.tsx(158,51): error TS2769: No overload matches this call. Overload 1 of 2, '(...args: never): void', gave the following error. Argument of type 'string' is not assignable to parameter of type 'never'. Overload 2 of 2, '(options: never): void', gave the following error. Argument of type 'string' is not assignable to parameter of type 'never'.
src/components/LoginSignUp/SignUpConfirmationForm.tsx(29,11): error TS2339: Property 'user' does not exist on type '{ email: string; }'.
src/components/LoginSignUp/SignUpConfirmationForm.tsx(29,9): error TS2322: Type 'Readonly<object | undefined>' is not assignable to type '{ email: string; }'. Type 'undefined' is not assignable to type '{ email: string; }'.
src/components/LoginSignUp/SignUpConfirmationForm.tsx(33,43): error TS7006: Parameter 'state' implicitly has an 'any' type.
src/components/LoginSignUp/SignUpConfirmationForm.tsx(61,59): error TS2345: Argument of type '"transitionEnd"' is not assignable to parameter of type 'keyof EventMapCore<Readonly<{ key: string; index: number; routeNames: never[]; history?: unknown[] | undefined; routes: NavigationRoute<RootParamList, never>[]; type: string; stale: false; }>>'.
src/components/LoginSignUp/SignUpForm.tsx(32,59): error TS2345: Argument of type '"transitionEnd"' is not assignable to parameter of type 'keyof EventMapCore<Readonly<{ key: string; index: number; routeNames: never[]; history?: unknown[] | undefined; routes: NavigationRoute<RootParamList, never>[]; type: string; stale: false; }>>'.
src/components/LoginSignUp/SignUpForm.tsx(42,28): error TS2345: Argument of type 'string' is not assignable to parameter of type 'never'.
src/components/Match/AdditionalSuggestions/SuggestionsResult.tsx(132,47): error TS2339: Property 'prefers_scientific_name_first' does not exist on type 'User'.
src/components/Match/AdditionalSuggestions/SuggestionsResult.tsx(133,46): error TS2339: Property 'prefers_common_names' does not exist on type 'User'.
src/components/Match/AdditionalSuggestions/SuggestionsResult.tsx(60,54): error TS2345: Argument of type 'import("src/realmModels/User").default | null' is not assignable to parameter of type 'User | null'.
src/components/Match/helpers/tryToReplaceWithLocalTaxon.ts(1,19): error TS7016: Could not find a declaration file for module 'realmModels/Taxon'. 'src/realmModels/Taxon.js' implicitly has an 'any' type.
src/components/Match/MatchHeader.tsx(38,10): error TS18047: 'confidence' is possibly 'null'.
src/components/Match/MatchHeader.tsx(40,17): error TS18047: 'confidence' is possibly 'null'.
src/components/Match/MatchHeader.tsx(40,37): error TS18047: 'confidence' is possibly 'null'.
src/components/Match/MatchHeader.tsx(45,10): error TS18048: 'taxon' is possibly 'undefined'.
src/components/Match/MatchHeader.tsx(83,9): error TS2322: Type 'RealmTaxon | undefined' is not assignable to type 'ApiTaxon | RealmTaxon'. Type 'undefined' is not assignable to type 'ApiTaxon | RealmTaxon'.
src/components/Match/MatchTaxonSearchScreen.tsx(15,22): error TS7016: Could not find a declaration file for module 'stores/useStore'. 'src/stores/useStore.js' implicitly has an 'any' type.
src/components/Match/MatchTaxonSearchScreen.tsx(21,65): error TS2345: Argument of type 'null' is not assignable to parameter of type 'ApiTaxon | (() => ApiTaxon)'.
src/components/Match/MatchTaxonSearchScreen.tsx(27,43): error TS7006: Parameter 'state' implicitly has an 'any' type.
src/components/Match/MatchTaxonSearchScreen.tsx(28,36): error TS7006: Parameter 'state' implicitly has an 'any' type.
src/components/Match/MatchTaxonSearchScreen.tsx(29,43): error TS7006: Parameter 'state' implicitly has an 'any' type.
src/components/Match/MatchTaxonSearchScreen.tsx(41,42): error TS2345: Argument of type 'string' is not assignable to parameter of type 'never'.
src/components/Match/MatchTaxonSearchScreen.tsx(48,23): error TS2345: Argument of type 'null' is not assignable to parameter of type 'SetStateAction<ApiTaxon>'.
src/components/Match/MatchTaxonSearchScreen.tsx(83,7): error TS2322: Type 'Results<RealmObject<DefaultObject, never> & DefaultObject> | any[] | RealmTaxon[]' is not assignable to type 'RealmTaxon[]'. Type 'Results<RealmObject<DefaultObject, never> & DefaultObject>' is not assignable to type 'RealmTaxon[]'.
src/components/MediaViewer/AttributionButton.tsx(31,7): error TS2322: Type '{ testID: string; onPress: () => void; icon: string; color: string; accessibilityLabel: string; optionalClasses: string | undefined; }' is not assignable to type 'IntrinsicAttributes & Props'. Property 'color' does not exist on type 'IntrinsicAttributes & Props'.
src/components/MediaViewer/CustomImageZoom.tsx(3,15): error TS2305: Module '"react"' has no exported member 'Node'.
src/components/MediaViewer/CustomImageZoom.tsx(38,30): error TS2339: Property 'reset' does not exist on type 'never'.
src/components/MediaViewer/CustomImageZoom.tsx(51,46): error TS2554: Expected 0 arguments, but got 1.
src/components/MediaViewer/CustomImageZoom.tsx(52,44): error TS2554: Expected 0 arguments, but got 1.
src/components/MyObservations/helpers/syncRemoteDeletedObservations.ts(26,45): error TS7006: Parameter 'deletedObservations' implicitly has an 'any' type.
src/components/MyObservations/helpers/syncRemoteDeletedObservations.ts(26,66): error TS7006: Parameter 'realm' implicitly has an 'any' type.
src/components/MyObservations/helpers/syncRemoteDeletedObservations.ts(3,8): error TS7016: Could not find a declaration file for module 'api/observations'. 'src/api/observations.js' implicitly has an 'any' type.
src/components/MyObservations/helpers/syncRemoteDeletedObservations.ts(32,42): error TS7006: Parameter 'observation' implicitly has an 'any' type.
src/components/MyObservations/helpers/syncRemoteDeletedObservations.ts(40,16): error TS2304: Cannot find name 'syncRemoteDeletedObservations'.
src/components/MyObservations/helpers/syncRemoteDeletedObservations.ts(40,54): error TS7006: Parameter 'realm' implicitly has an 'any' type.
src/components/MyObservations/helpers/syncRemoteDeletedObservations.ts(41,52): error TS2554: Expected 0 arguments, but got 1.
src/components/MyObservations/helpers/syncRemoteDeletedObservations.ts(7,32): error TS7016: Could not find a declaration file for module 'stores/useStore'. 'src/stores/useStore.js' implicitly has an 'any' type.
src/components/MyObservations/helpers/syncRemoteObservations.ts(1,36): error TS7016: Could not find a declaration file for module 'api/observations'. 'src/api/observations.js' implicitly has an 'any' type.
src/components/MyObservations/helpers/syncRemoteObservations.ts(3,25): error TS7016: Could not find a declaration file for module 'realmModels/Observation'. 'src/realmModels/Observation.js' implicitly has an 'any' type.
src/components/MyObservations/helpers/syncRemoteObservations.ts(6,40): error TS7006: Parameter 'realm' implicitly has an 'any' type.
src/components/MyObservations/hooks/useSyncObservations.ts(16,22): error TS7016: Could not find a declaration file for module 'stores/useStore'. 'src/stores/useStore.js' implicitly has an 'any' type.
src/components/MyObservations/hooks/useSyncObservations.ts(29,33): error TS7006: Parameter 'state' implicitly has an 'any' type.
src/components/MyObservations/hooks/useSyncObservations.ts(30,42): error TS7006: Parameter 'state' implicitly has an 'any' type.
src/components/MyObservations/hooks/useSyncObservations.ts(31,44): error TS7006: Parameter 'state' implicitly has an 'any' type.
src/components/MyObservations/hooks/useSyncObservations.ts(32,39): error TS7006: Parameter 'state' implicitly has an 'any' type.
src/components/MyObservations/hooks/useSyncObservations.ts(33,38): error TS7006: Parameter 'state' implicitly has an 'any' type.
src/components/MyObservations/hooks/useSyncObservations.ts(34,35): error TS7006: Parameter 'state' implicitly has an 'any' type.
src/components/MyObservations/hooks/useSyncObservations.ts(35,38): error TS7006: Parameter 'state' implicitly has an 'any' type.
src/components/MyObservations/hooks/useSyncObservations.ts(36,34): error TS7006: Parameter 'state' implicitly has an 'any' type.
src/components/MyObservations/hooks/useSyncObservations.ts(37,38): error TS7006: Parameter 'state' implicitly has an 'any' type.
src/components/MyObservations/hooks/useSyncObservations.ts(38,43): error TS7006: Parameter 'state' implicitly has an 'any' type.
src/components/MyObservations/hooks/useSyncObservations.ts(39,45): error TS7006: Parameter 'storeState' implicitly has an 'any' type.
src/components/MyObservations/hooks/useSyncObservations.ts(47,5): error TS2345: Argument of type '(params: object, optsWithAuth: object) => any' is not assignable to parameter of type 'MutationFunction<unknown>'. Types of parameters 'params' and 'params' are incompatible. Type 'unknown' is not assignable to type 'object'.
src/components/MyObservations/hooks/useSyncObservations.ts(5,41): error TS7016: Could not find a declaration file for module 'api/observations'. 'src/api/observations.js' implicitly has an 'any' type.
src/components/MyObservations/hooks/useSyncObservations.ts(65,31): error TS2345: Argument of type 'string' is not assignable to parameter of type 'SetStateAction<null>'.
src/components/MyObservations/hooks/useSyncObservations.ts(77,51): error TS2345: Argument of type '{ uuid: string; }' is not assignable to parameter of type 'void'.
src/components/MyObservations/hooks/useSyncObservations.ts(8,25): error TS7016: Could not find a declaration file for module 'realmModels/Observation'. 'src/realmModels/Observation.js' implicitly has an 'any' type.
src/components/MyObservations/hooks/useUploadObservations.ts(122,91): error TS2345: Argument of type '(key: string, options?: {}) => string' is not assignable to parameter of type 'TFunction<"translation", undefined>'. Property '$TFunctionBrand' is missing in type '(key: string, options?: {}) => string' but required in type 'TFunction<"translation", undefined>'.
src/components/MyObservations/hooks/useUploadObservations.ts(137,34): error TS2769: No overload matches this call. Overload 1 of 2, '(...args: never): void', gave the following error. Argument of type 'string' is not assignable to parameter of type 'never'. Overload 2 of 2, '(options: never): void', gave the following error. Argument of type 'string' is not assignable to parameter of type 'never'.
src/components/MyObservations/hooks/useUploadObservations.ts(17,22): error TS7016: Could not find a declaration file for module 'stores/useStore'. 'src/stores/useStore.js' implicitly has an 'any' type.
src/components/MyObservations/hooks/useUploadObservations.ts(34,36): error TS7006: Parameter 'state' implicitly has an 'any' type.
src/components/MyObservations/hooks/useUploadObservations.ts(35,37): error TS7006: Parameter 'state' implicitly has an 'any' type.
src/components/MyObservations/hooks/useUploadObservations.ts(36,35): error TS7006: Parameter 'state' implicitly has an 'any' type.
src/components/MyObservations/hooks/useUploadObservations.ts(38,5): error TS7006: Parameter 'state' implicitly has an 'any' type.
src/components/MyObservations/hooks/useUploadObservations.ts(40,43): error TS7006: Parameter 'state' implicitly has an 'any' type.
src/components/MyObservations/hooks/useUploadObservations.ts(41,50): error TS7006: Parameter 'state' implicitly has an 'any' type.
src/components/MyObservations/hooks/useUploadObservations.ts(42,38): error TS7006: Parameter 'state' implicitly has an 'any' type.
src/components/MyObservations/hooks/useUploadObservations.ts(43,47): error TS7006: Parameter 'state' implicitly has an 'any' type.
src/components/MyObservations/hooks/useUploadObservations.ts(44,33): error TS7006: Parameter 'state' implicitly has an 'any' type.
src/components/MyObservations/hooks/useUploadObservations.ts(45,34): error TS7006: Parameter 'state' implicitly has an 'any' type.
src/components/MyObservations/hooks/useUploadObservations.ts(46,50): error TS7006: Parameter 'state' implicitly has an 'any' type.
src/components/MyObservations/hooks/useUploadObservations.ts(47,47): error TS7006: Parameter 'state' implicitly has an 'any' type.
src/components/MyObservations/hooks/useUploadObservations.ts(48,38): error TS7006: Parameter 'state' implicitly has an 'any' type.
src/components/MyObservations/hooks/useUploadObservations.ts(49,48): error TS7006: Parameter 'state' implicitly has an 'any' type.
src/components/MyObservations/hooks/useUploadObservations.ts(50,49): error TS7006: Parameter 'state' implicitly has an 'any' type.
src/components/MyObservations/hooks/useUploadObservations.ts(51,38): error TS7006: Parameter 'state' implicitly has an 'any' type.
src/components/MyObservations/hooks/useUploadObservations.ts(52,51): error TS7006: Parameter 'state' implicitly has an 'any' type.
src/components/MyObservations/hooks/useUploadObservations.ts(53,36): error TS7006: Parameter 'state' implicitly has an 'any' type.
src/components/MyObservations/hooks/useUploadObservations.ts(56,59): error TS7006: Parameter 'o' implicitly has an 'any' type.
src/components/MyObservations/hooks/useUploadObservations.ts(57,37): error TS7006: Parameter 'storeState' implicitly has an 'any' type.
src/components/MyObservations/hooks/useUploadObservations.ts(7,25): error TS7016: Could not find a declaration file for module 'realmModels/Observation'. 'src/realmModels/Observation.js' implicitly has an 'any' type.
src/components/MyObservations/LoginBanner.tsx(10,22): error TS7016: Could not find a declaration file for module 'stores/useStore'. 'src/stores/useStore.js' implicitly has an 'any' type.
src/components/MyObservations/LoginBanner.tsx(11,27): error TS7016: Could not find a declaration file for module 'styles/global'. 'src/styles/global.js' implicitly has an 'any' type.
src/components/MyObservations/LoginBanner.tsx(29,42): error TS7006: Parameter 'state' implicitly has an 'any' type.
src/components/MyObservations/LoginBanner.tsx(30,45): error TS7006: Parameter 'state' implicitly has an 'any' type.
src/components/MyObservations/LoginBanner.tsx(78,53): error TS2769: No overload matches this call. Overload 1 of 2, '(...args: never): void', gave the following error. Argument of type 'string' is not assignable to parameter of type 'never'. Overload 2 of 2, '(options: never): void', gave the following error. Argument of type 'string' is not assignable to parameter of type 'never'.
src/components/MyObservations/LoginSheet.tsx(15,6): error TS2741: Property 'loading' is missing in type '{ onPressClose: () => void; buttonType: string; headerText: string; text: string; buttonText: string; confirm: () => void; }' but required in type 'Props'.
src/components/MyObservations/LoginSheet.tsx(23,30): error TS2769: No overload matches this call. Overload 1 of 2, '(...args: never): void', gave the following error. Argument of type 'string' is not assignable to parameter of type 'never'. Overload 2 of 2, '(options: never): void', gave the following error. Argument of type 'string' is not assignable to parameter of type 'never'.
src/components/MyObservations/MyObservationsContainer.tsx(14,25): error TS7016: Could not find a declaration file for module 'realmModels/Observation'. 'src/realmModels/Observation.js' implicitly has an 'any' type.
src/components/MyObservations/MyObservationsContainer.tsx(15,19): error TS7016: Could not find a declaration file for module 'realmModels/Taxon'. 'src/realmModels/Taxon.js' implicitly has an 'any' type.
src/components/MyObservations/MyObservationsContainer.tsx(159,52): error TS7006: Parameter 'uuid' implicitly has an 'any' type.
src/components/MyObservations/MyObservationsContainer.tsx(163,27): error TS18047: 'observation' is possibly 'null'.
src/components/MyObservations/MyObservationsContainer.tsx(164,26): error TS2345: Argument of type '(RealmObject<RealmObservation, never> & RealmObservation) | null' is not assignable to parameter of type 'RealmObservation'. Type 'null' is not assignable to type 'RealmObservation'.
src/components/MyObservations/MyObservationsContainer.tsx(281,43): error TS18048: 'o.taxon' is possibly 'undefined'.
src/components/MyObservations/MyObservationsContainer.tsx(282,62): error TS2322: Type 'RealmTaxon | undefined' is not assignable to type 'RealmTaxon'. Type 'undefined' is not assignable to type 'RealmTaxon'.
src/components/MyObservations/MyObservationsContainer.tsx(297,29): error TS2339: Property 'id' does not exist on type 'User'.
src/components/MyObservations/MyObservationsContainer.tsx(31,42): error TS7016: Could not find a declaration file for module 'stores/useStore'. 'src/stores/useStore.js' implicitly has an 'any' type.
src/components/MyObservations/MyObservationsContainer.tsx(324,10): error TS18048: 'numTotalTaxa' is possibly 'undefined'.
src/components/MyObservations/MyObservationsContainer.tsx(333,28): error TS2339: Property 'notifyDataFetched' does not exist on type 'FlashListRef<RealmObservation>'.
src/components/MyObservations/MyObservationsContainer.tsx(334,25): error TS2339: Property 'notifyDataFetched' does not exist on type 'FlashListRef<RealmObservation>'.
src/components/MyObservations/MyObservationsContainer.tsx(343,20): error TS2322: Type 'null' is not assignable to type 'FC<{}>'.
src/components/MyObservations/MyObservationsContainer.tsx(346,5): error TS2322: Type 'Element' is not assignable to type 'FC<{}>'. Type 'ReactElement<any, any>' provides no match for the signature '(props: {}): ReactElement<any, any> | null'.
src/components/MyObservations/MyObservationsContainer.tsx(36,39): error TS7016: Could not find a declaration file for module './MyObservationsEmptySimple'. 'src/components/MyObservations/MyObservationsEmptySimple.js' implicitly has an 'any' type.
src/components/MyObservations/MyObservationsContainer.tsx(363,3): error TS2322: Type 'Element' is not assignable to type 'FC<{}>'.
src/components/MyObservations/MyObservationsContainer.tsx(366,7): error TS2322: Type 'User | null' is not assignable to type 'RealmUser | undefined'. Type 'null' is not assignable to type 'RealmUser | undefined'.
src/components/MyObservations/MyObservationsContainer.tsx(372,7): error TS2322: Type 'boolean | null' is not assignable to type 'boolean'. Type 'null' is not assignable to type 'boolean'.
src/components/MyObservations/MyObservationsContainer.tsx(385,7): error TS2322: Type '(scrollEvent: {    nativeEvent: {        contentOffset: {            y: number;        };    };}) => any' is not assignable to type '() => void'.
src/components/MyObservations/MyObservationsContainer.tsx(6,36): error TS7016: Could not find a declaration file for module 'api/observations'. 'src/api/observations.js' implicitly has an 'any' type.
src/components/MyObservations/MyObservationsContainer.tsx(63,48): error TS7006: Parameter 'state' implicitly has an 'any' type.
src/components/MyObservations/MyObservationsContainer.tsx(64,33): error TS7006: Parameter 'state' implicitly has an 'any' type.
src/components/MyObservations/MyObservationsContainer.tsx(65,38): error TS7006: Parameter 'state' implicitly has an 'any' type.
src/components/MyObservations/MyObservationsContainer.tsx(66,47): error TS7006: Parameter 'state' implicitly has an 'any' type.
src/components/MyObservations/MyObservationsContainer.tsx(67,37): error TS7006: Parameter 'state' implicitly has an 'any' type.
src/components/MyObservations/MyObservationsContainer.tsx(68,40): error TS7006: Parameter 'state' implicitly has an 'any' type.
src/components/MyObservations/MyObservationsContainer.tsx(69,50): error TS7006: Parameter 'state' implicitly has an 'any' type.
src/components/MyObservations/MyObservationsContainer.tsx(70,47): error TS7006: Parameter 'state' implicitly has an 'any' type.
src/components/MyObservations/MyObservationsContainer.tsx(71,42): error TS7006: Parameter 'state' implicitly has an 'any' type.
src/components/MyObservations/MyObservationsContainer.tsx(72,36): error TS7006: Parameter 'state' implicitly has an 'any' type.
src/components/MyObservations/MyObservationsContainer.tsx(73,34): error TS7006: Parameter 'state' implicitly has an 'any' type.
src/components/MyObservations/MyObservationsContainer.tsx(74,49): error TS7006: Parameter 'state' implicitly has an 'any' type.
src/components/MyObservations/MyObservationsContainer.tsx(76,43): error TS7006: Parameter 'state' implicitly has an 'any' type.
src/components/MyObservations/MyObservationsContainer.tsx(93,38): error TS2339: Property 'id' does not exist on type 'User'.
src/components/MyObservations/MyObservationsSimple.tsx(133,28): error TS2769: No overload matches this call. Overload 1 of 2, '(...args: never): void', gave the following error. Argument of type '{ key: string; name: string; params: { id: number; }; }' is not assignable to parameter of type 'never'. Overload 2 of 2, '(options: never): void', gave the following error. Argument of type '{ key: string; name: string; params: { id: number; }; }' is not assignable to parameter of type 'never'.
src/components/MyObservations/MyObservationsSimple.tsx(141,69): error TS2345: Argument of type 'RealmUser | undefined' is not assignable to parameter of type 'User | null'. Type 'undefined' is not assignable to type 'User | null'.
src/components/MyObservations/MyObservationsSimple.tsx(145,29): error TS2551: Property 'default_photo' does not exist on type 'RealmTaxon'. Did you mean 'defaultPhoto'?
src/components/MyObservations/MyObservationsSimple.tsx(159,9): error TS2322: Type 'string | undefined' is not assignable to type 'string'. Type 'undefined' is not assignable to type 'string'.
src/components/MyObservations/MyObservationsSimple.tsx(160,9): error TS2322: Type '{ uri: string | null; }' is not assignable to type '{ uri: string; }'. Types of property 'uri' are incompatible. Type 'string | null' is not assignable to type 'string'. Type 'null' is not assignable to type 'string'.
src/components/MyObservations/MyObservationsSimple.tsx(199,23): error TS2551: Property 'needs_sync' does not exist on type 'RealmObservation'. Did you mean 'needsSync'?
src/components/MyObservations/MyObservationsSimple.tsx(199,39): error TS2551: Property 'missing_basics' does not exist on type 'RealmObservation'. Did you mean 'missingBasics'?
src/components/MyObservations/MyObservationsSimple.tsx(213,34): error TS7031: Binding element 'id' implicitly has an 'any' type.
src/components/MyObservations/MyObservationsSimple.tsx(251,26): error TS2769: No overload matches this call. Overload 1 of 2, '(...args: never): void', gave the following error. Argument of type '{ key: string; name: string; params: { uuid: string; }; }' is not assignable to parameter of type 'never'. Overload 2 of 2, '(options: never): void', gave the following error. Argument of type '{ key: string; name: string; params: { uuid: string; }; }' is not assignable to parameter of type 'never'.
src/components/MyObservations/MyObservationsSimple.tsx(3,33): error TS7016: Could not find a declaration file for module 'components/Explore/ObservationsViewBar'. 'src/components/Explore/ObservationsViewBar.js' implicitly has an 'any' type.
src/components/MyObservations/MyObservationsSimple.tsx(322,39): error TS18048: 'taxa' is possibly 'undefined'.
src/components/MyObservations/MyObservationsSimple.tsx(33,27): error TS7016: Could not find a declaration file for module './Announcements'. 'src/components/MyObservations/Announcements.js' implicitly has an 'any' type.
src/components/MyObservations/MyObservationsSimple.tsx(331,51): error TS2551: Property 'default_photo' does not exist on type 'RealmTaxon'. Did you mean 'defaultPhoto'?
src/components/MyObservations/MyObservationsSimple.tsx(345,39): error TS18048: 'taxa' is possibly 'undefined'.
src/components/MyObservations/MyObservationsSimple.tsx(353,13): error TS2322: Type '{ triggerCondition: boolean; imageComponentOptions: { onImageComponentPress: () => void; accessibilityHint: string; imageComponent: Element; }; }' is not assignable to type 'IntrinsicAttributes & Props'. Property 'imageComponentOptions' does not exist on type 'IntrinsicAttributes & Props'.
src/components/MyObservations/MyObservationsSimple.tsx(370,62): error TS18048: 'numTotalObservations' is possibly 'undefined'.
src/components/MyObservations/MyObservationsSimple.tsx(375,54): error TS18048: 'numTotalObservations' is possibly 'undefined'.
src/components/MyObservations/MyObservationsSimple.tsx(38,21): error TS7016: Could not find a declaration file for module './StatTab'. 'src/components/MyObservations/StatTab.js' implicitly has an 'any' type.
src/components/MyObservations/MyObservationsSimple.tsx(4,35): error TS7016: Could not find a declaration file for module 'components/ObservationsFlashList/ObservationsFlashList'. 'src/components/ObservationsFlashList/ObservationsFlashList.js' implicitly has an 'any' type.
src/components/MyObservations/MyObservationsSimple.tsx(5,25): error TS7016: Could not find a declaration file for module 'components/ObservationsFlashList/ObsGridItem'. 'src/components/ObservationsFlashList/ObsGridItem.js' implicitly has an 'any' type.
src/components/MyObservations/MyObservationsSimpleHeader.tsx(20,22): error TS7016: Could not find a declaration file for module 'stores/useStore'. 'src/stores/useStore.js' implicitly has an 'any' type.
src/components/MyObservations/MyObservationsSimpleHeader.tsx(23,41): error TS7016: Could not find a declaration file for module './SimpleUploadBannerContainer'. 'src/components/MyObservations/SimpleUploadBannerContainer.js' implicitly has an 'any' type.
src/components/MyObservations/MyObservationsSimpleHeader.tsx(43,40): error TS7006: Parameter 'state' implicitly has an 'any' type.
src/components/MyObservations/MyObservationsSimpleHeader.tsx(44,40): error TS7006: Parameter 'state' implicitly has an 'any' type.
src/components/MyObservations/MyObservationsSimpleHeader.tsx(45,51): error TS7006: Parameter 'state' implicitly has an 'any' type.
src/components/MyObservations/MyObservationsSimpleHeader.tsx(46,34): error TS7006: Parameter 'state' implicitly has an 'any' type.
src/components/MyObservations/MyObservationsSimpleHeader.tsx(47,35): error TS7006: Parameter 'state' implicitly has an 'any' type.
src/components/MyObservations/MyObservationsSimpleHeader.tsx(48,48): error TS7006: Parameter 'state' implicitly has an 'any' type.
src/components/MyObservations/MyObservationsSimpleHeader.tsx(49,41): error TS7006: Parameter 'state' implicitly has an 'any' type.
src/components/MyObservations/SimpleErrorHeader.tsx(11,27): error TS7016: Could not find a declaration file for module './Announcements'. 'src/components/MyObservations/Announcements.js' implicitly has an 'any' type.
src/components/NetworkService.ts(1,21): error TS7016: Could not find a declaration file for module 'sharedHelpers/logger'. 'src/sharedHelpers/logger.js' implicitly has an 'any' type.
src/components/Notifications/Notifications.tsx(46,11): error TS2322: Type 'User | null' is not assignable to type 'RealmUser | null'. Property 'id' is missing in type 'RealmObject<DefaultObject, never>' but required in type 'RealmUser'.
src/components/Notifications/Notifications.tsx(53,11): error TS2322: Type 'User | null' is not assignable to type 'RealmUser | null'.
src/components/Notifications/NotificationsContainer.tsx(9,21): error TS7016: Could not find a declaration file for module 'sharedHelpers/logger'. 'src/sharedHelpers/logger.js' implicitly has an 'any' type.
src/components/Notifications/NotificationsListItem.tsx(32,20): error TS2339: Property 'push' does not exist on type 'Omit<NavigationProp<RootParamList>, "getState"> & { getState(): Readonly<{ key: string; index: number; routeNames: string[]; history?: unknown[] | undefined; routes: NavigationRoute<...>[]; type: string; stale: false; }> | undefined; }'.
src/components/Notifications/NotificationsTab.tsx(1,54): error TS7016: Could not find a declaration file for module 'api/observations'. 'src/api/observations.js' implicitly has an 'any' type.
src/components/Notifications/NotificationsTab.tsx(12,22): error TS7016: Could not find a declaration file for module 'stores/useStore'. 'src/stores/useStore.js' implicitly has an 'any' type.
src/components/Notifications/NotificationsTab.tsx(19,49): error TS7006: Parameter 'state' implicitly has an 'any' type.
src/components/Notifications/NotificationsTab.tsx(31,5): error TS2345: Argument of type '(optsWithAuth: ApiOpts) => any' is not assignable to parameter of type 'QueryFunction<unknown>'. Types of parameters 'optsWithAuth' and 'options' are incompatible. Type '{ api_token: string | null; }' is not assignable to type 'ApiOpts'.
src/components/ObsDetails/DetailsTab/CoordinatesCopiedNotification.tsx(9,27): error TS7016: Could not find a declaration file for module 'styles/global'. 'src/styles/global.js' implicitly has an 'any' type.
src/components/ObsDetails/DetailsTab/LocationSection.tsx(144,13): error TS2322: Type 'User | null' is not assignable to type '{ id: number; }'. Type 'null' is not assignable to type '{ id: number; }'.
src/components/ObsDetails/DetailsTab/LocationSection.tsx(15,25): error TS7016: Could not find a declaration file for module 'realmModels/Observation'. 'src/realmModels/Observation.js' implicitly has an 'any' type.
src/components/ObsDetails/DetailsTab/LocationSection.tsx(18,30): error TS7016: Could not find a declaration file for module './DetailsMapHeader'. 'src/components/ObsDetails/DetailsTab/DetailsMapHeader.js' implicitly has an 'any' type.
src/components/ObsDetails/DetailsTab/LocationSection.tsx(62,9): error TS2322: Type '{ mapHeight: number; observation: Observation; openMapScreen: () => void; scrollEnabled: false; showLocationIndicator: true; tileMapParams: { taxon_id: any; verifiable: boolean; } | null; withObsTiles: boolean; zoomEnabled: false; zoomTapEnabled: false; }' is not assignable to type 'IntrinsicAttributes & Props & RefAttributes<unknown>'. Property 'showLocationIndicator' does not exist on type 'IntrinsicAttributes & Props & RefAttributes<unknown>'.
src/components/ObsDetails/DetailsTab/ObscurationExplanation.tsx(15,20): error TS2339: Property 'obscured' does not exist on type 'object'.
src/components/ObsDetails/DetailsTab/ObscurationExplanation.tsx(16,23): error TS2339: Property 'privateLatitude' does not exist on type 'object'.
src/components/ObsDetails/DetailsTab/ObscurationExplanation.tsx(18,29): error TS2339: Property 'user' does not exist on type 'object'.
src/components/ObsDetails/DetailsTab/ProjectSection.tsx(59,48): error TS2345: Argument of type 'string' is not assignable to parameter of type 'never'.
src/components/ObsDetails/PhotoContainer.tsx(54,7): error TS2322: Type '({ uri: string | null; } | { uri: string; width: number; height: number; })[]' is not assignable to type 'ImageSourcePropType | undefined'. Type '({ uri: string | null; } | { uri: string; width: number; height: number; })[]' is not assignable to type 'ImageURISource[]'. Type '{ uri: string | null; } | { uri: string; width: number; height: number; }' is not assignable to type 'ImageURISource'. Type '{ uri: string | null; }' is not assignable to type 'ImageURISource'. Types of property 'uri' are incompatible. Type 'string | null' is not assignable to type 'string | undefined'.
src/components/ObsDetails/PhotoContainer.tsx(76,28): error TS2322: Type '{ className: string; }' is not assignable to type 'IntrinsicAttributes & Props'. Property 'className' does not exist on type 'IntrinsicAttributes & Props'.
src/components/ObsDetails/Sheets/PotentialDisagreementSheet.tsx(35,40): error TS2339: Property 'prefers_common_names' does not exist on type 'User'.
src/components/ObsDetails/Sheets/PotentialDisagreementSheet.tsx(37,41): error TS2339: Property 'prefers_scientific_name_first' does not exist on type 'User'.
src/components/ObsDetails/Sheets/PotentialDisagreementSheet.tsx(83,8): error TS2741: Property 'handlePress' is missing in type '{ taxon: ApiTaxon | RealmTaxon; }' but required in type 'Props'.
src/components/ObsDetails/Sheets/PotentialDisagreementSheet.tsx(97,7): error TS2322: Type '{ unsure: { value: boolean; labelComponent: React.JSX.Element; }; disagree: { value: boolean; labelComponent: React.JSX.Element; }; }' is not assignable to type '{ [key: string]: { value: string; icon?: string | undefined; label: string; text?: string | undefined; buttonText?: string | undefined; }; }'. Property 'unsure' is incompatible with index signature. Property 'label' is missing in type '{ value: boolean; labelComponent: React.JSX.Element; }' but required in type '{ value: string; icon?: string | undefined; label: string; text?: string | undefined; buttonText?: string | undefined; }'.
src/components/ObsDetails/Sheets/PotentialDisagreementSheet.tsx(98,7): error TS2322: Type 'boolean' is not assignable to type 'string'.
src/components/ObsDetails/Sheets/SuggestIDSheet.tsx(10,15): error TS2305: Module '"react"' has no exported member 'Node'.
src/components/ObsDetails/Sheets/SuggestIDSheet.tsx(100,20): error TS2322: Type '{ title: string; onPress: () => void; className: string; testID: string; accessibilityRole: string; accessibilityHint: string; level: string; }[]' is not assignable to type 'ButtonConfiguration[]'. Property 'isPrimary' is missing in type '{ title: string; onPress: () => void; className: string; testID: string; accessibilityRole: string; accessibilityHint: string; level: string; }' but required in type 'ButtonConfiguration'.
src/components/ObsDetails/Sheets/SuggestIDSheet.tsx(49,7): error TS2345: Argument of type '{ title: string; isPrimary: boolean; onPress: () => void; className: string; testID: string; accessibilityHint: string; }' is not assignable to parameter of type '{ title: string; onPress: () => void; className: string; testID: string; accessibilityRole: string; accessibilityHint: string; level: string; }'. Object literal may only specify known properties, and 'isPrimary' does not exist in type '{ title: string; onPress: () => void; className: string; testID: string; accessibilityRole: string; accessibilityHint: string; level: string; }'.
src/components/ObsDetails/Sheets/SuggestIDSheet.tsx(60,7): error TS2345: Argument of type '{ title: string; isPrimary: boolean; onPress: () => void; className: string; testID: string; accessibilityHint: string; }' is not assignable to parameter of type '{ title: string; onPress: () => void; className: string; testID: string; accessibilityRole: string; accessibilityHint: string; level: string; }'. Object literal may only specify known properties, and 'isPrimary' does not exist in type '{ title: string; onPress: () => void; className: string; testID: string; accessibilityRole: string; accessibilityHint: string; level: string; }'.
src/components/ObsDetails/Sheets/SuggestIDSheet.tsx(70,6): error TS2746: This JSX tag's 'children' prop expects a single child of type 'Element', but multiple children were provided.
src/components/ObsDetails/Sheets/SuggestIDSheet.tsx(93,18): error TS2741: Property 'handlePress' is missing in type '{ taxon: { id: number; }; }' but required in type 'Props'.
src/components/ObsDetailsDefaultMode/IdentificationSheets.tsx(2,31): error TS7016: Could not find a declaration file for module 'api/comments'. 'src/api/comments.js' implicitly has an 'any' type.
src/components/ObsDetailsDefaultMode/IdentificationSheets.tsx(20,30): error TS7016: Could not find a declaration file for module './Sheets/AgreeWithIDSheet'. 'src/components/ObsDetailsDefaultMode/Sheets/AgreeWithIDSheet.js' implicitly has an 'any' type.
src/components/ObsDetailsDefaultMode/IdentificationSheets.tsx(21,40): error TS7016: Could not find a declaration file for module './Sheets/PotentialDisagreementSheet'. 'src/components/ObsDetailsDefaultMode/Sheets/PotentialDisagreementSheet.js' implicitly has an 'any' type.
src/components/ObsDetailsDefaultMode/IdentificationSheets.tsx(230,42): error TS7006: Parameter 'body' implicitly has an 'any' type.
src/components/ObsDetailsDefaultMode/IdentificationSheets.tsx(240,39): error TS7006: Parameter 'error' implicitly has an 'any' type.
src/components/ObsDetailsDefaultMode/IdentificationSheets.tsx(247,18): error TS7006: Parameter 'data' implicitly has an 'any' type.
src/components/ObsDetailsDefaultMode/IdentificationSheets.tsx(247,7): error TS2345: Argument of type '{ onSuccess: (data: any) => void; onError: (e: any) => void; }' is not assignable to parameter of type 'MutationOptions'. Object literal may only specify known properties, and 'onSuccess' does not exist in type 'MutationOptions'.
src/components/ObsDetailsDefaultMode/IdentificationSheets.tsx(253,16): error TS7006: Parameter 'e' implicitly has an 'any' type.
src/components/ObsDetailsDefaultMode/IdentificationSheets.tsx(279,52): error TS2345: Argument of type 'number | undefined' is not assignable to parameter of type 'number'. Type 'undefined' is not assignable to type 'number'.
src/components/ObsDetailsDefaultMode/IdentificationSheets.tsx(285,7): error TS2322: Type 'Taxon | null' is not assignable to type 'Taxon | undefined'. Type 'null' is not assignable to type 'Taxon | undefined'.
src/components/ObsDetailsDefaultMode/IdentificationSheets.tsx(3,38): error TS7016: Could not find a declaration file for module 'api/identifications'. 'src/api/identifications.js' implicitly has an 'any' type.
src/components/ObsDetailsDefaultMode/IdentificationSheets.tsx(315,42): error TS2345: Argument of type 'number | undefined' is not assignable to parameter of type 'number'. Type 'undefined' is not assignable to type 'number'.
src/components/ObsDetailsDefaultMode/IdentificationSheets.tsx(319,9): error TS2322: Type '(RealmObject<DefaultObject, never> & DefaultObject) | null' is not assignable to type 'Taxon'. Type 'null' is not assignable to type 'Taxon'.
src/components/ObsDetailsDefaultMode/IdentificationSheets.tsx(344,42): error TS2345: Argument of type '{ identification: { observation_id: string | undefined; taxon_id: number | undefined; body: string | undefined; }; }' is not assignable to parameter of type 'void'.
src/components/ObsDetailsDefaultMode/IdentificationSheets.tsx(366,42): error TS2345: Argument of type '{ identification: { observation_id: string | undefined; taxon_id: number; vision: boolean | undefined; disagreement: boolean | undefined; body: string | undefined; }; }' is not assignable to parameter of type 'void'.
src/components/ObsDetailsDefaultMode/IdentificationSheets.tsx(391,18): error TS7006: Parameter 'data' implicitly has an 'any' type.
src/components/ObsDetailsDefaultMode/IdentificationSheets.tsx(391,7): error TS2345: Argument of type '{ onSuccess: (data: any) => void; onError: (e: any) => void; }' is not assignable to parameter of type 'MutationOptions'. Object literal may only specify known properties, and 'onSuccess' does not exist in type 'MutationOptions'.
src/components/ObsDetailsDefaultMode/IdentificationSheets.tsx(392,16): error TS7006: Parameter 'e' implicitly has an 'any' type.
src/components/ObsDetailsDefaultMode/IdentificationSheets.tsx(406,35): error TS2345: Argument of type '{ comment: { body: string; parent_id: string | undefined; parent_type: string; }; }' is not assignable to parameter of type 'void'.
src/components/ObsDetailsDefaultMode/IdentificationSheets.tsx(461,11): error TS2322: Type 'Identification | null' is not assignable to type '{ body?: string | undefined; taxon: { id: number; }; }'. Type 'null' is not assignable to type '{ body?: string | undefined; taxon: { id: number; }; }'.
src/components/ObsDetailsDefaultMode/IdentificationSheets.tsx(481,10): error TS2741: Property 'loading' is missing in type '{ onPressClose: () => void; headerText: string; text: string; buttonText: string; confirm: () => void; }' but required in type 'Props'.
src/components/ObsDetailsDefaultMode/LocationSection/LocationSection.tsx(27,36): error TS2339: Property 'privateLatitude' does not exist on type 'RealmObservation'.
src/components/ObsDetailsDefaultMode/LocationSection/LocationSection.tsx(54,15): error TS2322: Type 'string | undefined' is not assignable to type 'string'. Type 'undefined' is not assignable to type 'string'.
src/components/ObsDetailsDefaultMode/LocationSection/LocationSection.tsx(59,15): error TS2322: Type 'string | null' is not assignable to type 'string | undefined'.
src/components/ObsDetailsDefaultMode/LocationSection/LocationSection.tsx(60,15): error TS2322: Type '"private" | "obscured" | "open" | null | undefined' is not assignable to type 'string | undefined'. Type 'null' is not assignable to type 'string | undefined'.
src/components/ObsDetailsDefaultMode/LocationSection/LocationSection.tsx(73,13): error TS2322: Type 'User | null' is not assignable to type '{ id: number; }'. Type 'null' is not assignable to type '{ id: number; }'.
src/components/ObsDetailsDefaultMode/LocationSection/ObscurationExplanation.tsx(15,20): error TS2339: Property 'obscured' does not exist on type 'object'.
src/components/ObsDetailsDefaultMode/LocationSection/ObscurationExplanation.tsx(16,23): error TS2339: Property 'privateLatitude' does not exist on type 'object'.
src/components/ObsDetailsDefaultMode/LocationSection/ObscurationExplanation.tsx(18,29): error TS2339: Property 'user' does not exist on type 'object'.
src/components/ObsDetailsDefaultMode/MoreSection/DQAButton.tsx(21,43): error TS2345: Argument of type 'string' is not assignable to parameter of type 'never'.
src/components/ObsDetailsDefaultMode/MoreSection/ProjectButton.tsx(44,44): error TS2345: Argument of type 'string' is not assignable to parameter of type 'never'.
src/components/ObsDetailsDefaultMode/MoreSection/ShareButton.tsx(15,27): error TS7006: Parameter 'url' implicitly has an 'any' type.
src/components/ObsDetailsDefaultMode/MoreSection/ShareButton.tsx(28,18): error TS18046: 'err' is of type 'unknown'.
src/components/ObsDetailsDefaultMode/MoreSection/ShareButton.tsx(5,15): error TS2305: Module '"react"' has no exported member 'Node'.
src/components/ObsDetailsDefaultMode/NotesSection/NotesSection.tsx(19,8): error TS2741: Property 'text' is missing in type '{ children: string; }' but required in type 'Props'.
src/components/ObsDetailsDefaultMode/ObsDetailsDefaultModeHeaderRight.tsx(14,29): error TS7016: Could not find a declaration file for module './HeaderKebabMenu'. 'src/components/ObsDetailsDefaultMode/HeaderKebabMenu.js' implicitly has an 'any' type.
src/components/ObsDetailsDefaultMode/PhotoContainer.tsx(54,7): error TS2322: Type '({ uri: string | null; } | { uri: string; width: number; height: number; })[]' is not assignable to type 'ImageSourcePropType | undefined'. Type '({ uri: string | null; } | { uri: string; width: number; height: number; })[]' is not assignable to type 'ImageURISource[]'. Type '{ uri: string | null; } | { uri: string; width: number; height: number; }' is not assignable to type 'ImageURISource'. Type '{ uri: string | null; }' is not assignable to type 'ImageURISource'. Types of property 'uri' are incompatible. Type 'string | null' is not assignable to type 'string | undefined'.
src/components/ObsDetailsDefaultMode/PhotoContainer.tsx(76,28): error TS2322: Type '{ className: string; }' is not assignable to type 'IntrinsicAttributes & Props'. Property 'className' does not exist on type 'IntrinsicAttributes & Props'.
src/components/ObsDetailsDefaultMode/Sheets/SuggestIDSheet.tsx(10,15): error TS2305: Module '"react"' has no exported member 'Node'.
src/components/ObsDetailsDefaultMode/Sheets/SuggestIDSheet.tsx(31,4): error TS2746: This JSX tag's 'children' prop expects a single child of type 'Element', but multiple children were provided.
src/components/ObsDetailsDefaultMode/Sheets/SuggestIDSheet.tsx(54,16): error TS2741: Property 'handlePress' is missing in type '{ taxon: { id: number; }; }' but required in type 'Props'.
src/components/ObsEdit/BottomButtons.tsx(9,27): error TS7016: Could not find a declaration file for module 'styles/global'. 'src/styles/global.js' implicitly has an 'any' type.
src/components/ObsEdit/BottomButtonsContainer.tsx(14,22): error TS7016: Could not find a declaration file for module 'stores/useStore'. 'src/stores/useStore.js' implicitly has an 'any' type.
src/components/ObsEdit/BottomButtonsContainer.tsx(18,36): error TS7016: Could not find a declaration file for module './Sheets/ImpreciseLocationSheet'. 'src/components/ObsEdit/Sheets/ImpreciseLocationSheet.js' implicitly has an 'any' type.
src/components/ObsEdit/BottomButtonsContainer.tsx(19,34): error TS7016: Could not find a declaration file for module './Sheets/MissingEvidenceSheet'. 'src/components/ObsEdit/Sheets/MissingEvidenceSheet.js' implicitly has an 'any' type.
src/components/ObsEdit/BottomButtonsContainer.tsx(42,36): error TS7006: Parameter 'state' implicitly has an 'any' type.
src/components/ObsEdit/BottomButtonsContainer.tsx(43,36): error TS7006: Parameter 'state' implicitly has an 'any' type.
src/components/ObsEdit/BottomButtonsContainer.tsx(44,38): error TS7006: Parameter 'state' implicitly has an 'any' type.
src/components/ObsEdit/BottomButtonsContainer.tsx(45,47): error TS7006: Parameter 'state' implicitly has an 'any' type.
src/components/ObsEdit/BottomButtonsContainer.tsx(46,47): error TS7006: Parameter 'state' implicitly has an 'any' type.
src/components/ObsEdit/BottomButtonsContainer.tsx(47,36): error TS7006: Parameter 'state' implicitly has an 'any' type.
src/components/ObsEdit/BottomButtonsContainer.tsx(48,52): error TS7006: Parameter 'state' implicitly has an 'any' type.
src/components/ObsEdit/BottomButtonsContainer.tsx(50,5): error TS7006: Parameter 'state' implicitly has an 'any' type.
src/components/ObsEdit/BottomButtonsContainer.tsx(62,31): error TS2554: Expected 1 arguments, but got 0.
src/components/ObsEdit/DatePicker.tsx(72,38): error TS2322: Type 'false | "color-warningRed"' is not assignable to type 'string | undefined'. Type 'boolean' is not assignable to type 'string'.
src/components/ObsEdit/MultipleObservationsUploadStatus.tsx(14,42): error TS7006: Parameter 'state' implicitly has an 'any' type.
src/components/ObsEdit/MultipleObservationsUploadStatus.tsx(17,39): error TS7006: Parameter 'state' implicitly has an 'any' type.
src/components/ObsEdit/MultipleObservationsUploadStatus.tsx(18,44): error TS7006: Parameter 'state' implicitly has an 'any' type.
src/components/ObsEdit/MultipleObservationsUploadStatus.tsx(19,33): error TS7006: Parameter 'state' implicitly has an 'any' type.
src/components/ObsEdit/MultipleObservationsUploadStatus.tsx(25,35): error TS7006: Parameter 'state' implicitly has an 'any' type.
src/components/ObsEdit/MultipleObservationsUploadStatus.tsx(6,15): error TS2305: Module '"react"' has no exported member 'Node'.
src/components/ObsEdit/MultipleObservationsUploadStatus.tsx(9,22): error TS7016: Could not find a declaration file for module 'stores/useStore'. 'src/stores/useStore.js' implicitly has an 'any' type.
src/components/ObsEdit/Sheets/GeoprivacySheet.tsx(17,29): error TS7051: Parameter has a name but no type. Did you mean 'arg0: Geoprivacy'?
src/components/ObsEdit/Sheets/GeoprivacySheet.tsx(9,8): error TS7016: Could not find a declaration file for module 'realmModels/Observation'. 'src/realmModels/Observation.js' implicitly has an 'any' type.
src/components/ObservationsFlashList/ObsImage.tsx(53,9): error TS2322: Type '{ className: string; testID: string; accessibilityIgnoresInvertColors: true; fadeDuration: number; source: { url: string; cachePolicy: "discWithCacheControl"; resizeMode: "cover"; }; }' is not assignable to type 'IntrinsicAttributes & FasterImageProps & { className?: string | undefined; tw?: string | undefined; baseClassName?: string | undefined; baseTw?: string | undefined; } & RefAttributes<...>'. Property 'testID' does not exist on type 'IntrinsicAttributes & FasterImageProps & { className?: string | undefined; tw?: string | undefined; baseClassName?: string | undefined; baseTw?: string | undefined; } & RefAttributes<...>'.
src/components/ObservationsFlashList/ObsImagePreview.tsx(6,27): error TS7016: Could not find a declaration file for module 'styles/global'. 'src/styles/global.js' implicitly has an 'any' type.
src/components/ObservationsFlashList/ObsPressable.tsx(6,25): error TS7016: Could not find a declaration file for module './ObsGridItem'. 'src/components/ObservationsFlashList/ObsGridItem.js' implicitly has an 'any' type.
src/components/ObservationsFlashList/ObsPressable.tsx(7,25): error TS7016: Could not find a declaration file for module './ObsListItem'. 'src/components/ObservationsFlashList/ObsListItem.js' implicitly has an 'any' type.
src/components/ObservationsFlashList/ObsUploadStatus.tsx(57,31): error TS2551: Property 'missing_basics' does not exist on type 'RealmObservation'. Did you mean 'missingBasics'?
src/components/ObservationsFlashList/ObsUploadStatus.tsx(59,7): error TS2322: Type 'number | undefined' is not assignable to type 'number'. Type 'undefined' is not assignable to type 'number'.
src/components/OnboardingModal/OnboardingModal.tsx(10,22): error TS7016: Could not find a declaration file for module 'stores/useStore'. 'src/stores/useStore.js' implicitly has an 'any' type.
src/components/OnboardingModal/OnboardingModal.tsx(202,7): error TS2322: Type '{ animationIn: string; animationOut: string; animationInTiming: number; animationOutTiming: number; showModal: boolean; closeModal: () => void; modal: Element; fullScreen: true; }' is not assignable to type 'IntrinsicAttributes & Props'. Property 'animationInTiming' does not exist on type 'IntrinsicAttributes & Props'.
src/components/OnboardingModal/OnboardingModal.tsx(48,31): error TS7006: Parameter 'state' implicitly has an 'any' type.
src/components/OnboardingModal/OnboardingModal.tsx(49,34): error TS7006: Parameter 'state' implicitly has an 'any' type.
src/components/OnboardingModal/PivotCards.tsx(46,50): error TS2339: Property 'imageComponentOptions' does not exist on type 'Props'.
src/components/OnboardingModal/PivotCards.tsx(53,9): error TS2741: Property 'description' is missing in type '{ title: string; imageComponentOptions: any; }' but required in type 'Slide'.
src/components/OnboardingModal/PivotCards.tsx(97,32): error TS2769: No overload matches this call. Overload 1 of 2, '(...args: never): void', gave the following error. Argument of type 'string' is not assignable to parameter of type 'never'. Overload 2 of 2, '(options: never): void', gave the following error. Argument of type 'string' is not assignable to parameter of type 'never'.
src/components/PhotoSharing.tsx(10,22): error TS7016: Could not find a declaration file for module 'stores/useStore'. 'src/stores/useStore.js' implicitly has an 'any' type.
src/components/PhotoSharing.tsx(100,29): error TS2345: Argument of type 'true' is not assignable to parameter of type 'SetStateAction<null>'.
src/components/PhotoSharing.tsx(114,31): error TS2345: Argument of type 'false' is not assignable to parameter of type 'SetStateAction<null>'.
src/components/PhotoSharing.tsx(16,11): error TS2339: Property 'item' does not exist on type 'Readonly<object | undefined>'.
src/components/PhotoSharing.tsx(18,47): error TS7006: Parameter 'state' implicitly has an 'any' type.
src/components/PhotoSharing.tsx(19,36): error TS7006: Parameter 'state' implicitly has an 'any' type.
src/components/PhotoSharing.tsx(20,43): error TS7006: Parameter 'state' implicitly has an 'any' type.
src/components/PhotoSharing.tsx(24,39): error TS7006: Parameter 'screen' implicitly has an 'any' type.
src/components/PhotoSharing.tsx(44,59): error TS7006: Parameter 'photoUris' implicitly has an 'any' type.
src/components/PhotoSharing.tsx(56,9): error TS2345: Argument of type 'unknown' is not assignable to parameter of type 'string | undefined'.
src/components/PhotoSharing.tsx(70,16): error TS7006: Parameter 'x' implicitly has an 'any' type.
src/components/PhotoSharing.tsx(71,13): error TS7006: Parameter 'x' implicitly has an 'any' type.
src/components/PhotoSharing.tsx(79,42): error TS7006: Parameter 'x' implicitly has an 'any' type.
src/components/PhotoSharing.tsx(8,25): error TS7016: Could not find a declaration file for module 'realmModels/Observation'. 'src/realmModels/Observation.js' implicitly has an 'any' type.
src/components/PhotoSharing.tsx(80,39): error TS7006: Parameter 'photo' implicitly has an 'any' type.
src/components/ProjectDetails/AboutProjectType.tsx(28,31): error TS7053: Element implicitly has an 'any' type because expression of type '"" | "collection" | "umbrella"' can't be used to index type '{ collection: { header: string; about: string; }; traditional: { header: string; about: string; }; umbrella: { header: string; about: string; }; }'. Property '' does not exist on type '{ collection: { header: string; about: string; }; traditional: { header: string; about: string; }; umbrella: { header: string; about: string; }; }'.
src/components/ProjectDetails/ProjectMembers.tsx(20,11): error TS2339: Property 'id' does not exist on type 'Readonly<object | undefined>'.
src/components/ProjectDetails/ProjectMembers.tsx(20,15): error TS2339: Property 'title' does not exist on type 'Readonly<object | undefined>'.
src/components/ProjectDetails/ProjectMembers.tsx(5,37): error TS7016: Could not find a declaration file for module 'api/projects'. 'src/api/projects.js' implicitly has an 'any' type.
src/components/ProjectDetails/ProjectMembers.tsx(74,28): error TS2322: Type '() => React.JSX.Element' is not assignable to type 'ReactElement<any, any>'.
src/components/ProjectDetails/ProjectMembers.tsx(75,29): error TS2322: Type '() => React.JSX.Element' is not assignable to type 'ReactElement<any, any>'.
src/components/ProjectDetails/ProjectRequirements.tsx(115,23): error TS7006: Parameter 'operator' implicitly has an 'any' type.
src/components/ProjectDetails/ProjectRequirements.tsx(115,44): error TS2339: Property 'project_observation_rules' does not exist on type '{}'.
src/components/ProjectDetails/ProjectRequirements.tsx(116,14): error TS7006: Parameter 'r' implicitly has an 'any' type.
src/components/ProjectDetails/ProjectRequirements.tsx(118,29): error TS7006: Parameter 'taxon' implicitly has an 'any' type.
src/components/ProjectDetails/ProjectRequirements.tsx(125,28): error TS2769: No overload matches this call. Overload 1 of 2, '(...args: never): void', gave the following error. Argument of type '{ key: string; name: string; params: { id: any; }; }' is not assignable to parameter of type 'never'. Overload 2 of 2, '(options: never): void', gave the following error. Argument of type '{ key: string; name: string; params: { id: any; }; }' is not assignable to parameter of type 'never'.
src/components/ProjectDetails/ProjectRequirements.tsx(146,5): error TS18048: 'taxonRule' is possibly 'undefined'.
src/components/ProjectDetails/ProjectRequirements.tsx(146,5): error TS2322: Type '{ taxon: any; text: null; onPress: () => void; }[]' is not assignable to type 'never[]'. Type '{ taxon: any; text: null; onPress: () => void; }' is not assignable to type 'never'.
src/components/ProjectDetails/ProjectRequirements.tsx(149,5): error TS18048: 'taxonRule' is possibly 'undefined'.
src/components/ProjectDetails/ProjectRequirements.tsx(149,5): error TS2322: Type '{ taxon: any; text: null; onPress: () => void; }[]' is not assignable to type 'never[]'.
src/components/ProjectDetails/ProjectRequirements.tsx(153,29): error TS7006: Parameter 'place' implicitly has an 'any' type.
src/components/ProjectDetails/ProjectRequirements.tsx(155,42): error TS2345: Argument of type 'string' is not assignable to parameter of type 'never'.
src/components/ProjectDetails/ProjectRequirements.tsx(16,23): error TS7006: Parameter 'item' implicitly has an 'any' type.
src/components/ProjectDetails/ProjectRequirements.tsx(171,5): error TS18048: 'locationRule' is possibly 'undefined'.
src/components/ProjectDetails/ProjectRequirements.tsx(171,5): error TS2322: Type '{ text: any; onPress: () => void; }[]' is not assignable to type 'never[]'. Type '{ text: any; onPress: () => void; }' is not assignable to type 'never'.
src/components/ProjectDetails/ProjectRequirements.tsx(174,5): error TS18048: 'locationRule' is possibly 'undefined'.
src/components/ProjectDetails/ProjectRequirements.tsx(174,5): error TS2322: Type '{ text: any; onPress: () => void; }[]' is not assignable to type 'never[]'.
src/components/ProjectDetails/ProjectRequirements.tsx(178,47): error TS2339: Property 'search_parameters' does not exist on type '{}'.
src/components/ProjectDetails/ProjectRequirements.tsx(179,15): error TS7006: Parameter 'pref' implicitly has an 'any' type.
src/components/ProjectDetails/ProjectRequirements.tsx(185,28): error TS7006: Parameter 'user' implicitly has an 'any' type.
src/components/ProjectDetails/ProjectRequirements.tsx(187,42): error TS2345: Argument of type 'string' is not assignable to parameter of type 'never'.
src/components/ProjectDetails/ProjectRequirements.tsx(191,5): error TS18048: 'userRule' is possibly 'undefined'.
src/components/ProjectDetails/ProjectRequirements.tsx(191,5): error TS2322: Type '{ text: any; onPress: () => void; }[]' is not assignable to type 'never[]'. Type '{ text: any; onPress: () => void; }' is not assignable to type 'never'.
src/components/ProjectDetails/ProjectRequirements.tsx(194,5): error TS18048: 'userRule' is possibly 'undefined'.
src/components/ProjectDetails/ProjectRequirements.tsx(194,5): error TS2322: Type '{ text: any; onPress: () => void; }[]' is not assignable to type 'never[]'.
src/components/ProjectDetails/ProjectRequirements.tsx(197,5): error TS18048: 'userRule' is possibly 'undefined'.
src/components/ProjectDetails/ProjectRequirements.tsx(203,31): error TS7006: Parameter 'includedProject' implicitly has an 'any' type.
src/components/ProjectDetails/ProjectRequirements.tsx(205,42): error TS2345: Argument of type 'string' is not assignable to parameter of type 'never'.
src/components/ProjectDetails/ProjectRequirements.tsx(208,37): error TS2339: Property 'project_observation_rules' does not exist on type '{}'.
src/components/ProjectDetails/ProjectRequirements.tsx(209,14): error TS7006: Parameter 'r' implicitly has an 'any' type.
src/components/ProjectDetails/ProjectRequirements.tsx(212,5): error TS18048: 'projectRule' is possibly 'undefined'.
src/components/ProjectDetails/ProjectRequirements.tsx(212,52): error TS7006: Parameter 'r' implicitly has an 'any' type.
src/components/ProjectDetails/ProjectRequirements.tsx(216,49): error TS2339: Property 'rule_preferences' does not exist on type '{}'.
src/components/ProjectDetails/ProjectRequirements.tsx(217,15): error TS7006: Parameter 'pref' implicitly has an 'any' type.
src/components/ProjectDetails/ProjectRequirements.tsx(221,5): error TS18048: 'qualityGradeRule' is possibly 'undefined'.
src/components/ProjectDetails/ProjectRequirements.tsx(221,54): error TS7006: Parameter 'grade' implicitly has an 'any' type.
src/components/ProjectDetails/ProjectRequirements.tsx(227,42): error TS2339: Property 'rule_preferences' does not exist on type '{}'.
src/components/ProjectDetails/ProjectRequirements.tsx(228,15): error TS7006: Parameter 'pref' implicitly has an 'any' type.
src/components/ProjectDetails/ProjectRequirements.tsx(229,42): error TS2339: Property 'rule_preferences' does not exist on type '{}'.
src/components/ProjectDetails/ProjectRequirements.tsx(230,15): error TS7006: Parameter 'pref' implicitly has an 'any' type.
src/components/ProjectDetails/ProjectRequirements.tsx(24,11): error TS2339: Property 'id' does not exist on type 'Readonly<object | undefined>'.
src/components/ProjectDetails/ProjectRequirements.tsx(241,5): error TS18048: 'mediaRule' is possibly 'undefined'.
src/components/ProjectDetails/ProjectRequirements.tsx(241,5): error TS2322: Type '{ text: string; }[]' is not assignable to type 'never[]'. Type '{ text: string; }' is not assignable to type 'never'.
src/components/ProjectDetails/ProjectRequirements.tsx(247,5): error TS18048: 'dateRule' is possibly 'undefined'.
src/components/ProjectDetails/ProjectRequirements.tsx(251,7): error TS2322: Type '{ text: any; }' is not assignable to type 'never'.
src/components/ProjectDetails/ProjectRequirements.tsx(258,46): error TS2339: Property 'rule_preferences' does not exist on type '{}'.
src/components/ProjectDetails/ProjectRequirements.tsx(259,15): error TS7006: Parameter 'pref' implicitly has an 'any' type.
src/components/ProjectDetails/ProjectRequirements.tsx(260,42): error TS2339: Property 'rule_preferences' does not exist on type '{}'.
src/components/ProjectDetails/ProjectRequirements.tsx(261,15): error TS7006: Parameter 'pref' implicitly has an 'any' type.
src/components/ProjectDetails/ProjectRequirements.tsx(262,43): error TS2339: Property 'rule_preferences' does not exist on type '{}'.
src/components/ProjectDetails/ProjectRequirements.tsx(263,15): error TS7006: Parameter 'pref' implicitly has an 'any' type.
src/components/ProjectDetails/ProjectRequirements.tsx(27,30): error TS7006: Parameter 'option' implicitly has an 'any' type.
src/components/ProjectDetails/ProjectRequirements.tsx(277,5): error TS18048: 'establishmentRule' is possibly 'undefined'.
src/components/ProjectDetails/ProjectRequirements.tsx(277,5): error TS2322: Type '{ text: string; }[]' is not assignable to type 'never[]'. Type '{ text: string; }' is not assignable to type 'never'.
src/components/ProjectDetails/ProjectRequirements.tsx(291,32): error TS2322: Type 'unknown' is not assignable to type 'ApiProject | null | undefined'.
src/components/ProjectDetails/ProjectRequirements.tsx(4,8): error TS7016: Could not find a declaration file for module 'api/projects'. 'src/api/projects.js' implicitly has an 'any' type.
src/components/ProjectDetails/ProjectRuleItem.tsx(14,10): error TS2339: Property 'inclusions' does not exist on type 'object'.
src/components/ProjectDetails/ProjectRuleItem.tsx(15,13): error TS2339: Property 'exclusions' does not exist on type 'object'.
src/components/ProjectDetails/ProjectRuleItem.tsx(20,31): error TS2339: Property 'inclusions' does not exist on type 'object'.
src/components/ProjectDetails/ProjectRuleItem.tsx(20,56): error TS2339: Property 'exclusions' does not exist on type 'object'.
src/components/ProjectDetails/ProjectRuleItem.tsx(29,25): error TS7006: Parameter 'taxon' implicitly has an 'any' type.
src/components/ProjectDetails/ProjectRuleItem.tsx(31,40): error TS2339: Property 'prefers_common_names' does not exist on type 'User'.
src/components/ProjectDetails/ProjectRuleItem.tsx(33,41): error TS2339: Property 'prefers_scientific_name_first' does not exist on type 'User'.
src/components/ProjectDetails/ProjectRuleItem.tsx(39,21): error TS7006: Parameter 'ruleType' implicitly has an 'any' type.
src/components/ProjectDetails/ProjectRuleItem.tsx(39,47): error TS7006: Parameter 'item' implicitly has an 'any' type.
src/components/ProjectDetails/ProjectRuleItem.tsx(41,17): error TS2339: Property 'name' does not exist on type 'object'.
src/components/ProjectDetails/ProjectRuleItem.tsx(42,19): error TS2339: Property 'name' does not exist on type 'object'.
src/components/ProjectDetails/ProjectRuleItem.tsx(43,19): error TS2339: Property 'name' does not exist on type 'object'.
src/components/ProjectDetails/ProjectRuleItem.tsx(58,27): error TS2339: Property 'inclusions' does not exist on type 'object'.
src/components/ProjectDetails/ProjectRuleItem.tsx(58,60): error TS2339: Property 'exclusions' does not exist on type 'object'.
src/components/ProjectDetails/ProjectRuleItem.tsx(59,31): error TS2339: Property 'defaults' does not exist on type 'object'.
src/components/ProjectDetails/ProjectRuleItem.tsx(63,28): error TS2339: Property 'inclusions' does not exist on type 'object'.
src/components/ProjectDetails/ProjectRuleItem.tsx(64,27): error TS2339: Property 'inclusions' does not exist on type 'object'.
src/components/ProjectDetails/ProjectRuleItem.tsx(65,19): error TS2339: Property 'inclusions' does not exist on type 'object'.
src/components/ProjectDetails/ProjectRuleItem.tsx(66,30): error TS2339: Property 'exclusions' does not exist on type 'object'.
src/components/ProjectDetails/ProjectRuleItem.tsx(69,31): error TS2339: Property 'exclusions' does not exist on type 'object'.
src/components/ProjectDetails/ProjectRuleItem.tsx(74,19): error TS7053: Element implicitly has an 'any' type because expression of type 'any' can't be used to index type '{ Taxa: string; Users: string; Projects: string; Location: string; }'.
src/components/ProjectDetails/ProjectRuleItem.tsx(74,42): error TS2339: Property 'name' does not exist on type 'object'.
src/components/ProjectDetails/ProjectRuleItem.tsx(85,43): error TS2339: Property 'name' does not exist on type 'object'.
src/components/ProjectList/ProjectList.tsx(41,32): error TS2345: Argument of type 'string' is not assignable to parameter of type 'never'.
src/components/ProjectList/ProjectList.tsx(63,21): error TS7006: Parameter 'item' implicitly has an 'any' type.
src/components/ProjectList/ProjectListContainer.tsx(15,11): error TS2339: Property 'projects' does not exist on type 'Readonly<object | undefined>'.
src/components/ProjectList/ProjectListContainer.tsx(15,21): error TS2339: Property 'headerOptions' does not exist on type 'Readonly<object | undefined>'.
src/components/ProjectList/ProjectListItem.tsx(39,30): error TS7006: Parameter 'icon' implicitly has an 'any' type.
src/components/ProjectList/ProjectListItem.tsx(67,9): error TS2322: Type '{ className: string; source: { url: any; cachePolicy: "discWithCacheControl"; resizeMode: "cover"; }; testID: string; accessibilityIgnoresInvertColors: true; }' is not assignable to type 'IntrinsicAttributes & FasterImageProps & { className?: string | undefined; tw?: string | undefined; baseClassName?: string | undefined; baseTw?: string | undefined; } & RefAttributes<...>'. Property 'testID' does not exist on type 'IntrinsicAttributes & FasterImageProps & { className?: string | undefined; tw?: string | undefined; baseClassName?: string | undefined; baseTw?: string | undefined; } & RefAttributes<...>'.
src/components/ProjectList/ProjectListItem.tsx(84,35): error TS2345: Argument of type 'string | undefined' is not assignable to parameter of type 'string'. Type 'undefined' is not assignable to type 'string'.
src/components/Projects/helpers/displayDates.ts(3,23): error TS7006: Parameter 'item' implicitly has an 'any' type.
src/components/Projects/helpers/displayDates.ts(6,29): error TS7006: Parameter 'project' implicitly has an 'any' type.
src/components/Projects/helpers/displayDates.ts(6,38): error TS7006: Parameter 't' implicitly has an 'any' type.
src/components/Projects/helpers/displayDates.ts(6,41): error TS7006: Parameter 'i18n' implicitly has an 'any' type.
src/components/Projects/helpers/displayDates.ts(61,15): error TS7006: Parameter 'pref' implicitly has an 'any' type.
src/components/Projects/helpers/displayDates.ts(63,15): error TS7006: Parameter 'pref' implicitly has an 'any' type.
src/components/Projects/helpers/displayDates.ts(65,15): error TS7006: Parameter 'pref' implicitly has an 'any' type.
src/components/Projects/helpers/displayDates.ts(67,15): error TS7006: Parameter 'pref' implicitly has an 'any' type.
src/components/Projects/helpers/displayDates.ts(85,34): error TS7006: Parameter 'numberOfMonth' implicitly has an 'any' type.
src/components/Projects/helpers/displayDates.ts(85,51): error TS7053: Element implicitly has an 'any' type because expression of type 'any' can't be used to index type '{ 1: { label: any; value: number; }; 2: { label: any; value: number; }; 3: { label: any; value: number; }; 4: { label: any; value: number; }; 5: { label: any; value: number; }; 6: { label: any; value: number; }; 7: { label: any; value: number; }; ... 4 more ...; 12: { ...; }; }'.
src/components/Projects/hooks/useInfiniteProjectsScroll.ts(1,32): error TS7016: Could not find a declaration file for module 'api/projects'. 'src/api/projects.js' implicitly has an 'any' type.
src/components/Projects/hooks/useInfiniteProjectsScroll.ts(30,5): error TS2339: Property 'data' does not exist on type '{}'.
src/components/Projects/hooks/useInfiniteProjectsScroll.ts(31,5): error TS2339: Property 'isFetching' does not exist on type '{}'.
src/components/Projects/hooks/useInfiniteProjectsScroll.ts(32,5): error TS2339: Property 'isFetchingNextPage' does not exist on type '{}'.
src/components/Projects/hooks/useInfiniteProjectsScroll.ts(33,5): error TS2339: Property 'fetchNextPage' does not exist on type '{}'.
src/components/Projects/hooks/useInfiniteProjectsScroll.ts(36,15): error TS7031: Binding element 'pageParam' implicitly has an 'any' type.
src/components/Projects/hooks/useInfiniteProjectsScroll.ts(36,28): error TS7006: Parameter 'optsWithAuth' implicitly has an 'any' type.
src/components/Projects/hooks/useInfiniteProjectsScroll.ts(49,25): error TS7006: Parameter 'lastPage' implicitly has an 'any' type.
src/components/Projects/hooks/useInfiniteProjectsScroll.ts(57,34): error TS7006: Parameter 'page' implicitly has an 'any' type.
src/components/Projects/hooks/useInfiniteProjectsScroll.ts(59,10): error TS18046: 'a' is of type 'unknown'.
src/components/Projects/hooks/useInfiniteProjectsScroll.ts(59,20): error TS18046: 'b' is of type 'unknown'.
src/components/Projects/hooks/useInfiniteProjectsScroll.ts(62,10): error TS18046: 'a' is of type 'unknown'.
src/components/Projects/hooks/useInfiniteProjectsScroll.ts(62,20): error TS18046: 'b' is of type 'unknown'.
src/components/Projects/hooks/useInfiniteProjectsScroll.ts(7,39): error TS2339: Property 'params' does not exist on type '{}'.
src/components/Projects/hooks/useInfiniteProjectsScroll.ts(7,63): error TS2339: Property 'enabled' does not exist on type '{}'.
src/components/Projects/Projects.tsx(146,9): error TS2322: Type '() => React.JSX.Element | null' is not assignable to type 'ReactElement<any, any>'.
src/components/Projects/Projects.tsx(147,29): error TS2322: Type '() => React.JSX.Element' is not assignable to type 'ReactElement<any, any>'.
src/components/Projects/ProjectsContainer.tsx(25,33): error TS2339: Property 'id' does not exist on type 'User'.
src/components/Projects/ProjectsContainer.tsx(36,15): error TS2339: Property 'q' does not exist on type '{}'.
src/components/Projects/ProjectsContainer.tsx(38,15): error TS2339: Property 'member_id' does not exist on type '{}'.
src/components/Projects/ProjectsContainer.tsx(40,15): error TS2339: Property 'featured' does not exist on type '{}'.
src/components/Projects/ProjectsContainer.tsx(44,15): error TS2339: Property 'lat' does not exist on type '{}'.
src/components/Projects/ProjectsContainer.tsx(44,34): error TS2339: Property 'latitude' does not exist on type 'never'.
src/components/Projects/ProjectsContainer.tsx(45,15): error TS2339: Property 'lng' does not exist on type '{}'.
src/components/Projects/ProjectsContainer.tsx(45,34): error TS2339: Property 'longitude' does not exist on type 'never'.
src/components/Projects/ProjectsContainer.tsx(46,15): error TS2339: Property 'order_by' does not exist on type '{}'.
src/components/Projects/ProjectsContainer.tsx(47,15): error TS2339: Property 'spam' does not exist on type '{}'.
src/components/Projects/ProjectsContainer.tsx(52,22): error TS2345: Argument of type 'UserLocation | null' is not assignable to parameter of type 'SetStateAction<null>'.
src/components/Projects/ProjectsContainer.tsx(56,5): error TS2339: Property 'isFetching' does not exist on type '{}'.
src/components/Projects/ProjectsContainer.tsx(57,5): error TS2339: Property 'isFetchingNextPage' does not exist on type '{}'.
src/components/Projects/ProjectsContainer.tsx(58,5): error TS2339: Property 'fetchNextPage' does not exist on type '{}'.
src/components/Projects/ProjectsContainer.tsx(59,5): error TS2339: Property 'projects' does not exist on type '{}'.
src/components/Settings/AdvancedSettings.tsx(24,36): error TS7006: Parameter 'description' implicitly has an 'any' type.
src/components/Settings/AdvancedSettings.tsx(32,10): error TS2741: Property 'value' is missing in type '{ classNames: string; testID: string; smallLabel: true; checked: any; onPress: () => any; label: string; }' but required in type 'Props'.
src/components/Settings/AdvancedSettings.tsx(40,10): error TS2741: Property 'value' is missing in type '{ classNames: string; smallLabel: true; checked: boolean; onPress: () => any; label: string; }' but required in type 'Props'.
src/components/Settings/AdvancedSettings.tsx(50,10): error TS2741: Property 'value' is missing in type '{ classNames: string; testID: string; smallLabel: true; checked: boolean; onPress: () => any; label: string; }' but required in type 'Props'.
src/components/Settings/AdvancedSettings.tsx(58,10): error TS2741: Property 'value' is missing in type '{ classNames: string; smallLabel: true; checked: boolean; onPress: () => any; label: string; }' but required in type 'Props'.
src/components/Settings/AdvancedSettings.tsx(65,10): error TS2741: Property 'value' is missing in type '{ classNames: string; smallLabel: true; checked: boolean; onPress: () => any; label: string; }' but required in type 'Props'.
src/components/Settings/LanguageSetting.tsx(13,32): error TS7016: Could not find a declaration file for module 'stores/useStore'. 'src/stores/useStore.js' implicitly has an 'any' type.
src/components/Settings/LoggedInDefaultSettings.tsx(111,26): error TS2339: Property 'id' does not exist on type '{}'.
src/components/Settings/LoggedInDefaultSettings.tsx(131,28): error TS2339: Property 'id' does not exist on type '{}'.
src/components/Settings/LoggedInDefaultSettings.tsx(151,34): error TS2345: Argument of type 'string' is not assignable to parameter of type 'never'.
src/components/Settings/LoggedInDefaultSettings.tsx(158,30): error TS7006: Parameter 'url' implicitly has an 'any' type.
src/components/Settings/LoggedInDefaultSettings.tsx(169,40): error TS2769: No overload matches this call. Overload 1 of 2, '(...args: never): void', gave the following error. Argument of type 'string' is not assignable to parameter of type 'never'. Overload 2 of 2, '(options: never): void', gave the following error. Argument of type 'string' is not assignable to parameter of type 'never'.
src/components/Settings/LoggedInDefaultSettings.tsx(92,43): error TS2345: Argument of type 'string | boolean' is not assignable to parameter of type 'string'. Type 'boolean' is not assignable to type 'string'.
src/components/Settings/TaxonNamesSetting.tsx(49,36): error TS2345: Argument of type 'Partial<TaxonNamesSettings>' is not assignable to parameter of type 'TaxonNamesSettings'. Types of property 'prefers_common_names' are incompatible. Type 'boolean | undefined' is not assignable to type 'boolean'.
src/components/Settings/TaxonNamesSetting.tsx(50,15): error TS2345: Argument of type 'Partial<TaxonNamesSettings>' is not assignable to parameter of type 'TaxonNamesSettings'.
src/components/Settings/TaxonNamesSetting.tsx(58,39): error TS2339: Property 'prefers_common_names' does not exist on type 'User'.
src/components/Settings/TaxonNamesSetting.tsx(59,21): error TS2339: Property 'prefers_scientific_name_first' does not exist on type 'User'.
src/components/Settings/TaxonNamesSetting.tsx(61,43): error TS2339: Property 'prefers_common_names' does not exist on type 'User'.
src/components/Settings/TaxonNamesSetting.tsx(62,20): error TS2339: Property 'prefers_scientific_name_first' does not exist on type 'User'.
src/components/Settings/TaxonNamesSetting.tsx(64,43): error TS2339: Property 'prefers_common_names' does not exist on type 'User'.
src/components/Settings/TaxonNamesSetting.tsx(65,21): error TS2339: Property 'prefers_scientific_name_first' does not exist on type 'User'.
src/components/Settings/TaxonNamesSetting.tsx(71,8): error TS2741: Property 'value' is missing in type '{ smallLabel: true; checked: any; onPress: () => User | null; label: string; classNames: string; }' but required in type 'Props'.
src/components/Settings/TaxonNamesSetting.tsx(78,8): error TS2741: Property 'value' is missing in type '{ smallLabel: true; checked: any; onPress: () => User | null; label: string; classNames: string; }' but required in type 'Props'.
src/components/Settings/TaxonNamesSetting.tsx(85,8): error TS2741: Property 'value' is missing in type '{ smallLabel: true; checked: boolean; onPress: () => User | null; label: string; classNames: string; }' but required in type 'Props'.
src/components/SharedComponents/ButtonBar.tsx(5,27): error TS7016: Could not find a declaration file for module 'styles/global'. 'src/styles/global.js' implicitly has an 'any' type.
src/components/SharedComponents/Buttons/Button.tsx(241,11): error TS2322: Type '{ size: number; className: string; color: string | undefined; }' is not assignable to type 'IntrinsicAttributes & Props'. Property 'className' does not exist on type 'IntrinsicAttributes & Props'.
src/components/SharedComponents/Buttons/CloseButton.tsx(38,24): error TS2554: Expected 0 arguments, but got 1.
src/components/SharedComponents/Buttons/GradientButton.tsx(7,28): error TS7016: Could not find a declaration file for module 'styles/global'. 'src/styles/global.js' implicitly has an 'any' type.
src/components/SharedComponents/Buttons/INatIconButton.tsx(12,21): error TS7016: Could not find a declaration file for module 'sharedHelpers/logger'. 'src/sharedHelpers/logger.js' implicitly has an 'any' type.
src/components/SharedComponents/Buttons/INatIconButton.tsx(163,13): error TS2322: Type 'string | undefined' is not assignable to type 'string'. Type 'undefined' is not assignable to type 'string'.
src/components/SharedComponents/Buttons/PressableWithTracking.tsx(32,73): error TS2322: Type 'ForwardedRef<ForwardRefExoticComponent<PressableProps & RefAttributes<View>>>' is not assignable to type 'Ref<View> | undefined'. Type '(instance: ForwardRefExoticComponent<PressableProps & RefAttributes<View>> | null) => void' is not assignable to type 'Ref<View> | undefined'. Type '(instance: ForwardRefExoticComponent<PressableProps & RefAttributes<View>> | null) => void' is not assignable to type '(instance: View | null) => void | (() => VoidOrUndefinedOnly)'. Types of parameters 'instance' and 'instance' are incompatible. Type 'View | null' is not assignable to type 'ForwardRefExoticComponent<PressableProps & RefAttributes<View>> | null'. Type 'View' is not assignable to type 'ForwardRefExoticComponent<PressableProps & RefAttributes<View>> | null'.
src/components/SharedComponents/Buttons/PressableWithTracking.tsx(6,21): error TS7016: Could not find a declaration file for module 'sharedHelpers/logger'. 'src/sharedHelpers/logger.js' implicitly has an 'any' type.
src/components/SharedComponents/Buttons/TransparentCircleButton.tsx(35,5): error TS2322: Type '(_event: GestureResponderEvent) => void' is not assignable to type '(_event?: GestureResponderEvent | undefined) => void'. Types of parameters '_event' and '_event' are incompatible. Type 'GestureResponderEvent | undefined' is not assignable to type 'GestureResponderEvent'. Type 'undefined' is not assignable to type 'NativeSyntheticEvent<NativeTouchEvent>'.
src/components/SharedComponents/DateDisplay.tsx(26,21): error TS7006: Parameter 'props' implicitly has an 'any' type.
src/components/SharedComponents/DisplayTaxon.tsx(37,34): error TS2339: Property 'isIconic' does not exist on type 'object'.
src/components/SharedComponents/DisplayTaxon.tsx(38,13): error TS2339: Property 'name' does not exist on type 'object'.
src/components/SharedComponents/DisplayTaxon.tsx(39,14): error TS2339: Property 'iconic_taxon_name' does not exist on type 'object'.
src/components/SharedComponents/DisplayTaxon.tsx(41,29): error TS2339: Property 'default_photo' does not exist on type 'object'.
src/components/SharedComponents/DisplayTaxon.tsx(42,54): error TS2345: Argument of type 'import("src/realmModels/User").default | null' is not assignable to parameter of type 'User | null'. Type 'RealmObject<DefaultObject, never>' has no properties in common with type 'User'.
src/components/SharedComponents/DisplayTaxon.tsx(71,17): error TS2322: Type 'string' is not assignable to type 'Argument[]'.
src/components/SharedComponents/DisplayTaxon.tsx(79,49): error TS2339: Property 'prefers_scientific_name_first' does not exist on type 'User'.
src/components/SharedComponents/DisplayTaxon.tsx(80,48): error TS2339: Property 'prefers_common_names' does not exist on type 'User'.
src/components/SharedComponents/DisplayTaxonName.tsx(144,14): error TS2786: 'ScientificName' cannot be used as a JSX component. Its return type 'Element[] | undefined' is not a valid JSX element. Type 'undefined' is not assignable to type 'Element | null'.
src/components/SharedComponents/DisplayTaxonName.tsx(179,12): error TS2786: 'ScientificName' cannot be used as a JSX component. Its return type 'Element[] | undefined' is not a valid JSX element.
src/components/SharedComponents/DisplayTaxonName.tsx(87,36): error TS2339: Property 'toJSON' does not exist on type 'ApiTaxon | RealmTaxon'. Property 'toJSON' does not exist on type 'ApiTaxon'.
src/components/SharedComponents/DisplayTaxonName.tsx(88,13): error TS2339: Property 'toJSON' does not exist on type 'ApiTaxon | RealmTaxon'. Property 'toJSON' does not exist on type 'ApiTaxon'.
src/components/SharedComponents/FlashList/CustomFlashList.tsx(130,26): error TS7006: Parameter 'itemsCount' implicitly has an 'any' type.
src/components/SharedComponents/FlashList/CustomFlashList.tsx(139,23): error TS7006: Parameter 'params' implicitly has an 'any' type.
src/components/SharedComponents/FlashList/CustomFlashList.tsx(16,25): error TS7006: Parameter 'props' implicitly has an 'any' type.
src/components/SharedComponents/FlashList/CustomFlashList.tsx(49,51): error TS7006: Parameter 'info' implicitly has an 'any' type.
src/components/SharedComponents/FlashList/CustomFlashList.tsx(59,37): error TS7006: Parameter 'event' implicitly has an 'any' type.
src/components/SharedComponents/FlashList/CustomFlashList.tsx(67,46): error TS7006: Parameter 'event' implicitly has an 'any' type.
src/components/SharedComponents/FlashList/CustomFlashList.tsx(79,44): error TS7006: Parameter 'event' implicitly has an 'any' type.
src/components/SharedComponents/FlashList/CustomFlashList.tsx(91,48): error TS7006: Parameter 'event' implicitly has an 'any' type.
src/components/SharedComponents/FlashList/CustomRefreshControl.tsx(5,3): error TS7031: Binding element 'accessibilityLabel' implicitly has an 'any' type.
src/components/SharedComponents/FlashList/CustomRefreshControl.tsx(6,3): error TS7031: Binding element 'refreshing' implicitly has an 'any' type.
src/components/SharedComponents/FlashList/CustomRefreshControl.tsx(7,3): error TS7031: Binding element 'onRefresh' implicitly has an 'any' type.
src/components/SharedComponents/FloatingActionBar.tsx(6,27): error TS7016: Could not find a declaration file for module 'styles/global'. 'src/styles/global.js' implicitly has an 'any' type.
src/components/SharedComponents/IconicTaxonChooser.tsx(4,15): error TS2305: Module '"react"' has no exported member 'Node'.
src/components/SharedComponents/IconicTaxonChooser.tsx(50,45): error TS7031: Binding element 'iconicTaxonName' implicitly has an 'any' type.
src/components/SharedComponents/IconicTaxonChooser.tsx(74,11): error TS2322: Type 'string | false' is not assignable to type 'string | undefined'. Type 'boolean' is not assignable to type 'string'.
src/components/SharedComponents/INatIcon/INatIcon.ts(9,3): error TS2339: Property 'Button' does not exist on type 'FunctionComponent<TextProps & { name: "map" | "apple" | "label" | "stop" | "share" | "rotate" | "triangle-exclamation" | "triangle-down" | "trash" | "trash-outline" | "star" | "star-bold-outline" | ... 108 more ... | "add-comment-outline"; size?: number | undefined; color?: ColorValue | undefined; innerRef?: Ref<......'.
src/components/SharedComponents/INatIcon/index.tsx(114,7): error TS2322: Type 'string' is not assignable to type '"map" | "apple" | "label" | "stop" | "share" | "rotate" | "triangle-exclamation" | "triangle-down" | "trash" | "trash-outline" | "star" | "star-bold-outline" | "sparkly-label" | ... 107 more ... | "add-comment-outline"'.
src/components/SharedComponents/index.ts(34,39): error TS7016: Could not find a declaration file for module './InlineUser/HeaderUser'. 'src/components/SharedComponents/InlineUser/HeaderUser.js' implicitly has an 'any' type.
src/components/SharedComponents/index.ts(35,39): error TS7016: Could not find a declaration file for module './InlineUser/InlineUser'. 'src/components/SharedComponents/InlineUser/InlineUser.js' implicitly has an 'any' type.
src/components/SharedComponents/index.ts(40,39): error TS7016: Could not find a declaration file for module './Map/DetailsMap'. 'src/components/SharedComponents/Map/DetailsMap.js' implicitly has an 'any' type.
src/components/SharedComponents/index.ts(49,43): error TS7016: Could not find a declaration file for module './OverviewCounts'. 'src/components/SharedComponents/OverviewCounts.js' implicitly has an 'any' type.
src/components/SharedComponents/index.ts(55,55): error TS7016: Could not find a declaration file for module './ScrollableWithStickyHeader'. 'src/components/SharedComponents/ScrollableWithStickyHeader.js' implicitly has an 'any' type.
src/components/SharedComponents/index.ts(60,40): error TS7016: Could not find a declaration file for module './Sheets/PickerSheet'. 'src/components/SharedComponents/Sheets/PickerSheet.js' implicitly has an 'any' type.
src/components/SharedComponents/index.ts(62,43): error TS7016: Could not find a declaration file for module './Sheets/TextInputSheet'. 'src/components/SharedComponents/Sheets/TextInputSheet.js' implicitly has an 'any' type.
src/components/SharedComponents/InlineUser/InlineUserBase.tsx(38,51): error TS2339: Property 'id' does not exist on type 'User'.
src/components/SharedComponents/InlineUser/InlineUserBase.tsx(67,30): error TS2345: Argument of type 'string' is not assignable to parameter of type 'never'.
src/components/SharedComponents/KeyboardDismissableView.tsx(5,37): error TS7031: Binding element 'children' implicitly has an 'any' type.
src/components/SharedComponents/LocationPermissionGate.tsx(25,4): error TS2786: 'PermissionGateContainer' cannot be used as a JSX component. Its return type 'string | number | bigint | true | Element | Iterable<ReactNode> | Promise<AwaitedReactNode> | null' is not a valid JSX element. Type 'string' is not assignable to type 'ReactElement<any, any>'.
src/components/SharedComponents/Map/CurrentLocationButton.tsx(5,27): error TS7016: Could not find a declaration file for module 'styles/global'. 'src/styles/global.js' implicitly has an 'any' type.
src/components/SharedComponents/Map/helpers/mapHelpers.ts(117,29): error TS2339: Property 'uuid' does not exist on type '{}'.
src/components/SharedComponents/Map/Map.tsx(138,7): error TS7034: Variable 'defaultInitialRegion' implicitly has type 'any' in some locations where its type cannot be determined.
src/components/SharedComponents/Map/Map.tsx(17,25): error TS7016: Could not find a declaration file for module 'realmModels/Observation'. 'src/realmModels/Observation.js' implicitly has an 'any' type.
src/components/SharedComponents/Map/Map.tsx(191,22): error TS2345: Argument of type '{ latitude: number; longitude: number; }' is not assignable to parameter of type 'Region'. Type '{ latitude: number; longitude: number; }' is missing the following properties from type '{ latitudeDelta: number; longitudeDelta: number; }': latitudeDelta, longitudeDelta
src/components/SharedComponents/Map/Map.tsx(201,26): error TS2339: Property 'order' does not exist on type '{}'.
src/components/SharedComponents/Map/Map.tsx(202,26): error TS2339: Property 'order_by' does not exist on type '{}'.
src/components/SharedComponents/Map/Map.tsx(203,26): error TS2339: Property 'per_page' does not exist on type '{}'.
src/components/SharedComponents/Map/Map.tsx(210,18): error TS2339: Property 'push' does not exist on type 'Omit<NavigationProp<RootParamList>, "getState"> & { getState(): Readonly<{ key: string; index: number; routeNames: string[]; history?: unknown[] | undefined; routes: NavigationRoute<...>[]; type: string; stale: false; }> | undefined; }'.
src/components/SharedComponents/Map/Map.tsx(240,9): error TS7005: Variable 'defaultInitialRegion' implicitly has an 'any' type.
src/components/SharedComponents/Map/Map.tsx(314,42): error TS7006: Parameter 'locationChangeEvent' implicitly has an 'any' type.
src/components/SharedComponents/Map/Map.tsx(319,67): error TS7053: Element implicitly has an 'any' type because expression of type 'string' can't be used to index type '{}'. No index signature with a parameter of type 'string' was found on type '{}'.
src/components/SharedComponents/Map/Map.tsx(336,59): error TS7006: Parameter 'newRegion' implicitly has an 'any' type.
src/components/SharedComponents/Map/Map.tsx(336,70): error TS7006: Parameter 'gesture' implicitly has an 'any' type.
src/components/SharedComponents/Map/Map.tsx(396,26): error TS7006: Parameter 'e' implicitly has an 'any' type.
src/components/SharedComponents/Map/Map.tsx(412,22): error TS7006: Parameter 'curRegion' implicitly has an 'any' type.
src/components/SharedComponents/Map/Map.tsx(418,28): error TS7006: Parameter 'curRegion' implicitly has an 'any' type.
src/components/SharedComponents/Map/Map.tsx(43,28): error TS7006: Parameter 'initialLatitude' implicitly has an 'any' type.
src/components/SharedComponents/Map/Map.tsx(43,45): error TS7006: Parameter 'initialLongitude' implicitly has an 'any' type.
src/components/SharedComponents/Map/Map.tsx(464,19): error TS7006: Parameter 'instance' implicitly has an 'any' type.
src/components/SharedComponents/Map/Map.tsx(586,9): error TS2322: Type '() => React.JSX.Element | null' is not assignable to type '() => Element'. Type 'Element | null' is not assignable to type 'Element'. Type 'null' is not assignable to type 'ReactElement<any, any>'.
src/components/SharedComponents/Map/Map.tsx(591,8): error TS2786: 'SwitchMapTypeButton' cannot be used as a JSX component. Its return type 'false | Element | undefined' is not a valid JSX element. Type 'undefined' is not assignable to type 'Element | null'.
src/components/SharedComponents/Map/SwitchMapTypeButton.tsx(7,32): error TS7016: Could not find a declaration file for module 'stores/useStore'. 'src/stores/useStore.js' implicitly has an 'any' type.
src/components/SharedComponents/Map/SwitchMapTypeButton.tsx(8,27): error TS7016: Could not find a declaration file for module 'styles/global'. 'src/styles/global.js' implicitly has an 'any' type.
src/components/SharedComponents/Modal.tsx(69,7): error TS2322: Type 'string' is not assignable to type 'Animation | CustomAnimation<TextStyle & ViewStyle & ImageStyle> | undefined'.
src/components/SharedComponents/Modal.tsx(70,7): error TS2322: Type 'string' is not assignable to type 'Animation | CustomAnimation<TextStyle & ViewStyle & ImageStyle> | undefined'.
src/components/SharedComponents/ObservationLocation.tsx(2,36): error TS7016: Could not find a declaration file for module 'components/ObsDetails/helpers/checkCamelAndSnakeCase'. 'src/components/ObsDetails/helpers/checkCamelAndSnakeCase.js' implicitly has an 'any' type.
src/components/SharedComponents/ObservationLocation.tsx(25,35): error TS2339: Property 'geoprivacy' does not exist on type 'object'.
src/components/SharedComponents/ObservationLocation.tsx(26,40): error TS2339: Property 'taxon_geoprivacy' does not exist on type 'object'.
src/components/SharedComponents/ObservationLocation.tsx(31,19): error TS2339: Property 'private_place_guess' does not exist on type 'object'.
src/components/SharedComponents/ObservationLocation.tsx(49,29): error TS2339: Property 'latitude' does not exist on type 'object'.
src/components/SharedComponents/ObservationLocation.tsx(50,31): error TS2339: Property 'privateLatitude' does not exist on type 'object'.
src/components/SharedComponents/ObservationLocation.tsx(52,35): error TS2339: Property 'positional_accuracy' does not exist on type 'object'.
src/components/SharedComponents/ObservationLocation.tsx(53,31): error TS2339: Property 'privateLatitude' does not exist on type 'object'.
src/components/SharedComponents/ObservationLocation.tsx(55,31): error TS2339: Property 'privateLatitude' does not exist on type 'object'.
src/components/SharedComponents/ObservationLocation.tsx(56,32): error TS2339: Property 'privateLongitude' does not exist on type 'object'.
src/components/SharedComponents/ObservationLocation.tsx(61,29): error TS2339: Property 'latitude' does not exist on type 'object'.
src/components/SharedComponents/ObservationLocation.tsx(62,30): error TS2339: Property 'longitude' does not exist on type 'object'.
src/components/SharedComponents/ObsStatus.tsx(2,36): error TS7016: Could not find a declaration file for module 'components/ObsDetails/helpers/checkCamelAndSnakeCase'. 'src/components/ObsDetails/helpers/checkCamelAndSnakeCase.js' implicitly has an 'any' type.
src/components/SharedComponents/OfflineNotice.tsx(34,9): error TS2322: Type '{ name: string; size: number; "aria-hidden": true; accessibilityElementsHidden: true; importantForAccessibility: string; color: string | undefined; }' is not assignable to type 'IntrinsicAttributes & Props'. Property 'accessibilityElementsHidden' does not exist on type 'IntrinsicAttributes & Props'.
src/components/SharedComponents/PerformanceDebugView.tsx(39,38): error TS2339: Property 'lastFetchItemCount' does not exist on type '{ listReadyTime: number; itemsVisibleTime: number; scrollEvents: number; avgScrollDuration: number; avgFetchTime: number; lastFetchTime: number | null; }'.
src/components/SharedComponents/PerformanceDebugView.tsx(40,39): error TS2339: Property 'totalItemsDisplayed' does not exist on type '{ listReadyTime: number; itemsVisibleTime: number; scrollEvents: number; avgScrollDuration: number; avgFetchTime: number; lastFetchTime: number | null; }'.
src/components/SharedComponents/PhotoCount.tsx(63,9): error TS2322: Type '{ children: Element[]; height: number; width: number; viewBox: string; fill: string; xmlns: string; }' is not assignable to type 'IntrinsicAttributes & IntrinsicClassAttributes<Svg> & Pick<Readonly<SvgProps>, "filter" | "id" | ... 152 more ... | "fontVariationSettings"> & InexactPartial<...> & InexactPartial<...>'. Property 'xmlns' does not exist on type 'IntrinsicAttributes & IntrinsicClassAttributes<Svg> & Pick<Readonly<SvgProps>, "filter" | "id" | ... 152 more ... | "fontVariationSettings"> & InexactPartial<...> & InexactPartial<...>'.
src/components/SharedComponents/PhotoCount.tsx(9,28): error TS7016: Could not find a declaration file for module 'styles/global'. 'src/styles/global.js' implicitly has an 'any' type.
src/components/SharedComponents/ScientificName.tsx(6,19): error TS7016: Could not find a declaration file for module 'realmModels/Taxon'. 'src/realmModels/Taxon.js' implicitly has an 'any' type.
src/components/SharedComponents/ScientificName.tsx(71,34): error TS2345: Argument of type 'string' is not assignable to parameter of type 'Element'.
src/components/SharedComponents/ScientificName.tsx(71,5): error TS18048: 'scientificNameArray' is possibly 'undefined'.
src/components/SharedComponents/ScientificName.tsx(72,34): error TS2345: Argument of type 'string' is not assignable to parameter of type 'Element'.
src/components/SharedComponents/ScientificName.tsx(72,5): error TS18048: 'scientificNameArray' is possibly 'undefined'.
src/components/SharedComponents/ScrollViewWrapper.tsx(30,9): error TS2322: Type 'object | undefined' is not assignable to type 'Ref<unknown> | undefined'. Type 'object' is not assignable to type 'Ref<unknown> | undefined'.
src/components/SharedComponents/SearchBar.tsx(89,9): error TS2322: Type 'RefObject<TextInput | null> | MutableRefObject<TextInput | undefined> | undefined' is not assignable to type '((RefObject<TextInput | null> | ((instance: TextInput | null) => void | (() => VoidOrUndefinedOnly))) & (((instance: TextInputHandles | null) => void | (() => VoidOrUndefinedOnly)) | RefObject<...>)) | null | undefined'. Type 'MutableRefObject<TextInput | undefined>' is not assignable to type '((RefObject<TextInput | null> | ((instance: TextInput | null) => void | (() => VoidOrUndefinedOnly))) & (((instance: TextInputHandles | null) => void | (() => VoidOrUndefinedOnly)) | RefObject<...>)) | null | undefined'. Type 'MutableRefObject<TextInput | undefined>' is not assignable to type '((instance: TextInput | null) => void | (() => VoidOrUndefinedOnly)) & RefObject<TextInputHandles | null>'. Type 'MutableRefObject<TextInput | undefined>' is not assignable to type '(instance: TextInput | null) => void | (() => VoidOrUndefinedOnly)'. Type 'MutableRefObject<TextInput | undefined>' provides no match for the signature '(instance: TextInput | null): void | (() => VoidOrUndefinedOnly)'.
src/components/SharedComponents/SearchBar.tsx(9,27): error TS7016: Could not find a declaration file for module 'styles/global'. 'src/styles/global.js' implicitly has an 'any' type.
src/components/SharedComponents/Sheets/BottomSheet.tsx(106,7): error TS2322: Type 'RefObject<BottomSheetMethods | null>' is not assignable to type '((RefObject<BottomSheetMethods | null> | ((instance: BottomSheetMethods | null) => void | (() => VoidOrUndefinedOnly))) & (((instance: BottomSheetModal<...> | null) => void) | MutableRefObject<...>)) | null | undefined'. Type 'RefObject<BottomSheetMethods | null>' is not assignable to type '((instance: BottomSheetMethods | null) => void | (() => VoidOrUndefinedOnly)) & MutableRefObject<BottomSheetModal<any> | null>'. Type 'RefObject<BottomSheetMethods | null>' is not assignable to type '(instance: BottomSheetMethods | null) => void | (() => VoidOrUndefinedOnly)'. Type 'RefObject<BottomSheetMethods | null>' provides no match for the signature '(instance: BottomSheetMethods | null): void | (() => VoidOrUndefinedOnly)'.
src/components/SharedComponents/Sheets/BottomSheet.tsx(111,9): error TS2322: Type 'string' is not assignable to type 'boolean | "always" | "never" | "handled" | SharedValue<boolean | "always" | "never" | "handled" | undefined> | undefined'.
src/components/SharedComponents/Sheets/BottomSheet.tsx(120,11): error TS2322: Type 'Function | undefined' is not assignable to type '((event: LayoutChangeEvent) => void) | undefined'. Type 'Function' is not assignable to type '(event: LayoutChangeEvent) => void'. Type 'Function' provides no match for the signature '(event: LayoutChangeEvent): void'.
src/components/SharedComponents/Sheets/BottomSheet.tsx(140,15): error TS2322: Type '{ icon: string; onPress: () => void; size: number; className: string; accessibilityState: { disabled: false | undefined; }; accessibilityLabel: string; }' is not assignable to type 'IntrinsicAttributes & Props'. Property 'accessibilityState' does not exist on type 'IntrinsicAttributes & Props'. Did you mean 'accessibilityLabel'?
src/components/SharedComponents/Sheets/BottomSheet.tsx(63,5): error TS2722: Cannot invoke an object which is possibly 'undefined'.
src/components/SharedComponents/Sheets/BottomSheet.tsx(68,25): error TS2339: Property 'dismiss' does not exist on type 'BottomSheetMethods'.
src/components/SharedComponents/Sheets/BottomSheet.tsx(7,15): error TS2305: Module '"react"' has no exported member 'Node'.
src/components/SharedComponents/Sheets/BottomSheet.tsx(72,26): error TS7006: Parameter 'props' implicitly has an 'any' type.
src/components/SharedComponents/Sheets/BottomSheet.tsx(75,7): error TS2322: Type 'Function | undefined' is not assignable to type '() => void'. Type 'undefined' is not assignable to type '() => void'.
src/components/SharedComponents/Sheets/BottomSheet.tsx(83,25): error TS2339: Property 'present' does not exist on type 'BottomSheetMethods'.
src/components/SharedComponents/Sheets/RadioButtonSheet.tsx(58,47): error TS2339: Property 'labelComponent' does not exist on type '{ value: string; icon?: string | undefined; label: string; text?: string | undefined; buttonText?: string | undefined; }'.
src/components/SharedComponents/SimpleObservationLocation.tsx(1,36): error TS7016: Could not find a declaration file for module 'components/ObsDetails/helpers/checkCamelAndSnakeCase'. 'src/components/ObsDetails/helpers/checkCamelAndSnakeCase.js' implicitly has an 'any' type.
src/components/SharedComponents/SimpleObservationLocation.tsx(18,19): error TS2339: Property 'private_place_guess' does not exist on type 'object'.
src/components/SharedComponents/SpeciesSeenCheckmark.tsx(5,27): error TS7016: Could not find a declaration file for module 'styles/global'. 'src/styles/global.js' implicitly has an 'any' type.
src/components/SharedComponents/TaxonGridItem.tsx(30,54): error TS2345: Argument of type 'import("src/realmModels/User").default | null' is not assignable to parameter of type 'User | null'.
src/components/SharedComponents/TaxonGridItem.tsx(36,7): error TS2345: Argument of type 'ApiPhoto | undefined' is not assignable to parameter of type 'RealmPhoto'. Type 'undefined' is not assignable to type 'RealmPhoto'.
src/components/SharedComponents/TaxonGridItem.tsx(50,30): error TS2769: No overload matches this call. Overload 1 of 2, '(...args: never): void', gave the following error. Argument of type '{ key: string; name: string; params: { id: number | undefined; }; }' is not assignable to parameter of type 'never'. Overload 2 of 2, '(options: never): void', gave the following error. Argument of type '{ key: string; name: string; params: { id: number | undefined; }; }' is not assignable to parameter of type 'never'.
src/components/SharedComponents/TaxonGridItem.tsx(60,9): error TS2322: Type '{ uri: string | null; }' is not assignable to type '{ uri: string; }'. Types of property 'uri' are incompatible. Type 'string | null' is not assignable to type 'string'. Type 'null' is not assignable to type 'string'.
src/components/SharedComponents/TaxonGridItem.tsx(91,47): error TS2339: Property 'prefers_scientific_name_first' does not exist on type 'User'.
src/components/SharedComponents/TaxonGridItem.tsx(92,46): error TS2339: Property 'prefers_common_names' does not exist on type 'User'.
src/components/SharedComponents/TaxonResult.tsx(110,47): error TS2339: Property 'url' does not exist on type '{}'.
src/components/SharedComponents/TaxonResult.tsx(125,14): error TS2339: Property 'firstPhotoID' does not exist on type '{ id: number | undefined; hideNavButtons: boolean; lastScreen: string | null; vision: boolean; }'.
src/components/SharedComponents/TaxonResult.tsx(125,41): error TS2339: Property 'id' does not exist on type '{}'.
src/components/SharedComponents/TaxonResult.tsx(127,14): error TS2339: Property 'representativePhoto' does not exist on type '{ id: number | undefined; hideNavButtons: boolean; lastScreen: string | null; vision: boolean; }'.
src/components/SharedComponents/TaxonResult.tsx(129,16): error TS2339: Property 'push' does not exist on type 'Omit<NavigationProp<RootParamList>, "getState"> & { getState(): Readonly<{ key: string; index: number; routeNames: string[]; history?: unknown[] | undefined; routes: NavigationRoute<...>[]; type: string; stale: false; }> | undefined; }'.
src/components/SharedComponents/TaxonResult.tsx(216,47): error TS2339: Property 'prefers_scientific_name_first' does not exist on type 'User'.
src/components/SharedComponents/TaxonResult.tsx(217,46): error TS2339: Property 'prefers_common_names' does not exist on type 'User'.
src/components/SharedComponents/TaxonResult.tsx(70,3): error TS2339: Property 'retryQuery' does not exist on type 'TaxonResultProps'.
src/components/SharedComponents/TaxonResult.tsx(97,60): error TS2345: Argument of type 'import("src/realmModels/User").default | null' is not assignable to parameter of type 'User | null'.
src/components/SharedComponents/TaxonSearch.tsx(13,27): error TS7016: Could not find a declaration file for module 'styles/global'. 'src/styles/global.js' implicitly has an 'any' type.
src/components/SharedComponents/Typography/InatText.tsx(32,7): error TS2769: No overload matches this call. Overload 1 of 2, '(props: TextProps): Text', gave the following error. Type '{ textAlign: string; }' is not assignable to type 'TextStyle | Falsy | RegisteredStyle<TextStyle> | RecursiveArray<TextStyle | Falsy | RegisteredStyle<TextStyle>> | readonly (TextStyle | ... 1 more ... | RegisteredStyle<...>)[]'. Type '{ textAlign: string; }' is not assignable to type 'TextStyle'. Types of property 'textAlign' are incompatible. Type 'string' is not assignable to type '"center" | "auto" | "left" | "right" | "justify" | undefined'. Overload 2 of 2, '(props: TextProps, context: any): Text', gave the following error. Type '{ textAlign: string; }' is not assignable to type 'TextStyle | Falsy | RegisteredStyle<TextStyle> | RecursiveArray<TextStyle | Falsy | RegisteredStyle<TextStyle>> | readonly (TextStyle | ... 1 more ... | RegisteredStyle<...>)[]'.
src/components/SharedComponents/UploadProgressBar.tsx(1,15): error TS2305: Module '"react"' has no exported member 'Node'.
src/components/SharedComponents/UploadStatus/UploadProgressIcon.tsx(42,9): error TS2322: Type '{ activeStrokeColor: string; activeStrokeWidth: number; inActiveStrokeOpacity: number; maxValue: number; radius: number; showProgressValue: false; testID: string; value: number; }' is not assignable to type 'IntrinsicAttributes & CircularProgressProps & RefAttributes<ProgressRef>'. Property 'testID' does not exist on type 'IntrinsicAttributes & CircularProgressProps & RefAttributes<ProgressRef>'.
src/components/SharedComponents/UploadStatus/UploadStatus.tsx(4,36): error TS2724: '"react"' has no exported member named 'ReactComponent'. Did you mean 'PureComponent'?
src/components/SharedComponents/UploadStatus/UploadStatus.tsx(8,31): error TS7016: Could not find a declaration file for module './FadeOutFadeInIcon'. 'src/components/SharedComponents/UploadStatus/FadeOutFadeInIcon.js' implicitly has an 'any' type.
src/components/SharedComponents/UserText.tsx(159,22): error TS2339: Property 'push' does not exist on type 'Omit<NavigationProp<RootParamList>, "getState"> & { getState(): Readonly<{ key: string; index: number; routeNames: string[]; history?: unknown[] | undefined; routes: NavigationRoute<...>[]; type: string; stale: false; }> | undefined; }'.
src/components/StartupService.tsx(13,21): error TS7016: Could not find a declaration file for module 'sharedHelpers/logger'. 'src/sharedHelpers/logger.js' implicitly has an 'any' type.
src/components/StartupService.tsx(20,32): error TS7016: Could not find a declaration file for module 'stores/useStore'. 'src/stores/useStore.js' implicitly has an 'any' type.
src/components/Suggestions/hooks/useNavigateWithTaxonSelected.ts(17,11): error TS2339: Property 'entryScreen' does not exist on type '{}'.
src/components/Suggestions/hooks/useNavigateWithTaxonSelected.ts(17,24): error TS2339: Property 'lastScreen' does not exist on type '{}'.
src/components/Suggestions/hooks/useNavigateWithTaxonSelected.ts(18,40): error TS7006: Parameter 'state' implicitly has an 'any' type.
src/components/Suggestions/hooks/useNavigateWithTaxonSelected.ts(19,43): error TS7006: Parameter 'state' implicitly has an 'any' type.
src/components/Suggestions/hooks/useNavigateWithTaxonSelected.ts(3,22): error TS7016: Could not find a declaration file for module 'stores/useStore'. 'src/stores/useStore.js' implicitly has an 'any' type.
src/components/Suggestions/hooks/useNavigateWithTaxonSelected.ts(46,40): error TS2339: Property 'id' does not exist on type 'object'.
src/components/Suggestions/hooks/useNavigateWithTaxonSelected.ts(54,28): error TS2769: No overload matches this call. Overload 1 of 2, '(...args: never): void', gave the following error. Argument of type 'string' is not assignable to parameter of type 'never'. Overload 2 of 2, '(options: never): void', gave the following error. Argument of type 'string' is not assignable to parameter of type 'never'.
src/components/Suggestions/hooks/useNavigateWithTaxonSelected.ts(56,28): error TS2345: Argument of type 'string' is not assignable to parameter of type 'never'.
src/components/Suggestions/ObsPhotoSelectionList.tsx(20,40): error TS7031: Binding element 'item' implicitly has an 'any' type.
src/components/Suggestions/SuggestionsContainer.tsx(14,21): error TS7016: Could not find a declaration file for module 'sharedHelpers/logger'. 'src/sharedHelpers/logger.js' implicitly has an 'any' type.
src/components/Suggestions/SuggestionsContainer.tsx(145,40): error TS7006: Parameter 'state' implicitly has an 'any' type.
src/components/Suggestions/SuggestionsContainer.tsx(153,43): error TS7006: Parameter 'state' implicitly has an 'any' type.
src/components/Suggestions/SuggestionsContainer.tsx(22,22): error TS7016: Could not find a declaration file for module 'stores/useStore'. 'src/stores/useStore.js' implicitly has an 'any' type.
src/components/Suggestions/SuggestionsContainer.tsx(269,51): error TS7006: Parameter 'uri' implicitly has an 'any' type.
src/components/Suggestions/SuggestionsContainer.tsx(269,56): error TS7006: Parameter 'showLocation' implicitly has an 'any' type.
src/components/Suggestions/SuggestionsContainer.tsx(272,22): error TS2339: Property 'lat' does not exist on type 'FlattenUploadArgs'.
src/components/Suggestions/SuggestionsContainer.tsx(273,22): error TS2339: Property 'lng' does not exist on type 'FlattenUploadArgs'.
src/components/Suggestions/SuggestionsContainer.tsx(28,25): error TS7016: Could not find a declaration file for module './Suggestions'. 'src/components/Suggestions/Suggestions.js' implicitly has an 'any' type.
src/components/Suggestions/SuggestionsContainer.tsx(280,28): error TS7006: Parameter 'taxon' implicitly has an 'any' type.
src/components/Suggestions/SuggestionsContainer.tsx(294,11): error TS7006: Parameter 'uri' implicitly has an 'any' type.
src/components/Suggestions/SuggestionsContainer.tsx(326,49): error TS7031: Binding element 'showLocation' implicitly has an 'any' type.
src/components/Suggestions/SuggestionsContainer.tsx(392,20): error TS2339: Property 'lat' does not exist on type 'FlattenUploadArgs'.
src/components/Suggestions/SuggestionsContainer.tsx(393,20): error TS2339: Property 'lng' does not exist on type 'FlattenUploadArgs'.
src/components/Suggestions/SuggestionsContainer.tsx(421,27): error TS2339: Property 'hideSkip' does not exist on type 'object'.
src/components/Suggestions/SuggestionsContainer.tsx(47,23): error TS7006: Parameter 'selectedPhotoUri' implicitly has an 'any' type.
src/components/Suggestions/SuggestionsContainer.tsx(47,41): error TS7006: Parameter 'shouldUseEvidenceLocation' implicitly has an 'any' type.
src/components/Suggestions/SuggestionsContainer.tsx(5,30): error TS7016: Could not find a declaration file for module 'components/MediaViewer/MediaViewerModal'. 'src/components/MediaViewer/MediaViewerModal.js' implicitly has an 'any' type.
src/components/Suggestions/SuggestionsContainer.tsx(86,19): error TS7006: Parameter 'state' implicitly has an 'any' type.
src/components/Suggestions/SuggestionsContainer.tsx(86,26): error TS7006: Parameter 'action' implicitly has an 'any' type.
src/components/Suggestions/SuggestionsEmpty.tsx(26,11): error TS2339: Property 'lastScreen' does not exist on type 'Readonly<object | undefined>'.
src/components/Suggestions/SuggestionsFooter.tsx(106,112): error TS2339: Property 'results' does not exist on type '[]'.
src/components/Suggestions/SuggestionsFooter.tsx(117,53): error TS2339: Property 'taxon' does not exist on type 'never'.
src/components/Suggestions/SuggestionsFooter.tsx(118,66): error TS2339: Property 'taxon' does not exist on type 'never'.
src/components/Suggestions/SuggestionsFooter.tsx(119,77): error TS2339: Property 'combined_score' does not exist on type 'never'.
src/components/Suggestions/SuggestionsFooter.tsx(124,42): error TS2339: Property 'results' does not exist on type '[]'.
src/components/Suggestions/SuggestionsFooter.tsx(132,46): error TS2339: Property 'results' does not exist on type '[]'.
src/components/Suggestions/SuggestionsFooter.tsx(132,78): error TS7006: Parameter 'suggestion' implicitly has an 'any' type.
src/components/Suggestions/SuggestionsFooter.tsx(86,11): error TS2322: Type 'Function' is not assignable to type '(event: GestureResponderEvent) => void'. Type 'Function' provides no match for the signature '(event: GestureResponderEvent): void'.
src/components/Suggestions/SuggestionsLoading.tsx(10,22): error TS7016: Could not find a declaration file for module 'stores/useStore'. 'src/stores/useStore.js' implicitly has an 'any' type.
src/components/Suggestions/SuggestionsLoading.tsx(22,40): error TS7006: Parameter 'state' implicitly has an 'any' type.
src/components/Suggestions/SuggestionsTaxonSearch.tsx(25,52): error TS7031: Binding element 'taxon' implicitly has an 'any' type.
src/components/Suggestions/SuggestionsTaxonSearch.tsx(25,59): error TS7031: Binding element 'index' implicitly has an 'any' type.
src/components/Suggestions/SuggestionsTaxonSearch.tsx(44,7): error TS2322: Type 'Results<RealmObject<DefaultObject, never> & DefaultObject> | any[] | RealmTaxon[]' is not assignable to type 'RealmTaxon[]'. Type 'Results<RealmObject<DefaultObject, never> & DefaultObject>' is not assignable to type 'RealmTaxon[]'.
src/components/Suggestions/TaxonSearchButton.tsx(14,11): error TS2339: Property 'entryScreen' does not exist on type 'Readonly<object | undefined>'.
src/components/Suggestions/TaxonSearchButton.tsx(14,24): error TS2339: Property 'lastScreen' does not exist on type 'Readonly<object | undefined>'.
src/components/Suggestions/TaxonSearchButton.tsx(21,11): error TS2345: Argument of type 'string' is not assignable to parameter of type 'never'.
src/components/TaxonDetails/EstablishmentMeans.tsx(27,58): error TS2339: Property 'establishment_means' does not exist on type '{ place?: { display_name?: string | undefined; } | undefined; }'.
src/components/TaxonDetails/EstablishmentMeans.tsx(30,23): error TS18048: 'taxon.establishment_means.place' is possibly 'undefined'.
src/components/TaxonDetails/EstablishmentMeans.tsx(46,39): error TS2339: Property 'listed_taxa' does not exist on type '{ establishment_means?: { place?: { display_name?: string | undefined; } | undefined; } | undefined; }'.
src/components/TaxonDetails/EstablishmentMeans.tsx(47,23): error TS18048: 'taxon.establishment_means.place' is possibly 'undefined'.
src/components/TaxonDetails/EstablishmentMeans.tsx(47,23): error TS18048: 'taxon.establishment_means' is possibly 'undefined'.
src/components/TaxonDetails/EstablishmentMeans.tsx(47,55): error TS2339: Property 'id' does not exist on type '{ display_name?: string | undefined; }'.
src/components/TaxonDetails/EstablishmentMeans.tsx(55,17): error TS18048: 'taxon.establishment_means' is possibly 'undefined'.
src/components/TaxonDetails/EstablishmentMeans.tsx(55,43): error TS2339: Property 'id' does not exist on type '{ place?: { display_name?: string | undefined; } | undefined; }'.
src/components/TaxonDetails/EstablishmentMeans.tsx(56,30): error TS18048: 'taxon.establishment_means' is possibly 'undefined'.
src/components/TaxonDetails/EstablishmentMeans.tsx(56,56): error TS2339: Property 'id' does not exist on type '{ place?: { display_name?: string | undefined; } | undefined; }'.
src/components/TaxonDetails/TaxonDetailsHeader.tsx(106,43): error TS2769: No overload matches this call. Overload 1 of 2, '(...args: never): void', gave the following error. Argument of type 'string' is not assignable to parameter of type 'never'. Overload 2 of 2, '(options: never): void', gave the following error. Argument of type 'string' is not assignable to parameter of type 'never'.
src/components/TaxonDetails/TaxonDetailsMediaViewerHeader.tsx(30,24): error TS2739: Type '{}' is missing the following properties from type '{ rank: string; rank_level: number; id: number; }': rank, rank_level, id
src/components/TaxonDetails/TaxonDetailsTitle.tsx(79,42): error TS2345: Argument of type '(key: string, options?: {}) => string' is not assignable to parameter of type 'TFunction<"translation", undefined>'.
src/components/TaxonDetails/TaxonDetailsTitle.tsx(90,11): error TS2322: Type '{ rank: string; rank_level: number; id: number; } | undefined' is not assignable to type 'ApiTaxon | RealmTaxon'. Type 'undefined' is not assignable to type 'ApiTaxon | RealmTaxon'.
src/components/TaxonDetails/TaxonDetailsTitle.tsx(94,45): error TS2339: Property 'prefers_scientific_name_first' does not exist on type 'User'.
src/components/TaxonDetails/TaxonDetailsTitle.tsx(96,44): error TS2339: Property 'prefers_common_names' does not exist on type 'User'.
src/components/TaxonDetails/TaxonMapPreview.tsx(1,36): error TS7016: Could not find a declaration file for module 'api/observations'. 'src/api/observations.js' implicitly has an 'any' type.
src/components/TaxonDetails/TaxonMapPreview.tsx(103,19): error TS2322: Type 'object' is not assignable to type '{ rank: string; rank_level: number; id: number; }'.
src/components/TaxonDetails/TaxonMapPreview.tsx(33,21): error TS2339: Property 'id' does not exist on type 'object'.
src/components/TaxonDetails/TaxonMapPreview.tsx(50,52): error TS2339: Property 'total_results' does not exist on type '{}'.
src/components/TaxonDetails/TaxonMapPreview.tsx(51,40): error TS2339: Property 'total_bounds' does not exist on type '{}'.
src/components/TaxonDetails/TaxonMapPreview.tsx(54,53): error TS2339: Property 'total_bounds' does not exist on type '{}'.
src/components/TaxonDetails/TaxonMapPreview.tsx(56,31): error TS2339: Property 'privateLatitude' does not exist on type 'object'.
src/components/TaxonDetails/TaxonMapPreview.tsx(56,62): error TS2339: Property 'latitude' does not exist on type 'object'.
src/components/TaxonDetails/TaxonMapPreview.tsx(57,31): error TS2339: Property 'privateLongitude' does not exist on type 'object'.
src/components/TaxonDetails/TaxonMapPreview.tsx(57,63): error TS2339: Property 'longitude' does not exist on type 'object'.
src/components/TaxonDetails/Taxonomy.tsx(23,44): error TS2339: Property 'prefers_scientific_name_first' does not exist on type 'User'.
src/components/TaxonDetails/Taxonomy.tsx(26,26): error TS2769: No overload matches this call. Overload 1 of 2, '(...args: never): void', gave the following error. Argument of type '{ key: string; name: string; params: { id: number; hideNavButtons: boolean; usesVision: boolean; }; }' is not assignable to parameter of type 'never'. Overload 2 of 2, '(options: never): void', gave the following error. Argument of type '{ key: string; name: string; params: { id: number; hideNavButtons: boolean; usesVision: boolean; }; }' is not assignable to parameter of type 'never'.
src/components/TaxonDetails/Taxonomy.tsx(43,21): error TS2339: Property 'ancestors' does not exist on type 'object'.
src/components/TaxonDetails/Taxonomy.tsx(43,37): error TS7006: Parameter 'ancestor' implicitly has an 'any' type.
src/components/TaxonDetails/Taxonomy.tsx(45,11): error TS2322: Type 'User | null' is not assignable to type '{ login: string; id: number; }'. Type 'null' is not assignable to type '{ login: string; id: number; }'.
src/components/TaxonDetails/Taxonomy.tsx(54,9): error TS2322: Type 'User | null' is not assignable to type '{ login: string; id: number; }'. Type 'null' is not assignable to type '{ login: string; id: number; }'.
src/components/TaxonDetails/Taxonomy.tsx(56,27): error TS2339: Property 'id' does not exist on type 'object'.
src/components/TaxonDetails/Taxonomy.tsx(60,9): error TS2739: Type '{}' is missing the following properties from type '{ id: number; name: string; preferred_common_name?: string | undefined; rank: string; rank_level: number; }': id, name, rank, rank_level
src/components/TaxonDetails/Taxonomy.tsx(62,38): error TS2339: Property 'children' does not exist on type 'object'.
src/components/TaxonDetails/Taxonomy.tsx(62,53): error TS7006: Parameter 'child' implicitly has an 'any' type.
src/components/TaxonDetails/Taxonomy.tsx(64,11): error TS2322: Type 'User | null' is not assignable to type '{ login: string; id: number; }'. Type 'null' is not assignable to type '{ login: string; id: number; }'.
src/components/TaxonDetails/Taxonomy.tsx(73,39): error TS2339: Property 'children' does not exist on type 'object'.
src/components/TaxonDetails/TaxonomyScientificName.tsx(4,19): error TS7016: Could not find a declaration file for module 'realmModels/Taxon'. 'src/realmModels/Taxon.js' implicitly has an 'any' type.
src/components/TaxonDetails/TaxonomyTaxon.tsx(43,54): error TS2559: Type '{ login: string; id: number; }' has no properties in common with type 'User'.
src/components/TaxonDetails/TaxonomyTaxon.tsx(48,7): error TS2322: Type 'string | undefined' is not assignable to type 'string'. Type 'undefined' is not assignable to type 'string'.
src/components/TaxonDetails/TaxonomyTaxon.tsx(49,7): error TS2322: Type 'number | undefined' is not assignable to type 'number'. Type 'undefined' is not assignable to type 'number'.
src/components/TaxonDetails/TaxonomyTaxon.tsx(50,7): error TS2322: Type 'string | undefined' is not assignable to type 'string'. Type 'undefined' is not assignable to type 'string'.
src/components/TaxonDetails/TaxonomyTaxon.tsx(52,7): error TS2322: Type 'string[] | undefined' is not assignable to type 'string[]'. Type 'undefined' is not assignable to type 'string[]'.
src/components/TaxonDetails/TaxonomyTaxon.tsx(56,25): error TS2322: Type 'string | undefined' is not assignable to type 'string'. Type 'undefined' is not assignable to type 'string'.
src/components/TaxonDetails/Wikipedia.tsx(31,35): error TS2339: Property 'wikipedia_url' does not exist on type 'object'.
src/components/TaxonDetails/Wikipedia.tsx(34,15): error TS2339: Property 'wikipedia_summary' does not exist on type 'object'.
src/components/TaxonDetails/Wikipedia.tsx(34,42): error TS2339: Property 'wikipedia_summary' does not exist on type 'object'.
src/components/TaxonDetails/Wikipedia.tsx(43,31): error TS2339: Property 'wikipedia_summary' does not exist on type 'object'.
src/components/TaxonDetails/Wikipedia.tsx(48,15): error TS2339: Property 'wikipedia_url' does not exist on type 'object'.
src/components/TaxonDetails/Wikipedia.tsx(48,38): error TS2339: Property 'wikipedia_url' does not exist on type 'object'.
src/components/UserList/UserList.tsx(42,26): error TS7031: Binding element 'item' implicitly has an 'any' type.
src/components/UserList/UserList.tsx(59,22): error TS2554: Expected 0 arguments, but got 1.
src/components/UserList/UserList.tsx(61,34): error TS2345: Argument of type 'string' is not assignable to parameter of type 'never'.
src/components/UserList/UserList.tsx(78,21): error TS7006: Parameter 'item' implicitly has an 'any' type.
src/components/UserList/UserListItem.tsx(27,22): error TS2339: Property 'user' does not exist on type 'object'.
src/components/UserList/UserListItem.tsx(30,11): error TS7031: Binding element 'children' implicitly has an 'any' type.
src/components/UserList/UserListItem.tsx(39,9): error TS2322: Type 'Function | undefined' is not assignable to type '((event: GestureResponderEvent) => void) | null | undefined'. Type 'Function' is not assignable to type '(event: GestureResponderEvent) => void'. Type 'Function' provides no match for the signature '(event: GestureResponderEvent): void'.
src/components/UserList/UserListItem.tsx(46,11): error TS7031: Binding element 'children' implicitly has an 'any' type.
src/components/UserList/UserListItem.tsx(6,15): error TS2305: Module '"react"' has no exported member 'Node'.
src/components/UserProfile/FollowersList.tsx(29,11): error TS2339: Property 'user' does not exist on type 'Readonly<object | undefined>'.
src/components/UserProfile/FollowersList.tsx(37,5): error TS2339: Property 'data' does not exist on type '{}'.
src/components/UserProfile/FollowersList.tsx(39,5): error TS2339: Property 'isFetching' does not exist on type '{}'.
src/components/UserProfile/FollowersList.tsx(40,5): error TS2339: Property 'totalResults' does not exist on type '{}'.
src/components/UserProfile/FollowersList.tsx(42,5): error TS2345: Argument of type 'any[]' is not assignable to parameter of type 'string'.
src/components/UserProfile/FollowersList.tsx(5,28): error TS7016: Could not find a declaration file for module 'api/users'. 'src/api/users.js' implicitly has an 'any' type.
src/components/UserProfile/FollowingList.tsx(29,11): error TS2339: Property 'user' does not exist on type 'Readonly<object | undefined>'.
src/components/UserProfile/FollowingList.tsx(37,5): error TS2339: Property 'data' does not exist on type '{}'.
src/components/UserProfile/FollowingList.tsx(39,5): error TS2339: Property 'isFetching' does not exist on type '{}'.
src/components/UserProfile/FollowingList.tsx(40,5): error TS2339: Property 'totalResults' does not exist on type '{}'.
src/components/UserProfile/FollowingList.tsx(42,5): error TS2345: Argument of type 'any[]' is not assignable to parameter of type 'string'.
src/components/UserProfile/FollowingList.tsx(5,28): error TS7016: Could not find a declaration file for module 'api/users'. 'src/api/users.js' implicitly has an 'any' type.
src/components/UserProfile/UnfollowSheet.tsx(1,37): error TS7016: Could not find a declaration file for module 'api/relationships'. 'src/api/relationships.js' implicitly has an 'any' type.
src/components/UserProfile/UnfollowSheet.tsx(26,67): error TS2345: Argument of type '{ id: number; relationship: { following: boolean; }; }' is not assignable to parameter of type 'void'.
src/components/UserProfile/UnfollowSheet.tsx(42,6): error TS2741: Property 'loading' is missing in type '{ onPressClose: () => void; secondButtonText: string; buttonType: string; headerText: string; buttonText: string; handleSecondButtonPress: () => void; confirm: () => void; }' but required in type 'Props'.
src/navigation/BottomTabNavigator/CustomTabBarContainer.tsx(12,26): error TS7016: Could not find a declaration file for module './CustomTabBar'. 'src/navigation/BottomTabNavigator/CustomTabBar.js' implicitly has an 'any' type.
src/navigation/BottomTabNavigator/CustomTabBarContainer.tsx(44,49): error TS2345: Argument of type 'User | null' is not assignable to parameter of type 'RealmUser | ApiUser | undefined'. Type 'null' is not assignable to type 'RealmUser | ApiUser | undefined'.
src/navigation/BottomTabNavigator/CustomTabBarContainer.tsx(65,20): error TS2339: Property 'openDrawer' does not exist on type 'NavigationHelpers<ParamListBase, BottomTabNavigationEventMap>'.
src/navigation/BottomTabNavigator/CustomTabBarContainer.tsx(7,8): error TS7016: Could not find a declaration file for module 'navigation/StackNavigators/TabStackNavigator'. 'src/navigation/StackNavigators/TabStackNavigator.js' implicitly has an 'any' type.
src/navigation/BottomTabNavigator/index.tsx(7,8): error TS7016: Could not find a declaration file for module 'navigation/StackNavigators/TabStackNavigator'. 'src/navigation/StackNavigators/TabStackNavigator.js' implicitly has an 'any' type.
src/navigation/CustomDrawerContent.tsx(156,22): error TS2339: Property 'navigate' does not exist on type 'object'.
src/navigation/CustomDrawerContent.tsx(178,16): error TS2339: Property 'goBack' does not exist on type 'object'.
src/navigation/CustomDrawerContent.tsx(215,22): error TS2339: Property 'navigate' does not exist on type 'object'.
src/navigation/CustomDrawerContent.tsx(217,22): error TS2339: Property 'navigate' does not exist on type 'object'.
src/navigation/CustomDrawerContent.tsx(221,45): error TS2339: Property 'id' does not exist on type 'User'.
src/navigation/CustomDrawerContent.tsx(230,28): error TS2345: Argument of type 'User' is not assignable to parameter of type 'RealmUser | ApiUser | undefined'. Type 'RealmObject<DefaultObject, never>' is not assignable to type 'RealmUser'.
src/navigation/CustomDrawerContent.tsx(234,12): error TS2741: Property 'onPress' is missing in type '{ icon: string; size: number; color: string; accessibilityLabel: string; accessibilityHint: string; }' but required in type 'Props'.
src/navigation/CustomDrawerContent.tsx(248,28): error TS2339: Property 'login' does not exist on type 'User'.
src/navigation/CustomDrawerContent.tsx(253,56): error TS2339: Property 'observations_count' does not exist on type 'User'.
src/navigation/CustomDrawerContent.tsx(272,24): error TS2339: Property 'navigate' does not exist on type 'object'.
src/navigation/CustomDrawerContent.tsx(28,21): error TS7016: Could not find a declaration file for module 'sharedHelpers/logger'. 'src/sharedHelpers/logger.js' implicitly has an 'any' type.
src/navigation/CustomDrawerContent.tsx(280,13): error TS2722: Cannot invoke an object which is possibly 'undefined'.
src/navigation/CustomDrawerContent.tsx(30,42): error TS7016: Could not find a declaration file for module 'stores/useStore'. 'src/stores/useStore.js' implicitly has an 'any' type.
src/navigation/CustomDrawerContent.tsx(310,7): error TS2322: Type '{ children: (false | Element)[]; state: object; navigation: object; descriptors: object; contentContainerStyle: { readonly backgroundColor: string; readonly borderTopRightRadius: 20; readonly borderBottomRightRadius: 20; readonly minHeight: "100%"; }; }' is not assignable to type 'IntrinsicAttributes & ScrollViewProps & { children: ReactNode; } & RefAttributes<ScrollView>'. Property 'state' does not exist on type 'IntrinsicAttributes & ScrollViewProps & { children: ReactNode; } & RefAttributes<ScrollView>'.
src/navigation/CustomDrawerContent.tsx(322,10): error TS2741: Property 'loading' is missing in type '{ onPressClose: () => void; headerText: string; text: string; handleSecondButtonPress: () => void; secondButtonText: string; confirm: () => Promise<void>; buttonText: string; }' but required in type 'Props'.
src/navigation/CustomDrawerContent.tsx(59,28): error TS7006: Parameter 't' implicitly has an 'any' type.
src/navigation/navigationOptions.tsx(70,32): error TS2322: Type '{ bottomBorderColor: string; }' is not assignable to type 'false | "" | RegisteredStyle<ViewStyle> | Value | WithAnimatedObject<ViewStyle> | AnimatedInterpolation<string | number> | WithAnimatedArray<...> | null | undefined'. Object literal may only specify known properties, and 'bottomBorderColor' does not exist in type 'Value | WithAnimatedObject<ViewStyle> | AnimatedInterpolation<string | number> | WithAnimatedArray<ViewStyle | Falsy | RegisteredStyle<...> | RecursiveArray<...> | readonly (ViewStyle | ... 1 more ... | RegisteredStyle<...>)[]>'.
src/navigation/navigationUtils.ts(14,34): error TS2538: Type 'undefined' cannot be used as an index type.
src/providers/ExploreContext.tsx(233,26): error TS2694: Namespace '"src/providers/ExploreContext".EXPLORE_ACTION' has no exported member 'EXCLUDE_USER'.
src/providers/ExploreContext.tsx(336,7): error TS2741: Property 'excludeUser' is missing in type '{ placeMode: PLACE_MODE.NEARBY; place: undefined; place_guess: string; place_id: undefined; return_bounds: undefined; taxon: undefined; taxon_id: undefined; verifiable: true; created_d1: undefined; ... 23 more ...; photoLicense: PHOTO_LICENSE; }' but required in type 'State'.
src/providers/ExploreContext.tsx(366,7): error TS2322: Type '{ placeMode: PLACE_MODE.WORLDWIDE; lat: undefined; lng: undefined; radius: undefined; place_id: undefined; swlat: undefined; swlng: undefined; nelat: undefined; nelng: undefined; }' is not assignable to type 'DefaultLocation'. Object literal may only specify known properties, and 'place_id' does not exist in type 'DefaultLocation'.
src/providers/ExploreContext.tsx(378,5): error TS2322: Type '{ placeMode: PLACE_MODE.NEARBY; lat: number; lng: number; radius: number; place_id: undefined; swlat: undefined; swlng: undefined; nelat: undefined; nelng: undefined; }' is not assignable to type 'DefaultLocation'. Object literal may only specify known properties, and 'place_id' does not exist in type 'DefaultLocation'.
src/providers/ExploreContext.tsx(399,21): error TS2339: Property 'snapshot' does not exist on type 'Action'. Property 'snapshot' does not exist on type '{ type: EXPLORE_ACTION.RESET; }'.
src/providers/ExploreContext.tsx(403,19): error TS2339: Property 'storedState' does not exist on type 'Action'. Property 'storedState' does not exist on type '{ type: EXPLORE_ACTION.RESET; }'.
src/providers/ExploreContext.tsx(406,19): error TS2339: Property 'taxon' does not exist on type 'Action'. Property 'taxon' does not exist on type '{ type: EXPLORE_ACTION.RESET; }'.
src/providers/ExploreContext.tsx(407,33): error TS2339: Property 'taxon' does not exist on type 'Action'. Property 'taxon' does not exist on type '{ type: EXPLORE_ACTION.RESET; }'.
src/providers/ExploreContext.tsx(408,36): error TS2339: Property 'taxon' does not exist on type 'Action'. Property 'taxon' does not exist on type '{ type: EXPLORE_ACTION.RESET; }'.
src/providers/ExploreContext.tsx(433,19): error TS2339: Property 'exploreLocation' does not exist on type 'Action'. Property 'exploreLocation' does not exist on type '{ type: EXPLORE_ACTION.RESET; }'.
src/providers/ExploreContext.tsx(459,19): error TS2339: Property 'storedState' does not exist on type 'Action'. Property 'storedState' does not exist on type '{ type: EXPLORE_ACTION.RESET; }'.
src/providers/ExploreContext.tsx(460,21): error TS2339: Property 'lat' does not exist on type 'Action'. Property 'lat' does not exist on type '{ type: EXPLORE_ACTION.RESET; }'.
src/providers/ExploreContext.tsx(461,21): error TS2339: Property 'lng' does not exist on type 'Action'. Property 'lng' does not exist on type '{ type: EXPLORE_ACTION.RESET; }'.
src/providers/ExploreContext.tsx(464,23): error TS2339: Property 'place' does not exist on type 'Action'. Property 'place' does not exist on type '{ type: EXPLORE_ACTION.RESET; }'.
src/providers/ExploreContext.tsx(465,29): error TS2339: Property 'placeGuess' does not exist on type 'Action'. Property 'placeGuess' does not exist on type '{ type: EXPLORE_ACTION.RESET; }'.
src/providers/ExploreContext.tsx(466,26): error TS2339: Property 'placeId' does not exist on type 'Action'. Property 'placeId' does not exist on type '{ type: EXPLORE_ACTION.RESET; }'.
src/providers/ExploreContext.tsx(467,24): error TS2339: Property 'radius' does not exist on type 'Action'. Property 'radius' does not exist on type '{ type: EXPLORE_ACTION.RESET; }'.
src/providers/ExploreContext.tsx(474,19): error TS2339: Property 'storedState' does not exist on type 'Action'. Property 'storedState' does not exist on type '{ type: EXPLORE_ACTION.RESET; }'.
src/providers/ExploreContext.tsx(475,22): error TS2339: Property 'user' does not exist on type 'Action'. Property 'user' does not exist on type '{ type: EXPLORE_ACTION.RESET; }'.
src/providers/ExploreContext.tsx(476,25): error TS2339: Property 'userId' does not exist on type 'Action'. Property 'userId' does not exist on type '{ type: EXPLORE_ACTION.RESET; }'.
src/providers/ExploreContext.tsx(479,25): error TS2551: Property 'EXCLUDE_USER' does not exist on type 'typeof EXPLORE_ACTION'. Did you mean 'SET_EXCLUDE_USER'?
src/providers/ExploreContext.tsx(482,19): error TS2339: Property 'storedState' does not exist on type 'Action'. Property 'storedState' does not exist on type '{ type: EXPLORE_ACTION.RESET; }'.
src/providers/ExploreContext.tsx(483,29): error TS2339: Property 'excludeUser' does not exist on type 'Action'. Property 'excludeUser' does not exist on type '{ type: EXPLORE_ACTION.RESET; }'.
src/providers/ExploreContext.tsx(490,19): error TS2339: Property 'storedState' does not exist on type 'Action'. Property 'storedState' does not exist on type '{ type: EXPLORE_ACTION.RESET; }'.
src/providers/ExploreContext.tsx(491,25): error TS2339: Property 'project' does not exist on type 'Action'. Property 'project' does not exist on type '{ type: EXPLORE_ACTION.RESET; }'.
src/providers/ExploreContext.tsx(492,28): error TS2339: Property 'projectId' does not exist on type 'Action'. Property 'projectId' does not exist on type '{ type: EXPLORE_ACTION.RESET; }'.
src/providers/ExploreContext.tsx(497,24): error TS2339: Property 'sortBy' does not exist on type 'Action'. Property 'sortBy' does not exist on type '{ type: EXPLORE_ACTION.RESET; }'.
src/providers/ExploreContext.tsx(517,23): error TS2339: Property 'hrank' does not exist on type 'Action'. Property 'hrank' does not exist on type '{ type: EXPLORE_ACTION.RESET; }'.
src/providers/ExploreContext.tsx(519,20): error TS2339: Property 'hrank' does not exist on type 'Action'. Property 'hrank' does not exist on type '{ type: EXPLORE_ACTION.RESET; }'.
src/providers/ExploreContext.tsx(524,23): error TS2339: Property 'lrank' does not exist on type 'Action'. Property 'lrank' does not exist on type '{ type: EXPLORE_ACTION.RESET; }'.
src/providers/ExploreContext.tsx(526,20): error TS2339: Property 'lrank' does not exist on type 'Action'. Property 'lrank' does not exist on type '{ type: EXPLORE_ACTION.RESET; }'.
src/providers/ExploreContext.tsx(538,39): error TS2339: Property 'observedOn' does not exist on type 'Action'. Property 'observedOn' does not exist on type '{ type: EXPLORE_ACTION.RESET; }'.
src/providers/ExploreContext.tsx(544,29): error TS2339: Property 'observedOn' does not exist on type 'Action'. Property 'observedOn' does not exist on type '{ type: EXPLORE_ACTION.RESET; }'.
src/providers/ExploreContext.tsx(550,39): error TS2339: Property 'd1' does not exist on type 'Action'. Property 'd1' does not exist on type '{ type: EXPLORE_ACTION.RESET; }'.
src/providers/ExploreContext.tsx(553,39): error TS2339: Property 'd2' does not exist on type 'Action'. Property 'd2' does not exist on type '{ type: EXPLORE_ACTION.RESET; }'.
src/providers/ExploreContext.tsx(560,20): error TS2339: Property 'd1' does not exist on type 'Action'. Property 'd1' does not exist on type '{ type: EXPLORE_ACTION.RESET; }'.
src/providers/ExploreContext.tsx(561,20): error TS2339: Property 'd2' does not exist on type 'Action'. Property 'd2' does not exist on type '{ type: EXPLORE_ACTION.RESET; }'.
src/providers/ExploreContext.tsx(571,24): error TS2339: Property 'months' does not exist on type 'Action'. Property 'months' does not exist on type '{ type: EXPLORE_ACTION.RESET; }'.
src/providers/ExploreContext.tsx(582,39): error TS2339: Property 'createdOn' does not exist on type 'Action'. Property 'createdOn' does not exist on type '{ type: EXPLORE_ACTION.RESET; }'.
src/providers/ExploreContext.tsx(588,28): error TS2339: Property 'createdOn' does not exist on type 'Action'. Property 'createdOn' does not exist on type '{ type: EXPLORE_ACTION.RESET; }'.
src/providers/ExploreContext.tsx(593,39): error TS2339: Property 'createdD1' does not exist on type 'Action'. Property 'createdD1' does not exist on type '{ type: EXPLORE_ACTION.RESET; }'.
src/providers/ExploreContext.tsx(596,39): error TS2339: Property 'createdD2' does not exist on type 'Action'. Property 'createdD2' does not exist on type '{ type: EXPLORE_ACTION.RESET; }'.
src/providers/ExploreContext.tsx(603,28): error TS2339: Property 'createdD1' does not exist on type 'Action'. Property 'createdD1' does not exist on type '{ type: EXPLORE_ACTION.RESET; }'.
src/providers/ExploreContext.tsx(604,28): error TS2339: Property 'createdD2' does not exist on type 'Action'. Property 'createdD2' does not exist on type '{ type: EXPLORE_ACTION.RESET; }'.
src/providers/ExploreContext.tsx(609,23): error TS2339: Property 'media' does not exist on type 'Action'. Property 'media' does not exist on type '{ type: EXPLORE_ACTION.RESET; }'.
src/providers/ExploreContext.tsx(614,35): error TS2339: Property 'establishmentMean' does not exist on type 'Action'. Property 'establishmentMean' does not exist on type '{ type: EXPLORE_ACTION.RESET; }'.
src/providers/ExploreContext.tsx(619,24): error TS2339: Property 'wildStatus' does not exist on type 'Action'. Property 'wildStatus' does not exist on type '{ type: EXPLORE_ACTION.RESET; }'.
src/providers/ExploreContext.tsx(622,28): error TS2339: Property 'wildStatus' does not exist on type 'Action'. Property 'wildStatus' does not exist on type '{ type: EXPLORE_ACTION.RESET; }'.
src/providers/ExploreContext.tsx(627,30): error TS2339: Property 'photoLicense' does not exist on type 'Action'. Property 'photoLicense' does not exist on type '{ type: EXPLORE_ACTION.RESET; }'.
src/providers/ExploreContext.tsx(632,32): error TS2339: Property 'reviewedFilter' does not exist on type 'Action'. Property 'reviewedFilter' does not exist on type '{ type: EXPLORE_ACTION.RESET; }'.
src/providers/ExploreContext.tsx(637,19): error TS2339: Property 'mapBoundaries' does not exist on type 'Action'. Property 'mapBoundaries' does not exist on type '{ type: EXPLORE_ACTION.RESET; }'.
src/providers/ExploreContext.tsx(646,19): error TS2339: Property 'storedState' does not exist on type 'Action'. Property 'storedState' does not exist on type '{ type: EXPLORE_ACTION.RESET; }'.
src/providers/ExploreContext.tsx(674,12): error TS7053: Element implicitly has an 'any' type because expression of type 'string' can't be used to index type 'State'. No index signature with a parameter of type 'string' was found on type 'State'.
src/providers/ExploreContext.tsx(674,34): error TS7053: Element implicitly has an 'any' type because expression of type 'string' can't be used to index type 'State'. No index signature with a parameter of type 'string' was found on type 'State'.
src/providers/ExploreContext.tsx(679,12): error TS7053: Element implicitly has an 'any' type because expression of type 'string' can't be used to index type 'State'. No index signature with a parameter of type 'string' was found on type 'State'.
src/providers/ExploreContext.tsx(679,27): error TS7053: Element implicitly has an 'any' type because expression of type 'string' can't be used to index type '{ user_id: undefined; project_id: undefined; researchGrade: boolean; needsID: boolean; casual: boolean; hrank: null; lrank: null; dateObserved: DATE_OBSERVED; dateUploaded: DATE_UPLOADED; ... 4 more ...; photoLicense: PHOTO_LICENSE; }'. No index signature with a parameter of type 'string' was found on type '{ user_id: undefined; project_id: undefined; researchGrade: boolean; needsID: boolean; casual: boolean; hrank: null; lrank: null; dateObserved: DATE_OBSERVED; dateUploaded: DATE_UPLOADED; ... 4 more ...; photoLicense: PHOTO_LICENSE; }'.
src/realmModels/index.ts(10,30): error TS7016: Could not find a declaration file for module './ObservationSound'. 'src/realmModels/ObservationSound.js' implicitly has an 'any' type.
src/realmModels/index.ts(13,19): error TS7016: Could not find a declaration file for module './Sound'. 'src/realmModels/Sound.js' implicitly has an 'any' type.
src/realmModels/index.ts(14,19): error TS7016: Could not find a declaration file for module './Taxon'. 'src/realmModels/Taxon.js' implicitly has an 'any' type.
src/realmModels/index.ts(4,25): error TS7016: Could not find a declaration file for module './Application'. 'src/realmModels/Application.js' implicitly has an 'any' type.
src/realmModels/index.ts(5,21): error TS7016: Could not find a declaration file for module './Comment'. 'src/realmModels/Comment.js' implicitly has an 'any' type.
src/realmModels/index.ts(57,9): error TS18046: 'newObservation.updateNeedsSync' is of type 'unknown'.
src/realmModels/index.ts(7,28): error TS7016: Could not find a declaration file for module './Identification'. 'src/realmModels/Identification.js' implicitly has an 'any' type.
src/realmModels/index.ts(8,25): error TS7016: Could not find a declaration file for module './Observation'. 'src/realmModels/Observation.js' implicitly has an 'any' type.
src/realmModels/ObservationPhoto.ts(116,22): error TS2339: Property 'image' does not exist on type 'string | { image: { uri: string; }; }'. Property 'image' does not exist on type 'string'.
src/realmModels/ObservationPhoto.ts(24,51): error TS2532: Object is possibly 'undefined'.
src/realmModels/ObservationPhoto.ts(35,35): error TS2345: Argument of type 'ApiPhoto | undefined' is not assignable to parameter of type 'ApiPhoto'. Type 'undefined' is not assignable to type 'ApiPhoto'.
src/realmModels/Photo.ts(23,16): error TS2551: Property 'licenseCode' does not exist on type '{ _synced_at: Date; original_dimensions?: { height?: number | undefined; width?: number | undefined; } | undefined; url?: string | undefined; attribution?: string | undefined; ... 5 more ...; uuid?: string | undefined; }'. Did you mean 'license_code'?
src/realmModels/Photo.ts(23,41): error TS2551: Property 'licenseCode' does not exist on type '{ _synced_at: Date; original_dimensions?: { height?: number | undefined; width?: number | undefined; } | undefined; url?: string | undefined; attribution?: string | undefined; ... 5 more ...; uuid?: string | undefined; }'. Did you mean 'license_code'?
src/realmModels/QueueItem.ts(18,19): error TS7006: Parameter 'realm' implicitly has an 'any' type.
src/realmModels/QueueItem.ts(37,24): error TS7006: Parameter 'realm' implicitly has an 'any' type.
src/realmModels/QueueItem.ts(37,31): error TS7006: Parameter 'id' implicitly has an 'any' type.
src/realmModels/QueueItem.ts(49,30): error TS7006: Parameter 'realm' implicitly has an 'any' type.
src/realmModels/QueueItem.ts(49,37): error TS7006: Parameter 'id' implicitly has an 'any' type.
src/realmModels/QueueItem.ts(7,19): error TS7006: Parameter 'realm' implicitly has an 'any' type.
src/realmModels/QueueItem.ts(7,26): error TS7006: Parameter 'payload' implicitly has an 'any' type.
src/realmModels/QueueItem.ts(7,35): error TS7006: Parameter 'type' implicitly has an 'any' type.
src/sharedHelpers/breakpoint.ts(2,21): error TS7016: Could not find a declaration file for module 'styles/tailwindScreens'. 'src/styles/tailwindScreens.js' implicitly has an 'any' type.
src/sharedHelpers/changeLanguage.ts(2,32): error TS7016: Could not find a declaration file for module 'stores/useStore'. 'src/stores/useStore.js' implicitly has an 'any' type.
src/sharedHelpers/changeLanguage.ts(4,24): error TS7006: Parameter 'newLocale' implicitly has an 'any' type.
src/sharedHelpers/clearCaches.ts(36,41): error TS7006: Parameter 'realm' implicitly has an 'any' type.
src/sharedHelpers/clearCaches.ts(4,21): error TS7016: Could not find a declaration file for module 'sharedHelpers/logger'. 'src/sharedHelpers/logger.js' implicitly has an 'any' type.
src/sharedHelpers/clearCaches.ts(76,29): error TS7006: Parameter 'isDebugMode' implicitly has an 'any' type.
src/sharedHelpers/clearCaches.ts(76,42): error TS7006: Parameter 'realm' implicitly has an 'any' type.
src/sharedHelpers/dateAndTime.ts(423,31): error TS18047: 'dateString' is possibly 'null'.
src/sharedHelpers/dateAndTime.ts(433,31): error TS2345: Argument of type 'DateString' is not assignable to parameter of type 'string'. Type 'null' is not assignable to type 'string'.
src/sharedHelpers/fetchAccurateUserLocation.ts(41,88): error TS2554: Expected 1 arguments, but got 2.
src/sharedHelpers/fetchTaxonAndSave.ts(1,28): error TS7016: Could not find a declaration file for module 'api/taxa'. 'src/api/taxa.js' implicitly has an 'any' type.
src/sharedHelpers/fetchTaxonAndSave.ts(4,19): error TS7016: Could not find a declaration file for module 'realmModels/Taxon'. 'src/realmModels/Taxon.js' implicitly has an 'any' type.
src/sharedHelpers/flashListPerformanceTracker.ts(166,7): error TS2322: Type '{ itemsVisibleTime: number; scrollEvents: number; avgScrollDuration: number; avgFetchTime: number; lastFetchTime: number | null; totalFetches: number; lastFetchItemCount: number; totalItemsDisplayed: number; }' is not assignable to type '{ listReadyTime: number; itemsVisibleTime: number; scrollEvents: number; avgScrollDuration: number; avgFetchTime: number; lastFetchTime: number | null; }'. Object literal may only specify known properties, and 'totalFetches' does not exist in type '{ listReadyTime: number; itemsVisibleTime: number; scrollEvents: number; avgScrollDuration: number; avgFetchTime: number; lastFetchTime: number | null; }'.
src/sharedHelpers/flashListPerformanceTracker.ts(18,11): error TS2564: Property 'fetchStartTime' has no initializer and is not definitely assigned in the constructor.
src/sharedHelpers/flashListPerformanceTracker.ts(2,11): error TS2564: Property 'screenLoadTime' has no initializer and is not definitely assigned in the constructor.
src/sharedHelpers/flashListPerformanceTracker.ts(4,11): error TS2564: Property 'itemsVisibleStartTime' has no initializer and is not definitely assigned in the constructor.
src/sharedHelpers/flashListPerformanceTracker.ts(6,11): error TS2564: Property 'itemsVisibleDuration' has no initializer and is not definitely assigned in the constructor.
src/sharedHelpers/flashListPerformanceTracker.ts(83,31): error TS2339: Property 'endTime' does not exist on type '{}'.
src/sharedHelpers/flashListPerformanceTracker.ts(84,31): error TS2339: Property 'duration' does not exist on type '{}'.
src/sharedHelpers/flashListPerformanceTracker.ts(84,72): error TS2339: Property 'startTime' does not exist on type '{}'.
src/sharedHelpers/flashListPerformanceTracker.ts(85,31): error TS2339: Property 'endY' does not exist on type '{}'.
src/sharedHelpers/flashListPerformanceTracker.ts(86,31): error TS2339: Property 'scrollDistance' does not exist on type '{}'.
src/sharedHelpers/flashListPerformanceTracker.ts(86,86): error TS2339: Property 'startY' does not exist on type '{}'.
src/sharedHelpers/flashListPerformanceTracker.ts(88,31): error TS2345: Argument of type '{}' is not assignable to parameter of type '{ startTime: number; endTime: number; duration: number; itemsFetched: number; scrollDistance: number; }'. Type '{}' is missing the following properties from type '{ startTime: number; endTime: number; duration: number; itemsFetched: number; scrollDistance: number; }': startTime, endTime, duration, itemsFetched, scrollDistance
src/sharedHelpers/installData.ts(21,21): error TS2345: Argument of type 'string | undefined' is not assignable to parameter of type 'string | number | boolean | ArrayBuffer'. Type 'undefined' is not assignable to type 'string | number | boolean | ArrayBuffer'.
src/sharedHelpers/mail.ts(21,47): error TS18046: 'openURLError' is of type 'unknown'.
src/sharedHelpers/mapPerformanceTracker.ts(10,11): error TS2564: Property 'tilesVisibleDuration' has no initializer and is not definitely assigned in the constructor.
src/sharedHelpers/mapPerformanceTracker.ts(2,11): error TS2564: Property 'screenLoadTime' has no initializer and is not definitely assigned in the constructor.
src/sharedHelpers/mapPerformanceTracker.ts(4,11): error TS2564: Property 'mapReadyStartTime' has no initializer and is not definitely assigned in the constructor.
src/sharedHelpers/mapPerformanceTracker.ts(6,11): error TS2564: Property 'tilesVisibleStartTime' has no initializer and is not definitely assigned in the constructor.
src/sharedHelpers/mapPerformanceTracker.ts(8,11): error TS2564: Property 'mapReadyDuration' has no initializer and is not definitely assigned in the constructor.
src/sharedHelpers/mlModel.ts(27,14): error TS2322: Type 'string | undefined' is not assignable to type 'string'. Type 'undefined' is not assignable to type 'string'.
src/sharedHelpers/mlModel.ts(32,14): error TS2322: Type 'string | undefined' is not assignable to type 'string'. Type 'undefined' is not assignable to type 'string'.
src/sharedHelpers/mlModel.ts(37,14): error TS2322: Type 'string | undefined' is not assignable to type 'string'. Type 'undefined' is not assignable to type 'string'.
src/sharedHelpers/mlModel.ts(65,5): error TS2322: Type 'string | undefined' is not assignable to type 'string'. Type 'undefined' is not assignable to type 'string'.
src/sharedHelpers/mlModel.ts(83,30): error TS7006: Parameter 'source' implicitly has an 'any' type.
src/sharedHelpers/mlModel.ts(83,38): error TS7006: Parameter 'destination' implicitly has an 'any' type.
src/sharedHelpers/resizeImage.ts(35,5): error TS2345: Argument of type '{ mode?: string | undefined; onlyScaleDown?: boolean | undefined; } | undefined' is not assignable to parameter of type 'Options | undefined'. Type '{ mode?: string | undefined; onlyScaleDown?: boolean | undefined; }' is not assignable to type 'Options'. Types of property 'mode' are incompatible. Type 'string | undefined' is not assignable to type 'ResizeMode | undefined'. Type 'string' is not assignable to type 'ResizeMode | undefined'.
src/sharedHelpers/safeRealmWrite.ts(21,36): error TS18046: 'e' is of type 'unknown'.
src/sharedHelpers/safeRealmWrite.ts(21,5): error TS18046: 'e' is of type 'unknown'.
src/sharedHelpers/saveObservation.ts(2,25): error TS7016: Could not find a declaration file for module 'realmModels/Observation'. 'src/realmModels/Observation.js' implicitly has an 'any' type.
src/sharedHelpers/saveObservation.ts(4,46): error TS7016: Could not find a declaration file for module 'sharedHelpers/parseExif'. 'src/sharedHelpers/parseExif.js' implicitly has an 'any' type.
src/sharedHelpers/sentinelFiles.ts(2,21): error TS7016: Could not find a declaration file for module 'sharedHelpers/logger'. 'src/sharedHelpers/logger.js' implicitly has an 'any' type.
src/sharedHelpers/taxon.ts(137,8): error TS18048: 'taxon.rank_level' is possibly 'undefined'.
src/sharedHelpers/taxon.ts(63,9): error TS2538: Type 'undefined' cannot be used as an index type.
src/sharedHelpers/taxon.ts(64,16): error TS18048: 'firstLetterIndex' is possibly 'undefined'.
src/sharedHooks/index.ts(12,58): error TS7016: Could not find a declaration file for module './useInfiniteObservationsScroll'. 'src/sharedHooks/useInfiniteObservationsScroll.js' implicitly has an 'any' type.
src/sharedHooks/index.ts(13,46): error TS7016: Could not find a declaration file for module './useInfiniteScroll'. 'src/sharedHooks/useInfiniteScroll.js' implicitly has an 'any' type.
src/sharedHooks/index.ts(20,49): error TS7016: Could not find a declaration file for module './useLocalObservations'. 'src/sharedHooks/useLocalObservations.js' implicitly has an 'any' type.
src/sharedHooks/index.ts(23,51): error TS7016: Could not find a declaration file for module './useObservationsUpdates'. 'src/sharedHooks/useObservationsUpdates.js' implicitly has an 'any' type.
src/sharedHooks/index.ts(24,61): error TS7016: Could not find a declaration file for module './useObservationUpdatesWhenFocused'. 'src/sharedHooks/useObservationUpdatesWhenFocused.js' implicitly has an 'any' type.
src/sharedHooks/index.ts(27,49): error TS7016: Could not find a declaration file for module './useRemoteObservation'. 'src/sharedHooks/useRemoteObservation.js' implicitly has an 'any' type.
src/sharedHooks/index.ts(28,46): error TS7016: Could not find a declaration file for module './useScrollToOffset'. 'src/sharedHooks/useScrollToOffset.js' implicitly has an 'any' type.
src/sharedHooks/index.ts(30,44): error TS7016: Could not find a declaration file for module './useStoredLayout'. 'src/sharedHooks/useStoredLayout.js' implicitly has an 'any' type.
src/sharedHooks/index.ts(31,43): error TS7016: Could not find a declaration file for module './useSuggestions/useSuggestions'. 'src/sharedHooks/useSuggestions/useSuggestions.js' implicitly has an 'any' type.
src/sharedHooks/index.ts(32,37): error TS7016: Could not find a declaration file for module './useTaxon'. 'src/sharedHooks/useTaxon.js' implicitly has an 'any' type.
src/sharedHooks/index.ts(35,38): error TS7016: Could not find a declaration file for module './useUserMe'. 'src/sharedHooks/useUserMe.js' implicitly has an 'any' type.
src/sharedHooks/useAuthenticatedInfiniteQuery.ts(21,28): error TS2769: No overload matches this call. Overload 1 of 3, '(options: DefinedInitialDataInfiniteOptions<unknown, Error, InfiniteData<unknown, unknown>, any[], unknown>, queryClient?: QueryClient | undefined): DefinedUseInfiniteQueryResult<...>', gave the following error. Argument of type '{ queryKey: any[]; queryFn: (params: { queryKey: any[]; signal: AbortSignal; pageParam: unknown; direction: FetchDirection; meta: Record<string, unknown> | undefined; }) => Promise<...>; retry: (failureCount: number, error: Error) => any; retryDelay: (failureCount: number, error: Error) => any; }' is not assignable to parameter of type 'DefinedInitialDataInfiniteOptions<unknown, Error, InfiniteData<unknown, unknown>, any[], unknown>'. Type '{ queryKey: any[]; queryFn: (params: { queryKey: any[]; signal: AbortSignal; pageParam: unknown; direction: FetchDirection; meta: Record<string, unknown> | undefined; }) => Promise<...>; retry: (failureCount: number, error: Error) => any; retryDelay: (failureCount: number, error: Error) => any; }' is missing the following properties from type 'UseInfiniteQueryOptions<unknown, Error, InfiniteData<unknown, unknown>, unknown, any[], unknown>': getNextPageParam, initialPageParam Overload 2 of 3, '(options: UndefinedInitialDataInfiniteOptions<unknown, Error, InfiniteData<unknown, unknown>, any[], unknown>, queryClient?: QueryClient | undefined): UseInfiniteQueryResult<...>', gave the following error. Argument of type '{ queryKey: any[]; queryFn: (params: { queryKey: any[]; signal: AbortSignal; pageParam: unknown; direction: FetchDirection; meta: Record<string, unknown> | undefined; }) => Promise<...>; retry: (failureCount: number, error: Error) => any; retryDelay: (failureCount: number, error: Error) => any; }' is not assignable to parameter of type 'UndefinedInitialDataInfiniteOptions<unknown, Error, InfiniteData<unknown, unknown>, any[], unknown>'. Type '{ queryKey: any[]; queryFn: (params: { queryKey: any[]; signal: AbortSignal; pageParam: unknown; direction: FetchDirection; meta: Record<string, unknown> | undefined; }) => Promise<...>; retry: (failureCount: number, error: Error) => any; retryDelay: (failureCount: number, error: Error) => any; }' is missing the following properties from type 'UseInfiniteQueryOptions<unknown, Error, InfiniteData<unknown, unknown>, unknown, any[], unknown>': getNextPageParam, initialPageParam Overload 3 of 3, '(options: UseInfiniteQueryOptions<unknown, Error, InfiniteData<unknown, unknown>, unknown, any[], unknown>, queryClient?: QueryClient | undefined): UseInfiniteQueryResult<...>', gave the following error. Argument of type '{ queryKey: any[]; queryFn: (params: { queryKey: any[]; signal: AbortSignal; pageParam: unknown; direction: FetchDirection; meta: Record<string, unknown> | undefined; }) => Promise<...>; retry: (failureCount: number, error: Error) => any; retryDelay: (failureCount: number, error: Error) => any; }' is not assignable to parameter of type 'UseInfiniteQueryOptions<unknown, Error, InfiniteData<unknown, unknown>, unknown, any[], unknown>'. Type '{ queryKey: any[]; queryFn: (params: { queryKey: any[]; signal: AbortSignal; pageParam: unknown; direction: FetchDirection; meta: Record<string, unknown> | undefined; }) => Promise<...>; retry: (failureCount: number, error: Error) => any; retryDelay: (failureCount: number, error: Error) => any; }' is missing the following properties from type 'UseInfiniteQueryOptions<unknown, Error, InfiniteData<unknown, unknown>, unknown, any[], unknown>': getNextPageParam, initialPageParam
src/sharedHooks/useAuthenticatedInfiniteQuery.ts(22,42): error TS2339: Property 'allowAnonymousJWT' does not exist on type 'object'.
src/sharedHooks/useAuthenticatedInfiniteQuery.ts(25,16): error TS2339: Property 'locale' does not exist on type '{ queryKey: any[]; signal: AbortSignal; pageParam: unknown; direction: FetchDirection; meta: Record<string, unknown> | undefined; }'.
src/sharedHooks/useAuthenticatedInfiniteQuery.ts(31,51): error TS2339: Property 'allowAnonymousJWT' does not exist on type 'object'.
src/sharedHooks/useAuthenticatedInfiniteQuery.ts(5,51): error TS7016: Could not find a declaration file for module 'sharedHelpers/logging'. 'src/sharedHelpers/logging.js' implicitly has an 'any' type.
src/sharedHooks/useAuthenticatedMutation.ts(5,21): error TS7016: Could not find a declaration file for module '../../react-native-logs.config'. 'react-native-logs.config.js' implicitly has an 'any' type.
src/sharedHooks/useAuthenticatedQuery.ts(4,51): error TS7016: Could not find a declaration file for module 'sharedHelpers/logging'. 'src/sharedHelpers/logging.js' implicitly has an 'any' type.
src/sharedHooks/useDebugMode.ts(2,32): error TS7016: Could not find a declaration file for module 'stores/useStore'. 'src/stores/useStore.js' implicitly has an 'any' type.
src/sharedHooks/useDeviceOrientation.ts(52,73): error TS2345: Argument of type 'string | undefined' is not assignable to parameter of type '"landscape-left" | "landscape-right"'. Type 'undefined' is not assignable to type '"landscape-left" | "landscape-right"'.
src/sharedHooks/useExitObservationFlow.ts(24,49): error TS7006: Parameter 'exitOptions' implicitly has an 'any' type.
src/sharedHooks/useExitObservationFlow.ts(27,47): error TS7006: Parameter 'state' implicitly has an 'any' type.
src/sharedHooks/useExitObservationFlow.ts(49,28): error TS2345: Argument of type 'string' is not assignable to parameter of type 'never'.
src/sharedHooks/useExitObservationFlow.ts(5,34): error TS7016: Could not find a declaration file for module 'components/ObsDetails/helpers/navigateToObsDetails'. 'src/components/ObsDetails/helpers/navigateToObsDetails.js' implicitly has an 'any' type.
src/sharedHooks/useExitObservationFlow.ts(7,22): error TS7016: Could not find a declaration file for module 'stores/useStore'. 'src/stores/useStore.js' implicitly has an 'any' type.
src/sharedHooks/useIconicTaxa.ts(1,28): error TS7016: Could not find a declaration file for module 'api/taxa'. 'src/api/taxa.js' implicitly has an 'any' type.
src/sharedHooks/useIconicTaxa.ts(20,5): error TS2345: Argument of type '(string | boolean)[]' is not assignable to parameter of type 'string[]'. Type 'string | boolean' is not assignable to type 'string'. Type 'boolean' is not assignable to type 'string'.
src/sharedHooks/useIconicTaxa.ts(26,22): error TS2339: Property 'length' does not exist on type '{}'.
src/sharedHooks/useIconicTaxa.ts(29,9): error TS18046: 'iconicTaxa' is of type 'unknown'.
src/sharedHooks/useIconicTaxa.ts(6,19): error TS7016: Could not find a declaration file for module 'realmModels/Taxon'. 'src/realmModels/Taxon.js' implicitly has an 'any' type.
src/sharedHooks/useInfiniteNotificationsScroll.ts(1,66): error TS7016: Could not find a declaration file for module 'api/observations'. 'src/api/observations.js' implicitly has an 'any' type.
src/sharedHooks/useInfiniteNotificationsScroll.ts(11,25): error TS7016: Could not find a declaration file for module 'realmModels/Observation'. 'src/realmModels/Observation.js' implicitly has an 'any' type.
src/sharedHooks/useInfiniteNotificationsScroll.ts(129,77): error TS2339: Property 'id' does not exist on type 'User'.
src/sharedHooks/useInfiniteNotificationsScroll.ts(138,27): error TS7006: Parameter 'lastPage' implicitly has an 'any' type.
src/sharedHooks/useInfiniteNotificationsScroll.ts(138,37): error TS7006: Parameter 'allPages' implicitly has an 'any' type.
src/sharedHooks/useInfiniteNotificationsScroll.ts(146,29): error TS2339: Property 'refetch' does not exist on type 'object'.
src/sharedHooks/useInfiniteNotificationsScroll.ts(147,29): error TS2339: Property 'isError' does not exist on type 'object'.
src/sharedHooks/useInfiniteNotificationsScroll.ts(148,32): error TS2339: Property 'isFetching' does not exist on type 'object'.
src/sharedHooks/useInfiniteNotificationsScroll.ts(149,38): error TS2339: Property 'isInitialLoading' does not exist on type 'object'.
src/sharedHooks/useInfiniteNotificationsScroll.ts(152,24): error TS2339: Property 'fetchNextPage' does not exist on type 'object'.
src/sharedHooks/useInfiniteNotificationsScroll.ts(154,45): error TS2339: Property 'data' does not exist on type 'object'.
src/sharedHooks/useInfiniteUserScroll.ts(20,5): error TS2339: Property 'data' does not exist on type '{}'.
src/sharedHooks/useInfiniteUserScroll.ts(21,5): error TS2339: Property 'isFetching' does not exist on type '{}'.
src/sharedHooks/useInfiniteUserScroll.ts(22,5): error TS2339: Property 'fetchNextPage' does not exist on type '{}'.
src/sharedHooks/useInfiniteUserScroll.ts(23,5): error TS2339: Property 'status' does not exist on type '{}'.
src/sharedHooks/useInfiniteUserScroll.ts(25,16): error TS2322: Type '{ per_page: number; }' is not assignable to type 'string'.
src/sharedHooks/useInfiniteUserScroll.ts(26,15): error TS7031: Binding element 'pageParam' implicitly has an 'any' type.
src/sharedHooks/useInfiniteUserScroll.ts(26,28): error TS7006: Parameter 'optsWithAuth' implicitly has an 'any' type.
src/sharedHooks/useInfiniteUserScroll.ts(32,16): error TS2339: Property 'page' does not exist on type '{ per_page: number; }'.
src/sharedHooks/useInfiniteUserScroll.ts(34,16): error TS2339: Property 'page' does not exist on type '{ per_page: number; }'.
src/sharedHooks/useInfiniteUserScroll.ts(40,25): error TS7006: Parameter 'lastPage' implicitly has an 'any' type.
src/sharedHooks/useInfiniteUserScroll.ts(46,34): error TS7006: Parameter 'page' implicitly has an 'any' type.
src/sharedHooks/useLastScreen.ts(10,3): error TS2322: Type 'string | undefined' is not assignable to type 'string'. Type 'undefined' is not assignable to type 'string'.
src/sharedHooks/useLayoutPrefs.ts(1,22): error TS7016: Could not find a declaration file for module 'stores/useStore'. 'src/stores/useStore.js' implicitly has an 'any' type.
src/sharedHooks/useLayoutPrefs.ts(4,18): error TS7006: Parameter 'state' implicitly has an 'any' type.
src/sharedHooks/useLocalObservation.ts(80,5): error TS2322: Type 'RealmObject<DefaultObject, never> & DefaultObject' is not assignable to type 'Observation | null'. Type 'RealmObject<DefaultObject, never> & DefaultObject' is missing the following properties from type 'Observation': missingBasics, needsSync, observationPhotos, observationSounds, and 18 more.
src/sharedHooks/useNavigateToObsEdit.ts(3,22): error TS7016: Could not find a declaration file for module 'stores/useStore'. 'src/stores/useStore.js' implicitly has an 'any' type.
src/sharedHooks/useNavigateToObsEdit.ts(7,36): error TS7006: Parameter 'state' implicitly has an 'any' type.
src/sharedHooks/useNavigateToObsEdit.ts(8,45): error TS7006: Parameter 'state' implicitly has an 'any' type.
src/sharedHooks/useQuery.ts(11,40): error TS2339: Property 'allowAnonymousJWT' does not exist on type 'object'.
src/sharedHooks/useQuery.ts(3,51): error TS7016: Could not find a declaration file for module 'sharedHelpers/logging'. 'src/sharedHelpers/logging.js' implicitly has an 'any' type.
src/sharedHooks/useSuggestions/isolateHumans.ts(6,28): error TS7006: Parameter 's' implicitly has an 'any' type.
src/sharedHooks/useSuggestions/useOfflineSuggestions.ts(7,21): error TS7016: Could not find a declaration file for module 'sharedHelpers/logger'. 'src/sharedHelpers/logger.js' implicitly has an 'any' type.
src/sharedHooks/useSuggestions/useOfflineSuggestions.ts(75,11): error TS2538: Type 'unknown' cannot be used as an index type.
src/sharedHooks/useSuggestions/useOnlineSuggestions.ts(107,43): error TS2339: Property 'results' does not exist on type 'object'.
src/sharedHooks/useSuggestions/useOnlineSuggestions.ts(108,7): error TS7006: Parameter 'suggestion' implicitly has an 'any' type.
src/sharedHooks/useSuggestions/useOnlineSuggestions.ts(11,19): error TS7016: Could not find a declaration file for module 'realmModels/Taxon'. 'src/realmModels/Taxon.js' implicitly has an 'any' type.
src/sharedHooks/useSuggestions/useOnlineSuggestions.ts(110,29): error TS2339: Property 'common_ancestor' does not exist on type 'object'.
src/sharedHooks/useSuggestions/useOnlineSuggestions.ts(112,44): error TS2339: Property 'common_ancestor' does not exist on type 'object'.
src/sharedHooks/useSuggestions/useOnlineSuggestions.ts(116,27): error TS7006: Parameter 'remoteTaxon' implicitly has an 'any' type.
src/sharedHooks/useSuggestions/useOnlineSuggestions.ts(117,9): error TS2769: No overload matches this call. Overload 1 of 2, '(type: string, values: Partial<DefaultObject> | Partial<Unmanaged<DefaultObject>>, mode?: boolean | UpdateMode | undefined): RealmObject<...> & DefaultObject', gave the following error. Argument of type '"modified"' is not assignable to parameter of type 'boolean | UpdateMode | undefined'. Overload 2 of 2, '(type: Constructor<AnyRealmObject>, values: Partial<AnyRealmObject> | Partial<Unmanaged<AnyRealmObject>>, mode?: boolean | ... 1 more ... | undefined): AnyRealmObject', gave the following error. Argument of type 'string' is not assignable to parameter of type 'Constructor<AnyRealmObject>'.
src/sharedHooks/useSuggestions/useOnlineSuggestions.ts(144,3): error TS2739: Type '{ onlineSuggestions: object | undefined; dataUpdatedAt: number; error: Error | null; refetch: (options?: RefetchOptions | undefined) => Promise<QueryObserverResult<object, Error>>; timedOut: boolean; resetTimeout: () => void; fetchStatus: FetchStatus; }' is missing the following properties from type 'OnlineSuggestionsResponse': loadingOnlineSuggestions, isRefetching
src/sharedHooks/useSuggestions/useOnlineSuggestions.ts(37,5): error TS2339: Property 'onFetchError' does not exist on type '{}'.
src/sharedHooks/useSuggestions/useOnlineSuggestions.ts(38,5): error TS2339: Property 'onFetched' does not exist on type '{}'.
src/sharedHooks/useSuggestions/useOnlineSuggestions.ts(39,5): error TS2339: Property 'scoreImageParams' does not exist on type '{}'.
src/sharedHooks/useSuggestions/useOnlineSuggestions.ts(40,5): error TS2339: Property 'queryKey' does not exist on type '{}'.
src/sharedHooks/useSuggestions/useOnlineSuggestions.ts(41,5): error TS2339: Property 'shouldFetchOnlineSuggestions' does not exist on type '{}'.
src/sharedHooks/useSuggestions/useOnlineSuggestions.ts(51,27): error TS7006: Parameter 'optsWithAuth' implicitly has an 'any' type.
src/sharedHooks/useTaxonSearch.ts(105,43): error TS2345: Argument of type 'Results<RealmObject<DefaultObject, never> & DefaultObject>' is not assignable to parameter of type 'SetStateAction<RealmTaxon[] | null>'. Type 'Results<RealmObject<DefaultObject, never> & DefaultObject>' is missing the following properties from type 'RealmTaxon[]': pop, push, reverse, shift, and 5 more.
src/sharedHooks/useTaxonSearch.ts(43,5): error TS2345: Argument of type '(optsWithAuth: ApiOpts) => Promise<any[]>' is not assignable to parameter of type 'QueryFunction<any[]>'. Types of parameters 'optsWithAuth' and 'options' are incompatible. Type '{ api_token: string | null; }' is not assignable to type 'ApiOpts'. Types of property 'api_token' are incompatible. Type 'string | null' is not assignable to type 'string | undefined'. Type 'null' is not assignable to type 'string | undefined'.
src/sharedHooks/useTaxonSearch.ts(78,42): error TS18046: 'error' is of type 'unknown'.
src/sharedHooks/useTaxonSearch.ts(8,19): error TS7016: Could not find a declaration file for module 'realmModels/Taxon'. 'src/realmModels/Taxon.js' implicitly has an 'any' type.
src/sharedHooks/useTaxonSearch.ts(86,21): error TS18048: 'remoteTaxa.length' is possibly 'undefined'.
src/sharedHooks/useTaxonSearch.ts(87,26): error TS2345: Argument of type 'any[] | undefined' is not assignable to parameter of type 'Taxon[]'. Type 'undefined' is not assignable to type 'Taxon[]'.
src/sharedHooks/useWatchPosition.ts(45,8): error TS18048: 'currentPosition.coords.accuracy' is possibly 'undefined'.
src/stores/createLayoutSlice.ts(12,27): error TS7006: Parameter 'set' implicitly has an 'any' type.
src/stores/createLayoutSlice.ts(27,53): error TS7006: Parameter 'state' implicitly has an 'any' type.
src/stores/createLayoutSlice.ts(46,64): error TS7006: Parameter 'state' implicitly has an 'any' type.
src/stores/createLayoutSlice.ts(56,62): error TS7006: Parameter 'state' implicitly has an 'any' type.
src/stores/createLayoutSlice.ts(64,43): error TS7006: Parameter 'state' implicitly has an 'any' type.
src/stores/createLayoutSlice.ts(73,32): error TS7006: Parameter 'state' implicitly has an 'any' type.
src/stores/createLayoutSlice.ts(81,41): error TS7006: Parameter 'state' implicitly has an 'any' type.
src/stores/createLayoutSlice.ts(90,58): error TS7006: Parameter 'state' implicitly has an 'any' type.
src/stores/createMyObsSlice.ts(1,28): error TS7006: Parameter 'set' implicitly has an 'any' type.
src/stores/createMyObsSlice.ts(1,33): error TS7006: Parameter 'get' implicitly has an 'any' type.
src/stores/createMyObsSlice.ts(11,29): error TS7006: Parameter 'newNum' implicitly has an 'any' type.
src/stores/createMyObsSlice.ts(13,24): error TS7006: Parameter 'newNum' implicitly has an 'any' type.
src/stores/createMyObsSlice.ts(8,19): error TS7006: Parameter 'newOffset' implicitly has an 'any' type.
src/stores/createUploadObservationsSlice.ts(120,17): error TS2345: Argument of type '{ abortController: AbortController | null; currentUpload: null; errorsByUuid: {}; multiError: null; initialNumObservationsInQueue: number; numUnuploadedObservations: number; ... 5 more ...; uploadStatus: string; }' is not assignable to parameter of type 'UploadObservationsSlice | Partial<UploadObservationsSlice> | ((state: UploadObservationsSlice) => UploadObservationsSlice | Partial<...>)'. Type '{ abortController: AbortController | null; currentUpload: null; errorsByUuid: {}; multiError: null; initialNumObservationsInQueue: number; numUnuploadedObservations: number; ... 5 more ...; uploadStatus: string; }' is not assignable to type 'Partial<UploadObservationsSlice>'. Types of property 'uploadStatus' are incompatible. Type 'string' is not assignable to type 'UploadStatus | undefined'.
src/stores/createUploadObservationsSlice.ts(122,21): error TS7006: Parameter 'error' implicitly has an 'any' type.
src/stores/createUploadObservationsSlice.ts(122,28): error TS7006: Parameter 'obsUUID' implicitly has an 'any' type.
src/stores/createUploadObservationsSlice.ts(126,14): error TS7053: Element implicitly has an 'any' type because expression of type 'any' can't be used to index type '{}'.
src/stores/createUploadObservationsSlice.ts(154,17): error TS2345: Argument of type '{ abortController: AbortController | null; currentUpload: null; errorsByUuid: {}; multiError: null; initialNumObservationsInQueue: number; numUnuploadedObservations: number; ... 5 more ...; uploadStatus: string; }' is not assignable to parameter of type 'UploadObservationsSlice | Partial<UploadObservationsSlice> | ((state: UploadObservationsSlice) => UploadObservationsSlice | Partial<...>)'. Type '{ abortController: AbortController | null; currentUpload: null; errorsByUuid: {}; multiError: null; initialNumObservationsInQueue: number; numUnuploadedObservations: number; ... 5 more ...; uploadStatus: string; }' is not assignable to type 'Partial<UploadObservationsSlice>'. Types of property 'uploadStatus' are incompatible. Type 'string' is not assignable to type 'UploadStatus | undefined'.
src/stores/createUploadObservationsSlice.ts(191,33): error TS2345: Argument of type '{ uuid: any; currentIncrements: any; totalIncrements: any; }' is not assignable to parameter of type 'TotalUploadProgress'. Property 'totalProgress' is missing in type '{ uuid: any; currentIncrements: any; totalIncrements: any; }' but required in type 'TotalUploadProgress'.
src/stores/createUploadObservationsSlice.ts(232,21): error TS7006: Parameter 'observation' implicitly has an 'any' type.
src/stores/createUploadObservationsSlice.ts(236,30): error TS7006: Parameter 'queuedObservations' implicitly has an 'any' type.
src/stores/createUploadObservationsSlice.ts(239,30): error TS7006: Parameter 'observation' implicitly has an 'any' type.
src/stores/createUploadObservationsSlice.ts(248,33): error TS7006: Parameter 'numUnuploadedObservations' implicitly has an 'any' type.
src/stores/createUploadObservationsSlice.ts(251,36): error TS7006: Parameter 'uuid' implicitly has an 'any' type.
src/stores/createUploadObservationsSlice.ts(267,33): error TS18048: 'observation' is possibly 'undefined'.
src/stores/createUploadObservationsSlice.ts(267,5): error TS18048: 'observation' is possibly 'undefined'.
src/stores/createUploadObservationsSlice.ts(268,37): error TS18048: 'observation' is possibly 'undefined'.
src/stores/createUploadObservationsSlice.ts(268,5): error TS18048: 'observation' is possibly 'undefined'.
src/stores/createUploadObservationsSlice.ts(284,72): error TS2339: Property 'getTotalUploadErrors' does not exist on type 'UploadObservationsSlice'.
src/stores/createUploadObservationsSlice.ts(287,26): error TS2339: Property 'getTotalUploadErrors' does not exist on type 'UploadObservationsSlice'.
src/stores/createUploadObservationsSlice.ts(56,35): error TS7006: Parameter 'upload' implicitly has an 'any' type.
src/stores/createUploadObservationsSlice.ts(56,43): error TS7006: Parameter 'evidence' implicitly has an 'any' type.
src/stores/createUploadObservationsSlice.ts(60,16): error TS7006: Parameter 'e' implicitly has an 'any' type.
src/stores/createUploadObservationsSlice.ts(62,16): error TS7006: Parameter 'e' implicitly has an 'any' type.
src/stores/createUploadObservationsSlice.ts(71,30): error TS7006: Parameter 'upload' implicitly has an 'any' type.
src/stores/createUploadObservationsSlice.ts(75,35): error TS7006: Parameter 'upload' implicitly has an 'any' type.
src/stores/createUploadObservationsSlice.ts(75,43): error TS7006: Parameter 'increment' implicitly has an 'any' type.
src/stores/createUploadObservationsSlice.ts(81,31): error TS7006: Parameter 'list' implicitly has an 'any' type.
src/stores/createUploadObservationsSlice.ts(82,12): error TS7006: Parameter 'current' implicitly has an 'any' type.
src/stores/createUploadObservationsSlice.ts(82,5): error TS7006: Parameter 'count' implicitly has an 'any' type.
src/stores/createUploadObservationsSlice.ts(86,37): error TS7006: Parameter 'totalUploadProgress' implicitly has an 'any' type.
src/stores/createUploadObservationsSlice.ts(87,28): error TS7006: Parameter 'u' implicitly has an 'any' type.
src/stores/createUploadObservationsSlice.ts(90,41): error TS7006: Parameter 'uploads' implicitly has an 'any' type.
src/stores/createUploadObservationsSlice.ts(91,16): error TS7006: Parameter 'u' implicitly has an 'any' type.
src/stores/createUploadObservationsSlice.ts(94,35): error TS7006: Parameter 'totalToolbarIncrements' implicitly has an 'any' type.
src/stores/createUploadObservationsSlice.ts(94,59): error TS7006: Parameter 'totalUploadProgress' implicitly has an 'any' type.
src/uploaders/dataTransformation/prepareMediaForUpload.ts(13,50): error TS2345: Argument of type 'Evidence' is not assignable to parameter of type 'RealmPhoto'. Type 'RealmObservationPhoto' is not assignable to type 'RealmPhoto'. Types of property 'id' are incompatible. Type 'number | undefined' is not assignable to type 'number'. Type 'undefined' is not assignable to type 'number'.
src/uploaders/dataTransformation/prepareMediaForUpload.ts(2,30): error TS7016: Could not find a declaration file for module 'realmModels/ObservationSound'. 'src/realmModels/ObservationSound.js' implicitly has an 'any' type.
src/uploaders/dataTransformation/prepareMediaForUpload.ts(21,52): error TS2345: Argument of type 'Evidence' is not assignable to parameter of type 'RealmObservationPhoto'. Type 'RealmPhoto' is missing the following properties from type 'RealmObservationPhoto': needsSync, wasSynced, uuid, photo
src/uploaders/dataTransformation/prepareMediaForUpload.ts(36,46): error TS2345: Argument of type 'Evidence' is not assignable to parameter of type 'RealmObservationPhoto'. Type 'RealmPhoto' is not assignable to type 'RealmObservationPhoto'.
src/uploaders/dataTransformation/prepareObservationForUpload.ts(1,25): error TS7016: Could not find a declaration file for module 'realmModels/Observation'. 'src/realmModels/Observation.js' implicitly has an 'any' type.
src/uploaders/dataTransformation/prepareObservationForUpload.ts(11,7): error TS7053: Element implicitly has an 'any' type because expression of type 'string' can't be used to index type '{}'. No index signature with a parameter of type 'string' was found on type '{}'.
src/uploaders/mediaUploader.ts(1,40): error TS7016: Could not find a declaration file for module 'api/observations'. 'src/api/observations.js' implicitly has an 'any' type.
src/uploaders/mediaUploader.ts(105,33): error TS2339: Property 'uuid' does not exist on type 'Evidence'. Property 'uuid' does not exist on type 'RealmPhoto'.
src/uploaders/mediaUploader.ts(154,3): error TS2322: Type '(MediaApiResponse | null)[]' is not assignable to type 'MediaApiResponse[]'. Type 'MediaApiResponse | null' is not assignable to type 'MediaApiResponse'. Type 'null' is not assignable to type 'MediaApiResponse'.
src/uploaders/mediaUploader.ts(186,13): error TS18046: 'accessError' is of type 'unknown'.
src/uploaders/mediaUploader.ts(261,26): error TS2352: Conversion of type 'string' to type 'number' may be a mistake because neither type sufficiently overlaps with the other. If this was intentional, convert the expression to 'unknown' first.
src/uploaders/mediaUploader.ts(273,26): error TS2352: Conversion of type 'string' to type 'number' may be a mistake because neither type sufficiently overlaps with the other. If this was intentional, convert the expression to 'unknown' first.
src/uploaders/mediaUploader.ts(285,26): error TS2352: Conversion of type 'string' to type 'number' may be a mistake because neither type sufficiently overlaps with the other. If this was intentional, convert the expression to 'unknown' first.
src/uploaders/observationUploader.ts(122,45): error TS18046: 'error' is of type 'unknown'.
src/uploaders/observationUploader.ts(122,5): error TS18046: 'error' is of type 'unknown'.
src/uploaders/observationUploader.ts(152,5): error TS18046: 'error' is of type 'unknown'.
src/uploaders/observationUploader.ts(152,51): error TS18046: 'error' is of type 'unknown'.
src/uploaders/observationUploader.ts(179,49): error TS18046: 'error' is of type 'unknown'.
src/uploaders/observationUploader.ts(179,5): error TS18046: 'error' is of type 'unknown'.
src/uploaders/observationUploader.ts(195,46): error TS18046: 'error' is of type 'unknown'.
src/uploaders/observationUploader.ts(4,8): error TS7016: Could not find a declaration file for module 'api/observations'. 'src/api/observations.js' implicitly has an 'any' type.
src/uploaders/observationUploader.ts(9,21): error TS7016: Could not find a declaration file for module 'sharedHelpers/logger'. 'src/sharedHelpers/logger.js' implicitly has an 'any' type.
src/uploaders/utils/errorHandling.ts(31,18): error TS2339: Property 'recoveryBy' does not exist on type 'Error | INatApiError | RecoverableError'.
src/uploaders/utils/errorHandling.ts(33,21): error TS2339: Property 'json' does not exist on type 'Error | INatApiError | RecoverableError'. Property 'json' does not exist on type 'Error'.
src/uploaders/utils/errorHandling.ts(35,27): error TS2339: Property 'json' does not exist on type 'Error | INatApiError | RecoverableError'. Property 'json' does not exist on type 'Error'.
src/uploaders/utils/errorHandling.ts(35,44): error TS7006: Parameter 'e' implicitly has an 'any' type.
src/uploaders/utils/errorHandling.ts(48,27): error TS2339: Property 'recoveryPossible' does not exist on type 'Error | INatApiError | RecoverableError'. Property 'recoveryPossible' does not exist on type 'Error'.
src/uploaders/utils/realmSync.ts(110,7): error TS2345: Argument of type 'unknown' is not assignable to parameter of type 'Error'.
src/uploaders/utils/realmSync.ts(12,24): error TS2339: Property 'isClosed' does not exist on type 'object'.
src/uploaders/utils/realmSync.ts(19,29): error TS2339: Property 'objectForPrimaryKey' does not exist on type 'object'.
src/uploaders/utils/realmSync.ts(25,49): error TS7006: Parameter 'op' implicitly has an 'any' type.
src/uploaders/utils/realmSync.ts(27,49): error TS7006: Parameter 'os' implicitly has an 'any' type.
src/uploaders/utils/realmSync.ts(39,19): error TS2345: Argument of type 'object' is not assignable to parameter of type 'Realm'. Type '{}' is missing the following properties from type 'Realm': schemaExtras, classes, changeListeners, beforeNotifyListeners, and 27 more.
src/uploaders/utils/realmSync.ts(40,12): error TS2339: Property 'id' does not exist on type 'object'.
src/uploaders/utils/realmSync.ts(41,12): error TS2339: Property '_synced_at' does not exist on type 'object'.
src/uploaders/utils/realmSync.ts(43,14): error TS2339: Property 'needs_sync' does not exist on type 'object'.
src/uploaders/utils/realmSync.ts(94,24): error TS2339: Property 'isClosed' does not exist on type 'object'.
