// Jest Snapshot v1, https://goo.gl/fbAQLP

exports[`TaxonResult should render correctly 1`] = `
<View
  style={
    {
      "alignItems": "center",
      "borderBottomWidth": 1,
      "borderColor": "rgba(232, 232, 232, 1)",
      "flexDirection": "row",
      "justifyContent": "space-between",
      "paddingLeft": 16,
      "paddingRight": 16,
    }
  }
>
  <View
    accessibilityHint="Navigates to taxon details"
    accessibilityLabel="Birds (Aves)"
    accessibilityRole="link"
    accessibilityState={
      {
        "busy": undefined,
        "checked": undefined,
        "disabled": undefined,
        "expanded": undefined,
        "selected": undefined,
      }
    }
    accessibilityValue={
      {
        "max": undefined,
        "min": undefined,
        "now": undefined,
        "text": undefined,
      }
    }
    accessible={true}
    collapsable={false}
    focusable={true}
    onBlur={[Function]}
    onClick={[Function]}
    onFocus={[Function]}
    onResponderGrant={[Function]}
    onResponderMove={[Function]}
    onResponderRelease={[Function]}
    onResponderTerminate={[Function]}
    onResponderTerminationRequest={[Function]}
    onStartShouldSetResponder={[Function]}
    style={
      {
        "alignItems": "center",
        "flexDirection": "row",
        "flexShrink": 1,
        "paddingBottom": 12,
        "paddingTop": 12,
      }
    }
  >
    <View
      style={
        {
          "height": 62,
          "justifyContent": "center",
          "position": "relative",
          "width": 62,
        }
      }
    >
      <View
        style={
          {
            "alignItems": "center",
            "borderRadius": 12,
            "borderWidth": 2,
            "height": 62,
            "justifyContent": "center",
            "maxHeight": 210,
            "overflow": "hidden",
            "position": "relative",
            "width": 62,
          }
        }
        testID="undefined.photo"
      >
        <View
          style={
            {
              "aspectRatio": 1,
              "flexGrow": 1,
              "position": "relative",
            }
          }
        >
          <View
            style={
              {
                "height": "100%",
                "position": "absolute",
                "width": "100%",
              }
            }
          >
            <View
              style={
                {
                  "alignItems": "center",
                  "aspectRatio": 1,
                  "borderColor": "rgba(232, 232, 232, 1)",
                  "borderRadius": 12,
                  "borderWidth": 2,
                  "flexGrow": 1,
                  "flexShrink": 1,
                  "justifyContent": "center",
                }
              }
              testID="IconicTaxonName.iconicTaxonIcon"
            >
              <Text
                allowFontScaling={false}
                selectable={false}
                style={
                  [
                    {
                      "color": "#454545",
                      "fontSize": 22,
                    },
                    null,
                    {
                      "fontFamily": "INatIcon",
                      "fontStyle": "normal",
                      "fontWeight": "normal",
                    },
                    {},
                  ]
                }
              >
                
              </Text>
            </View>
          </View>
        </View>
      </View>
    </View>
    <View
      style={
        {
          "flexBasis": "0%",
          "flexGrow": 1,
          "flexShrink": 1,
          "marginLeft": 12,
        }
      }
    >
      <View
        style={
          {
            "display": "flex",
          }
        }
        testID="display-taxon-name.1"
      >
        <Text
          ellipsizeMode="tail"
          maxFontSizeMultiplier={1.5}
          numberOfLines={3}
          style={
            {
              "color": "rgba(69, 69, 69, 1)",
              "fontFamily": "Lato-Medium",
              "fontSize": 17,
              "lineHeight": 20.399999618530273,
              "textAlign": "left",
            }
          }
        >
          Birds
        </Text>
        <Text
          maxFontSizeMultiplier={2}
          style={
            {
              "color": "rgba(69, 69, 69, 1)",
              "fontFamily": "Lato-Medium",
              "fontSize": 13,
              "lineHeight": 18,
              "marginTop": 3,
              "textAlign": "left",
            }
          }
        >
          Family
           
          <Text
            maxFontSizeMultiplier={1.5}
            style={
              {
                "color": "rgba(69, 69, 69, 1)",
                "fontFamily": "Lato-Medium",
                "fontSize": 13,
                "fontWeight": "300",
                "lineHeight": 18,
                "textAlign": "left",
              }
            }
          >
            Aves
          </Text>
        </Text>
      </View>
    </View>
  </View>
  <View
    style={
      {
        "alignItems": "center",
        "flexDirection": "row",
      }
    }
  >
    <View
      accessibilityHint="Navigates to taxon details"
      accessibilityLabel="More info"
      accessibilityRole="button"
      accessibilityState={
        {
          "busy": undefined,
          "checked": undefined,
          "disabled": false,
          "expanded": undefined,
          "selected": undefined,
        }
      }
      accessibilityValue={
        {
          "max": undefined,
          "min": undefined,
          "now": undefined,
          "text": undefined,
        }
      }
      accessible={true}
      collapsable={false}
      focusable={true}
      onBlur={[Function]}
      onClick={[Function]}
      onFocus={[Function]}
      onResponderGrant={[Function]}
      onResponderMove={[Function]}
      onResponderRelease={[Function]}
      onResponderTerminate={[Function]}
      onResponderTerminationRequest={[Function]}
      onStartShouldSetResponder={[Function]}
      style={
        {
          "alignItems": "center",
          "height": 44,
          "justifyContent": "center",
          "width": 44,
        }
      }
    >
      <View
        style={
          {
            "left": 0.20000000298023224,
            "position": "relative",
            "top": 0.10000000149011612,
          }
        }
      >
        <Text
          allowFontScaling={false}
          selectable={false}
          style={
            [
              {
                "color": "#454545",
                "fontSize": 22,
              },
              null,
              {
                "fontFamily": "INatIcon",
                "fontStyle": "normal",
                "fontWeight": "normal",
              },
              {},
            ]
          }
        >
          
        </Text>
      </View>
    </View>
    <View
      accessibilityLabel="this is the taxon"
      accessibilityRole="button"
      accessibilityState={
        {
          "busy": undefined,
          "checked": undefined,
          "disabled": false,
          "expanded": undefined,
          "selected": undefined,
        }
      }
      accessibilityValue={
        {
          "max": undefined,
          "min": undefined,
          "now": undefined,
          "text": undefined,
        }
      }
      accessible={true}
      collapsable={false}
      focusable={true}
      onBlur={[Function]}
      onClick={[Function]}
      onFocus={[Function]}
      onResponderGrant={[Function]}
      onResponderMove={[Function]}
      onResponderRelease={[Function]}
      onResponderTerminate={[Function]}
      onResponderTerminationRequest={[Function]}
      onStartShouldSetResponder={[Function]}
      style={
        {
          "alignItems": "center",
          "height": 44,
          "justifyContent": "center",
          "marginLeft": 8,
          "width": 44,
        }
      }
      testID="undefined.checkmark"
    >
      <View
        style={
          {
            "left": 0.20000000298023224,
            "position": "relative",
            "top": 0.10000000149011612,
          }
        }
      >
        <Text
          allowFontScaling={false}
          selectable={false}
          style={
            [
              {
                "color": "#454545",
                "fontSize": 40,
              },
              null,
              {
                "fontFamily": "INatIcon",
                "fontStyle": "normal",
                "fontWeight": "normal",
              },
              {},
            ]
          }
        >
          
        </Text>
      </View>
    </View>
  </View>
</View>
`;
