// Jest Snapshot v1, https://goo.gl/fbAQLP

exports[`Body3 renders correctly 1`] = `
<Text
  maxFontSizeMultiplier={2}
  style={
    [
      {
        "color": "#454545",
      },
      {
        "fontFamily": "Lato-Regular",
      },
      [
        {
          "textAlign": "left",
        },
        [
          {
            "fontSize": 13,
            "lineHeight": 18,
          },
          {
            "fontFamily": "Lato-Medium",
          },
        ],
      ],
    ]
  }
>
  Body3
</Text>
`;
