// Jest Snapshot v1, https://goo.gl/fbAQLP

exports[`Body3 renders correctly 1`] = `
<Text
  style={
    Array [
      Object {
        "fontFamily": "Whitney-Light",
      },
      Array [
        Object {
          "fontSize": 14,
          "lineHeight": 18,
        },
        Object {
          "fontWeight": "400",
        },
        Object {
          "color": "#454545",
        },
      ],
    ]
  }
>
  Body3
</Text>
`;
