// Jest Snapshot v1, https://goo.gl/fbAQLP

exports[`Body4 renders correctly 1`] = `
<Text
  maxFontSizeMultiplier={2}
  style={
    {
      "color": "rgba(69, 69, 69, 1)",
      "fontFamily": "Lato-Regular",
      "fontSize": 11,
      "lineHeight": 13.199999809265137,
      "textAlign": "left",
    }
  }
>
  Body4
</Text>
`;
