// Jest Snapshot v1, https://goo.gl/fbAQLP

exports[`Body2 renders correctly 1`] = `
<Text
  maxFontSizeMultiplier={2}
  style={
    {
      "color": "rgba(69, 69, 69, 1)",
      "fontFamily": "Lato-Regular",
      "fontSize": 15,
      "lineHeight": 18,
      "textAlign": "left",
    }
  }
>
  Body2
</Text>
`;
