// Jest Snapshot v1, https://goo.gl/fbAQLP

exports[`Body3 renders correctly 1`] = `
<Text
  style={
    [
      {
        "fontSize": 13,
        "lineHeight": 18,
      },
      {
        "color": "#454545",
      },
      {
        "fontFamily": "Lato-Medium",
      },
    ]
  }
>
  Body3
</Text>
`;
