// Jest Snapshot v1, https://goo.gl/fbAQLP

exports[`Heading5 renders correctly 1`] = `
<Text
  style={
    Array [
      Object {
        "fontFamily": "Whitney-Medium",
      },
      Array [
        Object {
          "fontSize": 8,
          "lineHeight": 10,
        },
        Object {
          "fontWeight": "600",
        },
      ],
    ]
  }
>
  Heading5
</Text>
`;
