// Jest Snapshot v1, https://goo.gl/fbAQLP

exports[`Heading4 renders correctly 1`] = `
<Text
  maxFontSizeMultiplier={2}
  style={
    {
      "color": "rgba(69, 69, 69, 1)",
      "fontFamily": "Lato-Bold",
      "fontSize": 15,
      "letterSpacing": 2,
      "lineHeight": 18,
      "textAlign": "left",
    }
  }
>
  Heading4
</Text>
`;
