// Jest Snapshot v1, https://goo.gl/fbAQLP

exports[`Heading1 renders correctly 1`] = `
<Text
  style={
    [
      {
        "fontSize": 25,
        "lineHeight": 30,
      },
      {
        "letterSpacing": -0.25,
      },
      {
        "fontFamily": "Lato-Bold",
      },
    ]
  }
>
  Heading1
</Text>
`;
