// Jest Snapshot v1, https://goo.gl/fbAQLP

exports[`Heading5 renders correctly 1`] = `
<Text
  maxFontSizeMultiplier={2}
  style={
    [
      {
        "color": "#454545",
      },
      {
        "fontFamily": "Lato-Regular",
      },
      [
        {
          "textAlign": "left",
        },
        [
          {
            "fontSize": 8,
            "lineHeight": 9.6,
          },
          {
            "letterSpacing": 0.65,
          },
          {
            "fontFamily": "Lato-Bold",
          },
        ],
      ],
    ]
  }
>
  Heading5
</Text>
`;
