// Jest Snapshot v1, https://goo.gl/fbAQLP

exports[`Heading2 renders correctly 1`] = `
<Text
  style={
    [
      {
        "fontSize": 21,
        "lineHeight": 25.2,
      },
      {
        "color": "#454545",
      },
      {
        "fontFamily": "Lato-Bold",
      },
    ]
  }
>
  Heading2
</Text>
`;
