// Jest Snapshot v1, https://goo.gl/fbAQLP

exports[`Heading2 renders correctly 1`] = `
<Text
  maxFontSizeMultiplier={2}
  style={
    {
      "color": "rgba(69, 69, 69, 1)",
      "fontFamily": "Lato-Bold",
      "fontSize": 21,
      "lineHeight": 25.200000762939453,
      "textAlign": "left",
    }
  }
>
  Heading2
</Text>
`;
