// Jest Snapshot v1, https://goo.gl/fbAQLP

exports[`Heading3 renders correctly 1`] = `
<Text
  style={
    [
      {
        "fontSize": 19,
        "lineHeight": 23,
      },
      {
        "fontWeight": "600",
      },
      {
        "color": "#454545",
      },
      {
        "fontFamily": "Lato-Bold",
      },
    ]
  }
>
  Heading3
</Text>
`;
