// Jest Snapshot v1, https://goo.gl/fbAQLP

exports[`Heading2 renders correctly 1`] = `
<Text
  style={
    [
      {
        "fontFamily": "Whitney-Book",
      },
      [
        [
          {
            "fontSize": 22,
            "lineHeight": 26,
          },
          {
            "fontWeight": "600",
          },
          {
            "color": "#454545",
          },
        ],
      ],
    ]
  }
>
  Heading2
</Text>
`;
