// Jest Snapshot v1, https://goo.gl/fbAQLP

exports[`List1 renders correctly 1`] = `
<Text
  style={
    [
      {
        "fontFamily": "Whitney-Medium",
      },
      [
        [
          {
            "fontSize": 18,
            "lineHeight": 22,
          },
          {
            "fontWeight": "500",
          },
          {
            "color": "#454545",
          },
        ],
      ],
    ]
  }
>
  List1
</Text>
`;
