// Jest Snapshot v1, https://goo.gl/fbAQLP

exports[`List2 renders correctly 1`] = `
<Text
  style={
    [
      {
        "fontSize": 14,
        "lineHeight": 16.8,
      },
      {
        "color": "#454545",
      },
      {
        "fontFamily": "Lato-Regular",
      },
    ]
  }
>
  List2
</Text>
`;
