// Jest Snapshot v1, https://goo.gl/fbAQLP

exports[`Subheading1 renders correctly 1`] = `
<Text
  maxFontSizeMultiplier={2}
  style={
    {
      "color": "rgba(69, 69, 69, 1)",
      "fontFamily": "Lato-Regular",
      "fontSize": 20,
      "lineHeight": 24,
      "textAlign": "left",
    }
  }
>
  Subheading1
</Text>
`;
