// Jest Snapshot v1, https://goo.gl/fbAQLP

exports[`Subheading1 renders correctly 1`] = `
<Text
  style={
    [
      {
        "fontFamily": "Whitney-Book",
      },
      [
        {
          "fontSize": 21,
          "lineHeight": 25,
        },
        {
          "color": "#454545",
        },
      ],
    ]
  }
>
  Subheading1
</Text>
`;
