// Jest Snapshot v1, https://goo.gl/fbAQLP

exports[`ActivityCount renders reliably 1`] = `
<View
  accessibilityLabel="1"
  accessible={true}
  style={
    Array [
      Array [
        Object {
          "flexDirection": "row",
        },
        Object {
          "alignItems": "center",
        },
      ],
    ]
  }
>
  <Text
    allowFontScaling={false}
    selectable={false}
    style={
      Array [
        Object {
          "color": "rgba(103, 80, 164, 1)",
          "fontSize": 14,
        },
        undefined,
        Object {
          "fontFamily": "inaturalisticons",
          "fontStyle": "normal",
          "fontWeight": "normal",
        },
        Object {},
      ]
    }
  >
    
  </Text>
  <Text
    style={
      Array [
        Object {
          "fontFamily": "Whitney-Light",
        },
        Array [
          Object {
            "fontSize": 14,
            "lineHeight": 18,
          },
          Object {
            "fontWeight": "400",
          },
          Object {
            "color": "#454545",
          },
          Array [
            Object {
              "marginLeft": 6,
            },
          ],
        ],
      ]
    }
    testID="some_id"
  >
    1
  </Text>
</View>
`;
