// Jest Snapshot v1, https://goo.gl/fbAQLP

exports[`Tabs should render correctly 1`] = `
[
  <View
    accessibilityRole="tablist"
    style={
      {
        "display": "flex",
        "flexDirection": "row",
      }
    }
  >
    <View
      style={
        {
          "flexBasis": "0%",
          "flexGrow": 1,
          "flexShrink": 1,
        }
      }
    >
      <View
        accessibilityHint="Switches to TAB_1 tab."
        accessibilityLabel="TAB_1"
        accessibilityRole="tab"
        accessibilityState={
          {
            "busy": undefined,
            "checked": undefined,
            "disabled": undefined,
            "expanded": true,
            "selected": true,
          }
        }
        accessibilityValue={
          {
            "max": undefined,
            "min": undefined,
            "now": undefined,
            "text": undefined,
          }
        }
        accessible={true}
        collapsable={false}
        focusable={true}
        onClick={[Function]}
        onResponderGrant={[Function]}
        onResponderMove={[Function]}
        onResponderRelease={[Function]}
        onResponderTerminate={[Function]}
        onResponderTerminationRequest={[Function]}
        onStartShouldSetResponder={[Function]}
        style={
          {
            "opacity": 1,
          }
        }
        testID="TAB_1-tab"
      >
        <Text
          maxFontSizeMultiplier={1.5}
          numberOfLines={1}
          style={
            {
              "alignSelf": "center",
              "color": "rgba(69, 69, 69, 1)",
              "fontFamily": "Lato-Bold",
              "fontSize": 15,
              "letterSpacing": 2,
              "lineHeight": 18,
              "paddingBottom": 12,
              "paddingTop": 16,
              "textAlign": "left",
            }
          }
        >
          TAB_1
        </Text>
        <View
          style={
            {
              "backgroundColor": "#454545",
              "borderTopLeftRadius": 7,
              "borderTopRightRadius": 7,
              "height": 4,
            }
          }
        />
      </View>
    </View>
    <View
      style={
        {
          "flexBasis": "0%",
          "flexGrow": 1,
          "flexShrink": 1,
        }
      }
    >
      <View
        accessibilityHint="Switches to TAB_2 tab."
        accessibilityLabel="TAB_2"
        accessibilityRole="tab"
        accessibilityState={
          {
            "busy": undefined,
            "checked": undefined,
            "disabled": undefined,
            "expanded": false,
            "selected": false,
          }
        }
        accessibilityValue={
          {
            "max": undefined,
            "min": undefined,
            "now": undefined,
            "text": undefined,
          }
        }
        accessible={true}
        collapsable={false}
        focusable={true}
        onClick={[Function]}
        onResponderGrant={[Function]}
        onResponderMove={[Function]}
        onResponderRelease={[Function]}
        onResponderTerminate={[Function]}
        onResponderTerminationRequest={[Function]}
        onStartShouldSetResponder={[Function]}
        style={
          {
            "opacity": 1,
          }
        }
        testID="TAB_2-tab"
      >
        <Text
          maxFontSizeMultiplier={1.5}
          numberOfLines={1}
          style={
            {
              "alignSelf": "center",
              "color": "rgba(69, 69, 69, 1)",
              "fontFamily": "Lato-Bold",
              "fontSize": 15,
              "letterSpacing": 2,
              "lineHeight": 18,
              "paddingBottom": 12,
              "paddingTop": 16,
              "textAlign": "left",
            }
          }
        >
          TAB_2
        </Text>
      </View>
    </View>
  </View>,
  <View
    style={
      {
        "backgroundColor": "rgba(232, 232, 232, 1)",
        "height": 1,
      }
    }
  />,
]
`;
